Component: ARM Compiler 5.06 update 4 (build 422) Tool: armlink [4d35d2]

==============================================================================

Section Cross References

    system_stm32f4xx.o(i.SystemCoreClockUpdate) refers to system_stm32f4xx.o(.data) for .data
    system_stm32f4xx.o(i.SystemCoreClockUpdate) refers to system_stm32f4xx.o(.constdata) for .constdata
    stm32f4xx_it.o(i.EXTI0_IRQHandler) refers to stm32f4xx_hal_gpio.o(i.HAL_GPIO_EXTI_IRQHandler) for HAL_GPIO_EXTI_IRQHandler
    stm32f4xx_it.o(i.EXTI15_10_IRQHandler) refers to stm32f4xx_hal_gpio.o(i.HAL_GPIO_EXTI_IRQHandler) for HAL_GPIO_EXTI_IRQHandler
    stm32f4xx_it.o(i.EXTI9_5_IRQHandler) refers to stm32f4xx_hal_gpio.o(i.HAL_GPIO_EXTI_IRQHandler) for HAL_GPIO_EXTI_IRQHandler
    stm32f4xx_it.o(i.FLASH_IRQHandler) refers to stm32f4xx_hal_flash.o(i.HAL_FLASH_IRQHandler) for HAL_FLASH_IRQHandler
    stm32f4xx_it.o(i.I2C1_ER_IRQHandler) refers to stm32f4xx_hal_i2c.o(i.HAL_I2C_ER_IRQHandler) for HAL_I2C_ER_IRQHandler
    stm32f4xx_it.o(i.I2C1_ER_IRQHandler) refers to i2c.o(.bss) for hi2c1
    stm32f4xx_it.o(i.I2C1_EV_IRQHandler) refers to stm32f4xx_hal_i2c.o(i.HAL_I2C_EV_IRQHandler) for HAL_I2C_EV_IRQHandler
    stm32f4xx_it.o(i.I2C1_EV_IRQHandler) refers to i2c.o(.bss) for hi2c1
    stm32f4xx_it.o(i.PVD_IRQHandler) refers to stm32f4xx_hal_pwr.o(i.HAL_PWR_PVD_IRQHandler) for HAL_PWR_PVD_IRQHandler
    stm32f4xx_it.o(i.SPI1_IRQHandler) refers to stm32f4xx_hal_spi.o(i.HAL_SPI_IRQHandler) for HAL_SPI_IRQHandler
    stm32f4xx_it.o(i.SPI1_IRQHandler) refers to spi.o(.bss) for hspi1
    stm32f4xx_it.o(i.SysTick_Handler) refers to stm32f4xx_hal.o(i.HAL_IncTick) for HAL_IncTick
    stm32f4xx_it.o(i.SysTick_Handler) refers to stm32f4xx_hal_cortex.o(i.HAL_SYSTICK_IRQHandler) for HAL_SYSTICK_IRQHandler
    stm32f4xx_it.o(i.TIM1_UP_TIM10_IRQHandler) refers to stm32f4xx_hal_tim.o(i.HAL_TIM_IRQHandler) for HAL_TIM_IRQHandler
    stm32f4xx_it.o(i.TIM1_UP_TIM10_IRQHandler) refers to tim.o(.bss) for htim1
    stm32f4xx_it.o(i.USART1_IRQHandler) refers to stm32f4xx_hal_uart.o(i.HAL_UART_IRQHandler) for HAL_UART_IRQHandler
    stm32f4xx_it.o(i.USART1_IRQHandler) refers to usart.o(.bss) for huart1
    stm32f4xx_it.o(i.USART2_IRQHandler) refers to stm32f4xx_hal_uart.o(i.HAL_UART_IRQHandler) for HAL_UART_IRQHandler
    stm32f4xx_it.o(i.USART2_IRQHandler) refers to usart.o(.bss) for huart2
    stm32f4xx_hal_msp.o(i.HAL_MspInit) refers to stm32f4xx_hal_cortex.o(i.HAL_NVIC_SetPriorityGrouping) for HAL_NVIC_SetPriorityGrouping
    stm32f4xx_hal_msp.o(i.HAL_MspInit) refers to stm32f4xx_hal_cortex.o(i.HAL_NVIC_SetPriority) for HAL_NVIC_SetPriority
    stm32f4xx_hal_msp.o(i.HAL_MspInit) refers to stm32f4xx_hal_cortex.o(i.HAL_NVIC_EnableIRQ) for HAL_NVIC_EnableIRQ
    gpio.o(i.MX_GPIO_Init) refers to stm32f4xx_hal_gpio.o(i.HAL_GPIO_WritePin) for HAL_GPIO_WritePin
    gpio.o(i.MX_GPIO_Init) refers to stm32f4xx_hal_gpio.o(i.HAL_GPIO_Init) for HAL_GPIO_Init
    gpio.o(i.MX_GPIO_Init) refers to stm32f4xx_hal_cortex.o(i.HAL_NVIC_SetPriority) for HAL_NVIC_SetPriority
    gpio.o(i.MX_GPIO_Init) refers to stm32f4xx_hal_cortex.o(i.HAL_NVIC_EnableIRQ) for HAL_NVIC_EnableIRQ
    usart.o(i.HAL_UART_MspDeInit) refers to stm32f4xx_hal_gpio.o(i.HAL_GPIO_DeInit) for HAL_GPIO_DeInit
    usart.o(i.HAL_UART_MspDeInit) refers to stm32f4xx_hal_cortex.o(i.HAL_NVIC_DisableIRQ) for HAL_NVIC_DisableIRQ
    usart.o(i.HAL_UART_MspInit) refers to stm32f4xx_hal_gpio.o(i.HAL_GPIO_Init) for HAL_GPIO_Init
    usart.o(i.HAL_UART_MspInit) refers to stm32f4xx_hal_cortex.o(i.HAL_NVIC_SetPriority) for HAL_NVIC_SetPriority
    usart.o(i.HAL_UART_MspInit) refers to stm32f4xx_hal_cortex.o(i.HAL_NVIC_EnableIRQ) for HAL_NVIC_EnableIRQ
    usart.o(i.MX_USART1_UART_Init) refers to stm32f4xx_hal_uart.o(i.HAL_UART_Init) for HAL_UART_Init
    usart.o(i.MX_USART1_UART_Init) refers to main.o(i.Error_Handler) for Error_Handler
    usart.o(i.MX_USART1_UART_Init) refers to usart.o(.bss) for .bss
    usart.o(i.MX_USART2_UART_Init) refers to stm32f4xx_hal_uart.o(i.HAL_UART_Init) for HAL_UART_Init
    usart.o(i.MX_USART2_UART_Init) refers to main.o(i.Error_Handler) for Error_Handler
    usart.o(i.MX_USART2_UART_Init) refers to usart.o(.bss) for .bss
    i2c.o(i.HAL_I2C_MspDeInit) refers to stm32f4xx_hal_gpio.o(i.HAL_GPIO_DeInit) for HAL_GPIO_DeInit
    i2c.o(i.HAL_I2C_MspDeInit) refers to stm32f4xx_hal_cortex.o(i.HAL_NVIC_DisableIRQ) for HAL_NVIC_DisableIRQ
    i2c.o(i.HAL_I2C_MspInit) refers to stm32f4xx_hal_gpio.o(i.HAL_GPIO_Init) for HAL_GPIO_Init
    i2c.o(i.HAL_I2C_MspInit) refers to stm32f4xx_hal_cortex.o(i.HAL_NVIC_SetPriority) for HAL_NVIC_SetPriority
    i2c.o(i.HAL_I2C_MspInit) refers to stm32f4xx_hal_cortex.o(i.HAL_NVIC_EnableIRQ) for HAL_NVIC_EnableIRQ
    i2c.o(i.MX_I2C1_Init) refers to stm32f4xx_hal_i2c.o(i.HAL_I2C_Init) for HAL_I2C_Init
    i2c.o(i.MX_I2C1_Init) refers to main.o(i.Error_Handler) for Error_Handler
    i2c.o(i.MX_I2C1_Init) refers to i2c.o(.bss) for .bss
[...]
    ..\Drivers\STM32F4xx_HAL_Driver\Src\stm32f4xx_hal_spi.c 0x00000000   Number         0  stm32f4xx_hal_spi.o ABSOLUTE
    ..\Drivers\STM32F4xx_HAL_Driver\Src\stm32f4xx_hal_tim.c 0x00000000   Number         0  stm32f4xx_hal_tim.o ABSOLUTE
    ..\Drivers\STM32F4xx_HAL_Driver\Src\stm32f4xx_hal_tim_ex.c 0x00000000   Number         0  stm32f4xx_hal_tim_ex.o ABSOLUTE
    ..\Drivers\STM32F4xx_HAL_Driver\Src\stm32f4xx_hal_uart.c 0x00000000   Number         0  stm32f4xx_hal_uart.o ABSOLUTE
    ..\Src\Buffer.cpp                        0x00000000   Number         0  buffer.o ABSOLUTE
    ..\Src\Joystic.cpp                       0x00000000   Number         0  joystic.o ABSOLUTE
    ..\Src\Robot.cpp                         0x00000000   Number         0  robot.o ABSOLUTE
    ..\Src\USB.cpp                           0x00000000   Number         0  usb.o ABSOLUTE
    ..\Src\gpio.c                            0x00000000   Number         0  gpio.o ABSOLUTE
    ..\Src\i2c.c                             0x00000000   Number         0  i2c.o ABSOLUTE
    ..\Src\main.cpp                          0x00000000   Number         0  main.o ABSOLUTE
    ..\Src\nrf24l01.cpp                      0x00000000   Number         0  nrf24l01.o ABSOLUTE
    ..\Src\spi.c                             0x00000000   Number         0  spi.o ABSOLUTE
    ..\Src\stm32f4xx_hal_msp.c               0x00000000   Number         0  stm32f4xx_hal_msp.o ABSOLUTE
    ..\Src\stm32f4xx_it.c                    0x00000000   Number         0  stm32f4xx_it.o ABSOLUTE
    ..\Src\system_stm32f4xx.c                0x00000000   Number         0  system_stm32f4xx.o ABSOLUTE
    ..\Src\tim.c                             0x00000000   Number         0  tim.o ABSOLUTE
    ..\Src\usart.c                           0x00000000   Number         0  usart.o ABSOLUTE
    ..\\Src\\Buffer.cpp                      0x00000000   Number         0  buffer.o ABSOLUTE
    ..\\Src\\Joystic.cpp                     0x00000000   Number         0  joystic.o ABSOLUTE
    ..\\Src\\Robot.cpp                       0x00000000   Number         0  robot.o ABSOLUTE
    ..\\Src\\USB.cpp                         0x00000000   Number         0  usb.o ABSOLUTE
    ..\\Src\\main.cpp                        0x00000000   Number         0  main.o ABSOLUTE
    ..\\Src\\nrf24l01.cpp                    0x00000000   Number         0  nrf24l01.o ABSOLUTE
    cdrcmple.s                               0x00000000   Number         0  cdrcmple.o ABSOLUTE
    dc.s                                     0x00000000   Number         0  dc.o ABSOLUTE
    handlers.s                               0x00000000   Number         0  handlers.o ABSOLUTE
    init.s                                   0x00000000   Number         0  init.o ABSOLUTE
    startup_stm32f407xx.s                    0x00000000   Number         0  startup_stm32f407xx.o ABSOLUTE
    RESET                                    0x08000000   Section      392  startup_stm32f407xx.o(RESET)
    .ARM.Collect$$$$00000000                 0x08000188   Section        0  entry.o(.ARM.Collect$$$$00000000)
    .ARM.Collect$$$$00000001                 0x08000188   Section        4  entry2.o(.ARM.Collect$$$$00000001)
    .ARM.Collect$$$$00000004                 0x0800018c   Section        4  entry5.o(.ARM.Collect$$$$00000004)
    .ARM.Collect$$$$00000008                 0x08000190   Section        0  entry7b.o(.ARM.Collect$$$$00000008)
    .ARM.Collect$$$$0000000A                 0x08000190   Section        0  entry8b.o(.ARM.Collect$$$$0000000A)
    .ARM.Collect$$$$0000000B                 0x08000190   Section        8  entry9a.o(.ARM.Collect$$$$0000000B)
    .ARM.Collect$$$$0000000D                 0x08000198   Section        0  entry10a.o(.ARM.Collect$$$$0000000D)
    .ARM.Collect$$$$0000000F                 0x08000198   Section        0  entry11a.o(.ARM.Collect$$$$0000000F)
    .ARM.Collect$$$$00002712                 0x08000198   Section        4  entry2.o(.ARM.Collect$$$$00002712)
    __lit__00000000                          0x08000198   Data           4  entry2.o(.ARM.Collect$$$$00002712)
    .text                                    0x0800019c   Section       36  startup_stm32f407xx.o(.text)
    $v0                                      0x0800019c   Number         0  startup_stm32f407xx.o(.text)
    .text                                    0x080001c0   Section        0  memseta.o(.text)
    .text                                    0x080001e4   Section        0  uidiv.o(.text)
    .text                                    0x08000210   Section       36  init.o(.text)
    i.BusFault_Handler                       0x08000234   Section        0  stm32f4xx_it.o(i.BusFault_Handler)
    i.DebugMon_Handler                       0x08000236   Section        0  stm32f4xx_it.o(i.DebugMon_Handler)
    i.EXTI0_IRQHandler                       0x08000238   Section        0  stm32f4xx_it.o(i.EXTI0_IRQHandler)
    i.EXTI15_10_IRQHandler                   0x0800023e   Section        0  stm32f4xx_it.o(i.EXTI15_10_IRQHandler)
    i.EXTI9_5_IRQHandler                     0x08000246   Section        0  stm32f4xx_it.o(i.EXTI9_5_IRQHandler)
    i.Error_Handler                          0x0800024e   Section        0  main.o(i.Error_Handler)
    i.FLASH_Erase_Sector                     0x08000250   Section        0  stm32f4xx_hal_flash_ex.o(i.FLASH_Erase_Sector)
    i.FLASH_FlushCaches                      0x080002a8   Section        0  stm32f4xx_hal_flash_ex.o(i.FLASH_FlushCaches)
    i.FLASH_IRQHandler                       0x080002fc   Section        0  stm32f4xx_it.o(i.FLASH_IRQHandler)
    i.FLASH_SetErrorCode                     0x08000300   Section        0  stm32f4xx_hal_flash.o(i.FLASH_SetErrorCode)
    FLASH_SetErrorCode                       0x08000301   Thumb Code   116  stm32f4xx_hal_flash.o(i.FLASH_SetErrorCode)
    i.FPU_IRQHandler                         0x0800037c   Section        0  stm32f4xx_it.o(i.FPU_IRQHandler)
    i.HAL_DMA_Abort_IT                       0x0800037e   Section        0  stm32f4xx_hal_dma.o(i.HAL_DMA_Abort_IT)
    i.HAL_Delay                              0x080003a2   Section        0  stm32f4xx_hal.o(i.HAL_Delay)
    i.HAL_FLASH_EndOfOperationCallback       0x080003b8   Section        0  stm32f4xx_hal_flash.o(i.HAL_FLASH_EndOfOperationCallback)
    i.HAL_FLASH_IRQHandler                   0x080003bc   Section        0  stm32f4xx_hal_flash.o(i.HAL_FLASH_IRQHandler)
    i.HAL_FLASH_OperationErrorCallback       0x08000488   Section        0  stm32f4xx_hal_flash.o(i.HAL_FLASH_OperationErrorCallback)
    i.HAL_GPIO_EXTI_Callback                 0x0800048a   Section        0  stm32f4xx_hal_gpio.o(i.HAL_GPIO_EXTI_Callback)
    i.HAL_GPIO_EXTI_IRQHandler               0x0800048c   Section        0  stm32f4xx_hal_gpio.o(i.HAL_GPIO_EXTI_IRQHandler)
    i.HAL_GPIO_Init                          0x080004a4   Section        0  stm32f4xx_hal_gpio.o(i.HAL_GPIO_Init)
    i.HAL_GPIO_WritePin                      0x08000654   Section        0  stm32f4xx_hal_gpio.o(i.HAL_GPIO_WritePin)
    i.HAL_GetTick                            0x08000660   Section        0  stm32f4xx_hal.o(i.HAL_GetTick)
    i.HAL_I2C_AbortCpltCallback              0x0800066c   Section        0  stm32f4xx_hal_i2c.o(i.HAL_I2C_AbortCpltCallback)
    i.HAL_I2C_AddrCallback                   0x0800066e   Section        0  stm32f4xx_hal_i2c.o(i.HAL_I2C_AddrCallback)
    i.HAL_I2C_ER_IRQHandler                  0x08000670   Section        0  stm32f4xx_hal_i2c.o(i.HAL_I2C_ER_IRQHandler)
    i.HAL_I2C_EV_IRQHandler                  0x08000734   Section        0  stm32f4xx_hal_i2c.o(i.HAL_I2C_EV_IRQHandler)
    i.HAL_I2C_ErrorCallback                  0x08000924   Section        0  stm32f4xx_hal_i2c.o(i.HAL_I2C_ErrorCallback)
    i.HAL_I2C_Init                           0x08000928   Section        0  stm32f4xx_hal_i2c.o(i.HAL_I2C_Init)
    i.HAL_I2C_ListenCpltCallback             0x08000a30   Section        0  stm32f4xx_hal_i2c.o(i.HAL_I2C_ListenCpltCallback)
    i.HAL_I2C_MasterRxCpltCallback           0x08000a32   Section        0  stm32f4xx_hal_i2c.o(i.HAL_I2C_MasterRxCpltCallback)
    i.HAL_I2C_MasterTxCpltCallback           0x08000a34   Section        0  stm32f4xx_hal_i2c.o(i.HAL_I2C_MasterTxCpltCallback)
    i.HAL_I2C_MemRxCpltCallback              0x08000a36   Section        0  stm32f4xx_hal_i2c.o(i.HAL_I2C_MemRxCpltCallback)
    i.HAL_I2C_MemTxCpltCallback              0x08000a38   Section        0  stm32f4xx_hal_i2c.o(i.HAL_I2C_MemTxCpltCallback)
    i.HAL_I2C_MspInit                        0x08000a3c   Section        0  i2c.o(i.HAL_I2C_MspInit)
    i.HAL_I2C_SlaveRxCpltCallback            0x08000aa8   Section        0  stm32f4xx_hal_i2c.o(i.HAL_I2C_SlaveRxCpltCallback)
    i.HAL_I2C_SlaveTxCpltCallback            0x08000aaa   Section        0  stm32f4xx_hal_i2c.o(i.HAL_I2C_SlaveTxCpltCallback)
    i.HAL_IncTick                            0x08000aac   Section        0  stm32f4xx_hal.o(i.HAL_IncTick)
    i.HAL_Init                               0x08000abc   Section        0  stm32f4xx_hal.o(i.HAL_Init)
    i.HAL_InitTick                           0x08000af0   Section        0  stm32f4xx_hal.o(i.HAL_InitTick)
    i.HAL_MspInit                            0x08000b18   Section        0  stm32f4xx_hal_msp.o(i.HAL_MspInit)
    i.HAL_NVIC_EnableIRQ                     0x08000bb0   Section        0  stm32f4xx_hal_cortex.o(i.HAL_NVIC_EnableIRQ)
    i.HAL_NVIC_SetPriority                   0x08000bc8   Section        0  stm32f4xx_hal_cortex.o(i.HAL_NVIC_SetPriority)
    i.HAL_NVIC_SetPriorityGrouping           0x08000c08   Section        0  stm32f4xx_hal_cortex.o(i.HAL_NVIC_SetPriorityGrouping)
    i.HAL_PWR_PVDCallback                    0x08000c2c   Section        0  stm32f4xx_hal_pwr.o(i.HAL_PWR_PVDCallback)
    i.HAL_PWR_PVD_IRQHandler                 0x08000c30   Section        0  stm32f4xx_hal_pwr.o(i.HAL_PWR_PVD_IRQHandler)
    i.HAL_RCC_ClockConfig                    0x08000c4c   Section        0  stm32f4xx_hal_rcc.o(i.HAL_RCC_ClockConfig)
    i.HAL_RCC_GetHCLKFreq                    0x08000dc8   Section        0  stm32f4xx_hal_rcc.o(i.HAL_RCC_GetHCLKFreq)
    i.HAL_RCC_GetPCLK1Freq                   0x08000dd4   Section        0  stm32f4xx_hal_rcc.o(i.HAL_RCC_GetPCLK1Freq)
    i.HAL_RCC_GetPCLK2Freq                   0x08000e04   Section        0  stm32f4xx_hal_rcc.o(i.HAL_RCC_GetPCLK2Freq)
    i.HAL_RCC_GetSysClockFreq                0x08000e34   Section        0  stm32f4xx_hal_rcc.o(i.HAL_RCC_GetSysClockFreq)
    i.HAL_RCC_OscConfig                      0x08000ea4   Section        0  stm32f4xx_hal_rcc.o(i.HAL_RCC_OscConfig)
    i.HAL_SPI_ErrorCallback                  0x080011b8   Section        0  stm32f4xx_hal_spi.o(i.HAL_SPI_ErrorCallback)
    i.HAL_SPI_IRQHandler                     0x080011bc   Section        0  stm32f4xx_hal_spi.o(i.HAL_SPI_IRQHandler)
    i.HAL_SPI_Init                           0x08001290   Section        0  stm32f4xx_hal_spi.o(i.HAL_SPI_Init)
    i.HAL_SPI_MspInit                        0x08001310   Section        0  spi.o(i.HAL_SPI_MspInit)
    i.HAL_SPI_TransmitReceive                0x0800136c   Section        0  stm32f4xx_hal_spi.o(i.HAL_SPI_TransmitReceive)
    i.HAL_SYSTICK_CLKSourceConfig            0x08001544   Section        0  stm32f4xx_hal_cortex.o(i.HAL_SYSTICK_CLKSourceConfig)
    i.HAL_SYSTICK_Callback                   0x0800155c   Section        0  stm32f4xx_hal_cortex.o(i.HAL_SYSTICK_Callback)
    i.HAL_SYSTICK_Config                     0x0800155e   Section        0  stm32f4xx_hal_cortex.o(i.HAL_SYSTICK_Config)
    i.HAL_SYSTICK_IRQHandler                 0x08001586   Section        0  stm32f4xx_hal_cortex.o(i.HAL_SYSTICK_IRQHandler)
    i.HAL_TIMEx_BreakCallback                0x0800158e   Section        0  stm32f4xx_hal_tim_ex.o(i.HAL_TIMEx_BreakCallback)
    i.HAL_TIMEx_CommutationCallback          0x08001590   Section        0  stm32f4xx_hal_tim_ex.o(i.HAL_TIMEx_CommutationCallback)
    i.HAL_TIMEx_MasterConfigSynchronization  0x08001592   Section        0  stm32f4xx_hal_tim_ex.o(i.HAL_TIMEx_MasterConfigSynchronization)
    i.HAL_TIM_Base_Init                      0x080015e2   Section        0  stm32f4xx_hal_tim.o(i.HAL_TIM_Base_Init)
    i.HAL_TIM_Base_MspInit                   0x08001618   Section        0  tim.o(i.HAL_TIM_Base_MspInit)
    i.HAL_TIM_Base_Start_IT                  0x08001654   Section        0  stm32f4xx_hal_tim.o(i.HAL_TIM_Base_Start_IT)
    i.HAL_TIM_ConfigClockSource              0x0800166c   Section        0  stm32f4xx_hal_tim.o(i.HAL_TIM_ConfigClockSource)
    i.HAL_TIM_IC_CaptureCallback             0x0800175e   Section        0  stm32f4xx_hal_tim.o(i.HAL_TIM_IC_CaptureCallback)
    i.HAL_TIM_IRQHandler                     0x08001760   Section        0  stm32f4xx_hal_tim.o(i.HAL_TIM_IRQHandler)
    i.HAL_TIM_OC_DelayElapsedCallback        0x080018c6   Section        0  stm32f4xx_hal_tim.o(i.HAL_TIM_OC_DelayElapsedCallback)
    i.HAL_TIM_PWM_PulseFinishedCallback      0x080018c8   Section        0  stm32f4xx_hal_tim.o(i.HAL_TIM_PWM_PulseFinishedCallback)
    i.HAL_TIM_PeriodElapsedCallback          0x080018cc   Section        0  main.o(i.HAL_TIM_PeriodElapsedCallback)
    i.HAL_TIM_TriggerCallback                0x080018ec   Section        0  stm32f4xx_hal_tim.o(i.HAL_TIM_TriggerCallback)
    i.HAL_UART_ErrorCallback                 0x080018ee   Section        0  stm32f4xx_hal_uart.o(i.HAL_UART_ErrorCallback)
    i.HAL_UART_IRQHandler                    0x080018f0   Section        0  stm32f4xx_hal_uart.o(i.HAL_UART_IRQHandler)
    i.HAL_UART_Init                          0x08001a00   Section        0  stm32f4xx_hal_uart.o(i.HAL_UART_Init)
    i.HAL_UART_MspInit                       0x08001a64   Section        0  usart.o(i.HAL_UART_MspInit)
    i.HAL_UART_Receive_IT                    0x08001af0   Section        0  stm32f4xx_hal_uart.o(i.HAL_UART_Receive_IT)
    i.HAL_UART_RxCpltCallback                0x08001b38   Section        0  main.o(i.HAL_UART_RxCpltCallback)
    i.HAL_UART_Transmit_IT                   0x08001b44   Section        0  stm32f4xx_hal_uart.o(i.HAL_UART_Transmit_IT)
    i.HAL_UART_TxCpltCallback                0x08001b84   Section        0  main.o(i.HAL_UART_TxCpltCallback)
    i.HardFault_Handler                      0x08001b90   Section        0  stm32f4xx_it.o(i.HardFault_Handler)
    i.I2C1_ER_IRQHandler                     0x08001b94   Section        0  stm32f4xx_it.o(i.I2C1_ER_IRQHandler)
    i.I2C1_EV_IRQHandler                     0x08001ba0   Section        0  stm32f4xx_it.o(i.I2C1_EV_IRQHandler)
    i.I2C_DMAAbort                           0x08001bac   Section        0  stm32f4xx_hal_i2c.o(i.I2C_DMAAbort)
    I2C_DMAAbort                             0x08001bad   Thumb Code    78  stm32f4xx_hal_i2c.o(i.I2C_DMAAbort)
    i.I2C_ITError                            0x08001bfc   Section        0  stm32f4xx_hal_i2c.o(i.I2C_ITError)
    I2C_ITError                              0x08001bfd   Thumb Code   284  stm32f4xx_hal_i2c.o(i.I2C_ITError)
    i.I2C_MasterReceive_BTF                  0x08001d20   Section        0  stm32f4xx_hal_i2c.o(i.I2C_MasterReceive_BTF)
    I2C_MasterReceive_BTF                    0x08001d21   Thumb Code   190  stm32f4xx_hal_i2c.o(i.I2C_MasterReceive_BTF)
    i.I2C_MasterReceive_RXNE                 0x08001de4   Section        0  stm32f4xx_hal_i2c.o(i.I2C_MasterReceive_RXNE)
    I2C_MasterReceive_RXNE                   0x08001de5   Thumb Code   182  stm32f4xx_hal_i2c.o(i.I2C_MasterReceive_RXNE)
    i.I2C_MasterTransmit_BTF                 0x08001e9a   Section        0  stm32f4xx_hal_i2c.o(i.I2C_MasterTransmit_BTF)
    I2C_MasterTransmit_BTF                   0x08001e9b   Thumb Code   128  stm32f4xx_hal_i2c.o(i.I2C_MasterTransmit_BTF)
    i.I2C_MasterTransmit_TXE                 0x08001f1c   Section        0  stm32f4xx_hal_i2c.o(i.I2C_MasterTransmit_TXE)
    I2C_MasterTransmit_TXE                   0x08001f1d   Thumb Code   264  stm32f4xx_hal_i2c.o(i.I2C_MasterTransmit_TXE)
    i.I2C_Master_ADDR                        0x08002024   Section        0  stm32f4xx_hal_i2c.o(i.I2C_Master_ADDR)
    I2C_Master_ADDR                          0x08002025   Thumb Code   244  stm32f4xx_hal_i2c.o(i.I2C_Master_ADDR)
    i.I2C_Master_SB                          0x08002118   Section        0  stm32f4xx_hal_i2c.o(i.I2C_Master_SB)
    I2C_Master_SB                            0x08002119   Thumb Code    90  stm32f4xx_hal_i2c.o(i.I2C_Master_SB)
    i.I2C_Slave_AF                           0x08002174   Section        0  stm32f4xx_hal_i2c.o(i.I2C_Slave_AF)
    I2C_Slave_AF                             0x08002175   Thumb Code   128  stm32f4xx_hal_i2c.o(i.I2C_Slave_AF)
    i.I2C_Slave_STOPF                        0x080021f8   Section        0  stm32f4xx_hal_i2c.o(i.I2C_Slave_STOPF)
    I2C_Slave_STOPF                          0x080021f9   Thumb Code   214  stm32f4xx_hal_i2c.o(i.I2C_Slave_STOPF)
    i.MX_GPIO_Init                           0x080022d4   Section        0  gpio.o(i.MX_GPIO_Init)
    i.MX_I2C1_Init                           0x08002490   Section        0  i2c.o(i.MX_I2C1_Init)
    i.MX_SPI1_Init                           0x080024d0   Section        0  spi.o(i.MX_SPI1_Init)
    i.MX_TIM1_Init                           0x08002518   Section        0  tim.o(i.MX_TIM1_Init)
    i.MX_USART1_UART_Init                    0x08002578   Section        0  usart.o(i.MX_USART1_UART_Init)
    i.MX_USART2_UART_Init                    0x080025b4   Section        0  usart.o(i.MX_USART2_UART_Init)
    i.MemManage_Handler                      0x080025f0   Section        0  stm32f4xx_it.o(i.MemManage_Handler)
    i.NMI_Handler                            0x080025f2   Section        0  stm32f4xx_it.o(i.NMI_Handler)
    i.NVIC_SetPriority                       0x080025f4   Section        0  stm32f4xx_hal_cortex.o(i.NVIC_SetPriority)
    NVIC_SetPriority                         0x080025f5   Thumb Code    32  stm32f4xx_hal_cortex.o(i.NVIC_SetPriority)
    i.PVD_IRQHandler                         0x08002614   Section        0  stm32f4xx_it.o(i.PVD_IRQHandler)
    i.PendSV_Handler                         0x08002618   Section        0  stm32f4xx_it.o(i.PendSV_Handler)
    i.RCC_IRQHandler                         0x0800261a   Section        0  stm32f4xx_it.o(i.RCC_IRQHandler)
    i.SPI1_IRQHandler                        0x0800261c   Section        0  stm32f4xx_it.o(i.SPI1_IRQHandler)
    i.SPI_CheckFlag_BSY                      0x08002628   Section        0  stm32f4xx_hal_spi.o(i.SPI_CheckFlag_BSY)
    SPI_CheckFlag_BSY                        0x08002629   Thumb Code    32  stm32f4xx_hal_spi.o(i.SPI_CheckFlag_BSY)
    i.SPI_DMAAbortOnError                    0x08002648   Section        0  stm32f4xx_hal_spi.o(i.SPI_DMAAbortOnError)
    SPI_DMAAbortOnError                      0x08002649   Thumb Code    16  stm32f4xx_hal_spi.o(i.SPI_DMAAbortOnError)
    i.SPI_WaitFlagStateUntilTimeout          0x08002658   Section        0  stm32f4xx_hal_spi.o(i.SPI_WaitFlagStateUntilTimeout)
    SPI_WaitFlagStateUntilTimeout            0x08002659   Thumb Code   150  stm32f4xx_hal_spi.o(i.SPI_WaitFlagStateUntilTimeout)
    i.SVC_Handler                            0x080026ee   Section        0  stm32f4xx_it.o(i.SVC_Handler)
    i.SysTick_Handler                        0x080026f0   Section        0  stm32f4xx_it.o(i.SysTick_Handler)
    i.SystemInit                             0x08002700   Section        0  system_stm32f4xx.o(i.SystemInit)
    i.TIM1_UP_TIM10_IRQHandler               0x08002754   Section        0  stm32f4xx_it.o(i.TIM1_UP_TIM10_IRQHandler)
    i.TIM_Base_SetConfig                     0x08002760   Section        0  stm32f4xx_hal_tim.o(i.TIM_Base_SetConfig)
    i.TIM_ETR_SetConfig                      0x08002820   Section        0  stm32f4xx_hal_tim.o(i.TIM_ETR_SetConfig)
    TIM_ETR_SetConfig                        0x08002821   Thumb Code    20  stm32f4xx_hal_tim.o(i.TIM_ETR_SetConfig)
    i.TIM_ITRx_SetConfig                     0x08002834   Section        0  stm32f4xx_hal_tim.o(i.TIM_ITRx_SetConfig)
    TIM_ITRx_SetConfig                       0x08002835   Thumb Code    16  stm32f4xx_hal_tim.o(i.TIM_ITRx_SetConfig)
    i.TIM_TI1_ConfigInputStage               0x08002844   Section        0  stm32f4xx_hal_tim.o(i.TIM_TI1_ConfigInputStage)
    TIM_TI1_ConfigInputStage                 0x08002845   Thumb Code    34  stm32f4xx_hal_tim.o(i.TIM_TI1_ConfigInputStage)
    i.TIM_TI2_ConfigInputStage               0x08002866   Section        0  stm32f4xx_hal_tim.o(i.TIM_TI2_ConfigInputStage)
    TIM_TI2_ConfigInputStage                 0x08002867   Thumb Code    36  stm32f4xx_hal_tim.o(i.TIM_TI2_ConfigInputStage)
    i.UART_DMAAbortOnError                   0x0800288a   Section        0  stm32f4xx_hal_uart.o(i.UART_DMAAbortOnError)
    UART_DMAAbortOnError                     0x0800288b   Thumb Code    16  stm32f4xx_hal_uart.o(i.UART_DMAAbortOnError)
    i.UART_EndRxTransfer                     0x0800289a   Section        0  stm32f4xx_hal_uart.o(i.UART_EndRxTransfer)
    UART_EndRxTransfer                       0x0800289b   Thumb Code    28  stm32f4xx_hal_uart.o(i.UART_EndRxTransfer)
    i.UART_Receive_IT                        0x080028b6   Section        0  stm32f4xx_hal_uart.o(i.UART_Receive_IT)
    UART_Receive_IT                          0x080028b7   Thumb Code   140  stm32f4xx_hal_uart.o(i.UART_Receive_IT)
    i.UART_SetConfig                         0x08002944   Section        0  stm32f4xx_hal_uart.o(i.UART_SetConfig)
    UART_SetConfig                           0x08002945   Thumb Code   676  stm32f4xx_hal_uart.o(i.UART_SetConfig)
    i.UART_Transmit_IT                       0x08002bf0   Section        0  stm32f4xx_hal_uart.o(i.UART_Transmit_IT)
    UART_Transmit_IT                         0x08002bf1   Thumb Code    98  stm32f4xx_hal_uart.o(i.UART_Transmit_IT)
    i.USART1_IRQHandler                      0x08002c54   Section        0  stm32f4xx_it.o(i.USART1_IRQHandler)
    i.USART2_IRQHandler                      0x08002c60   Section        0  stm32f4xx_it.o(i.USART2_IRQHandler)
    i.UsageFault_Handler                     0x08002c6c   Section        0  stm32f4xx_it.o(i.UsageFault_Handler)
    i._Z18SystemClock_Configv                0x08002c70   Section        0  main.o(i._Z18SystemClock_Configv)
    i._Z7NRFInitv                            0x08002d0c   Section        0  main.o(i._Z7NRFInitv)
    i._ZN3LED2onEv                           0x08002d58   Section        0  robot.o(i._ZN3LED2onEv)
    i._ZN3LED3offEv                          0x08002d64   Section        0  robot.o(i._ZN3LED3offEv)
    i._ZN3NRF10get_StatusEv                  0x08002d70   Section        0  nrf24l01.o(i._ZN3NRF10get_StatusEv)
    i._ZN3NRF10init_miladEcccPcccc           0x08002da2   Section        0  nrf24l01.o(i._ZN3NRF10init_miladEcccPcccc)
    i._ZN3NRF10readRegBufEcPci               0x08002e1c   Section        0  nrf24l01.o(i._ZN3NRF10readRegBufEcPci)
    i._ZN3NRF11read_RX_BufEPci               0x08002e66   Section        0  nrf24l01.o(i._ZN3NRF11read_RX_BufEPci)
    i._ZN3NRF11set_RX_PipeEcPcic             0x08002e70   Section        0  nrf24l01.o(i._ZN3NRF11set_RX_PipeEcPcic)
    i._ZN3NRF11writeRegBufEcPci              0x08002ebc   Section        0  nrf24l01.o(i._ZN3NRF11writeRegBufEcPci)
    i._ZN3NRF12write_TX_BufEPci              0x08002f06   Section        0  nrf24l01.o(i._ZN3NRF12write_TX_BufEPci)
    i._ZN3NRF14set_ShockBurstEc              0x08002f10   Section        0  nrf24l01.o(i._ZN3NRF14set_ShockBurstEc)
    i._ZN3NRF14set_TX_AddressEPci            0x08002f2c   Section        0  nrf24l01.o(i._ZN3NRF14set_TX_AddressEPci)
    i._ZN3NRF16clear_InterruptsEv            0x08002f36   Section        0  nrf24l01.o(i._ZN3NRF16clear_InterruptsEv)
    i._ZN3NRF17set_Address_WidthEc           0x08002f3e   Section        0  nrf24l01.o(i._ZN3NRF17set_Address_WidthEc)
    i._ZN3NRF5SPI_LEc                        0x08002f46   Section        0  nrf24l01.o(i._ZN3NRF5SPI_LEc)
    i._ZN3NRF6set_CHEc                       0x08002f62   Section        0  nrf24l01.o(i._ZN3NRF6set_CHEc)
    i._ZN3NRF7readRegEc                      0x08002f6c   Section        0  nrf24l01.o(i._ZN3NRF7readRegEc)
    i._ZN3NRF8flush_RXEv                     0x08002fa0   Section        0  nrf24l01.o(i._ZN3NRF8flush_RXEv)
    i._ZN3NRF8flush_TXEv                     0x08002fc8   Section        0  nrf24l01.o(i._ZN3NRF8flush_TXEv)
    i._ZN3NRF8writeRegEcc                    0x08002ff0   Section        0  nrf24l01.o(i._ZN3NRF8writeRegEcc)
    i._ZN3NRF9clear_AllEv                    0x08003026   Section        0  nrf24l01.o(i._ZN3NRF9clear_AllEv)
    i._ZN3USB3getEv                          0x08003048   Section        0  usb.o(i._ZN3USB3getEv)
    i._ZN3USB4initEP18UART_HandleTypeDef     0x08003090   Section        0  usb.o(i._ZN3USB4initEP18UART_HandleTypeDef)
    i._ZN3USB4sendEh                         0x080030a8   Section        0  usb.o(i._ZN3USB4sendEh)
    i._ZN3USB7receiveEP18UART_HandleTypeDef  0x080030e8   Section        0  usb.o(i._ZN3USB7receiveEP18UART_HandleTypeDef)
    i._ZN3USB8transmitEP18UART_HandleTypeDef 0x080030fc   Section        0  usb.o(i._ZN3USB8transmitEP18UART_HandleTypeDef)
    i._ZN5Robot10readBufferEP3NRFPc          0x08003118   Section        0  robot.o(i._ZN5Robot10readBufferEP3NRFPc)
    i._ZN5Robot11changeRobotEP3NRFh          0x08003134   Section        0  robot.o(i._ZN5Robot11changeRobotEP3NRFh)
    i._ZN5Robot11writeBufferEP3NRFPc         0x08003180   Section        0  robot.o(i._ZN5Robot11writeBufferEP3NRFPc)
    i._ZN5Robot4initEP3NRFS1_                0x0800319c   Section        0  robot.o(i._ZN5Robot4initEP3NRFS1_)
    i._ZN5Robot6updateEv                     0x08003260   Section        0  robot.o(i._ZN5Robot6updateEv)
    i._ZN5Robot7nrfInitEP3NRF                0x080033b8   Section        0  robot.o(i._ZN5Robot7nrfInitEP3NRF)
    i._ZN5Robot8transmitEv                   0x08003420   Section        0  robot.o(i._ZN5Robot8transmitEv)
    i._ZN5Robot9dataReadyEP3NRF              0x08003488   Section        0  robot.o(i._ZN5Robot9dataReadyEP3NRF)
    i._ZN6Buffer10timePassedEP17TIM_HandleTypeDef 0x0800349c   Section        0  buffer.o(i._ZN6Buffer10timePassedEP17TIM_HandleTypeDef)
    i._ZN6Buffer10writeOrderEhPc             0x08003500   Section        0  buffer.o(i._ZN6Buffer10writeOrderEhPc)
    i._ZN6Buffer13clearResponseEh            0x0800359c   Section        0  buffer.o(i._ZN6Buffer13clearResponseEh)
    i._ZN6Buffer13writeResponseEhPc          0x080035b8   Section        0  buffer.o(i._ZN6Buffer13writeResponseEhPc)
    i._ZN6Buffer4initEP17TIM_HandleTypeDef   0x08003608   Section        0  buffer.o(i._ZN6Buffer4initEP17TIM_HandleTypeDef)
    i._ZN6Buffer9freeWheelEh                 0x08003674   Section        0  buffer.o(i._ZN6Buffer9freeWheelEh)
    i._ZN7Joystic10Clear_DataEv              0x080036ac   Section        0  joystic.o(i._ZN7Joystic10Clear_DataEv)
    i._ZN7Joystic10Data_ReadyEv              0x080036dc   Section        0  joystic.o(i._ZN7Joystic10Data_ReadyEv)
    i._ZN7Joystic10Write_DataEv              0x0800370c   Section        0  joystic.o(i._ZN7Joystic10Write_DataEv)
    i._ZN7Joystic11Time_PassedEP17TIM_HandleTypeDef 0x08003740   Section        0  joystic.o(i._ZN7Joystic11Time_PassedEP17TIM_HandleTypeDef)
    i._ZN7Joystic4InitEP3NRFP17TIM_HandleTypeDef 0x08003768   Section        0  joystic.o(i._ZN7Joystic4InitEP3NRFP17TIM_HandleTypeDef)
    i._ZN7Joystic6UpdateEv                   0x08003794   Section        0  joystic.o(i._ZN7Joystic6UpdateEv)
    i._ZN7Joystic7ReceiveEb                  0x080037cc   Section        0  joystic.o(i._ZN7Joystic7ReceiveEb)
    i._ZN7Joystic8NRF_InitEv                 0x080037f8   Section        0  joystic.o(i._ZN7Joystic8NRF_InitEv)
    i._ZN7Joystic9Read_DataEv                0x08003888   Section        0  joystic.o(i._ZN7Joystic9Read_DataEv)
    i.__0sprintf$6                           0x080038bc   Section        0  printf6.o(i.__0sprintf$6)
    i.__scatterload_copy                     0x080038e4   Section       14  handlers.o(i.__scatterload_copy)
    i.__scatterload_null                     0x080038f2   Section        2  handlers.o(i.__scatterload_null)
    i.__scatterload_zeroinit                 0x080038f4   Section       14  handlers.o(i.__scatterload_zeroinit)
    i._printf_core                           0x08003904   Section        0  printf6.o(i._printf_core)
    _printf_core                             0x08003905   Thumb Code   748  printf6.o(i._printf_core)
    i._printf_post_padding                   0x08003bf4   Section        0  printf6.o(i._printf_post_padding)
    _printf_post_padding                     0x08003bf5   Thumb Code    36  printf6.o(i._printf_post_padding)
    i._printf_pre_padding                    0x08003c18   Section        0  printf6.o(i._printf_pre_padding)
    _printf_pre_padding                      0x08003c19   Thumb Code    46  printf6.o(i._printf_pre_padding)
    i._sputc                                 0x08003c46   Section        0  printf6.o(i._sputc)
    _sputc                                   0x08003c47   Thumb Code    10  printf6.o(i._sputc)
    i.main                                   0x08003c50   Section        0  main.o(i.main)
    .constdata                               0x08003cc4   Section       16  stm32f4xx_hal_rcc.o(.constdata)
    .data                                    0x20000000   Section        4  system_stm32f4xx.o(.data)
    .data                                    0x20000004   Section        1  robot.o(.data)
    buffer                                   0x20000004   Data           1  robot.o(.data)
    .data                                    0x20000008   Section       12  main.o(.data)
    joystic                                  0x20000008   Data           1  main.o(.data)
    buffer                                   0x20000009   Data           1  main.o(.data)
    USB                                      0x2000000a   Data           1  main.o(.data)
    robot                                    0x2000000c   Data           8  main.o(.data)
    .data                                    0x20000014   Section        4  buffer.o(.data)
    .data                                    0x20000018   Section        8  usb.o(.data)
    buffer                                   0x20000018   Data           1  usb.o(.data)
    .data                                    0x20000020   Section       16  joystic.o(.data)
    .data                                    0x20000030   Section        4  stm32f4xx_hal.o(.data)
    .bss                                     0x20000034   Section      128  usart.o(.bss)
    .bss                                     0x200000b4   Section       84  i2c.o(.bss)
    .bss                                     0x20000108   Section       88  spi.o(.bss)
    .bss                                     0x20000160   Section      128  robot.o(.bss)
    LEDs                                     0x20000160   Data         128  robot.o(.bss)
    .bss                                     0x200001e0   Section       60  tim.o(.bss)
    .bss                                     0x2000021c   Section       60  main.o(.bss)
    .bss                                     0x20000258   Section     1572  buffer.o(.bss)
    .bss                                     0x2000087c   Section       74  usb.o(.bss)
    data                                     0x2000087c   Data          35  usb.o(.bss)
    str                                      0x2000089f   Data          18  usb.o(.bss)
    .bss                                     0x200008c6   Section       50  joystic.o(.bss)
    .bss                                     0x200008f8   Section       32  stm32f4xx_hal_flash.o(.bss)
    STACK                                    0x20000918   Section     1024  startup_stm32f407xx.o(STACK)

    Global Symbols

    Symbol Name                              Value     Ov Type        Size  Object(Section)

    BuildAttributes$$THM_ISAv4$E$P$D$K$B$S$7EM$VFPi3$EXTD16$VFPS$VFMA$PE$A:L22UL41UL21$X:L11$S22US41US21$IEEE1$IW$USESV6$~STKCKD$USESV7$~SHL$OSPACE$ROPI$EBA8$MICROLIB$REQ8$PRES8$EABIv2 0x00000000   Number         0  anon$$obj.o ABSOLUTE
    __ARM_use_no_argv                        0x00000000   Number         0  main.o ABSOLUTE
    _printf_a                                0x00000000   Number         0  stubs.o ABSOLUTE
    _printf_c                                0x00000000   Number         0  stubs.o ABSOLUTE
    _printf_charcount                        0x00000000   Number         0  stubs.o ABSOLUTE
    _printf_d                                0x00000000   Number         0  stubs.o ABSOLUTE
    _printf_e                                0x00000000   Number         0  stubs.o ABSOLUTE
    _printf_f                                0x00000000   Number         0  stubs.o ABSOLUTE
    _printf_flags                            0x00000000   Number         0  stubs.o ABSOLUTE
    _printf_fp_dec                           0x00000000   Number         0  stubs.o ABSOLUTE
    _printf_fp_hex                           0x00000000   Number         0  stubs.o ABSOLUTE
    _printf_g                                0x00000000   Number         0  stubs.o ABSOLUTE
    _printf_i                                0x00000000   Number         0  stubs.o ABSOLUTE
    _printf_int_dec                          0x00000000   Number         0  stubs.o ABSOLUTE
    _printf_l                                0x00000000   Number         0  stubs.o ABSOLUTE
    _printf_lc                               0x00000000   Number         0  stubs.o ABSOLUTE
    _printf_ll                               0x00000000   Number         0  stubs.o ABSOLUTE
    _printf_lld                              0x00000000   Number         0  stubs.o ABSOLUTE
    _printf_lli                              0x00000000   Number         0  stubs.o ABSOLUTE
    _printf_llo                              0x00000000   Number         0  stubs.o ABSOLUTE
    _printf_llu                              0x00000000   Number         0  stubs.o ABSOLUTE
    _printf_llx                              0x00000000   Number         0  stubs.o ABSOLUTE
    _printf_longlong_dec                     0x00000000   Number         0  stubs.o ABSOLUTE
    _printf_longlong_hex                     0x00000000   Number         0  stubs.o ABSOLUTE
    _printf_longlong_oct                     0x00000000   Number         0  stubs.o ABSOLUTE
    _printf_ls                               0x00000000   Number         0  stubs.o ABSOLUTE
    _printf_mbtowc                           0x00000000   Number         0  stubs.o ABSOLUTE
    _printf_n                                0x00000000   Number         0  stubs.o ABSOLUTE
    _printf_o                                0x00000000   Number         0  stubs.o ABSOLUTE
    _printf_p                                0x00000000   Number         0  stubs.o ABSOLUTE
    _printf_percent                          0x00000000   Number         0  stubs.o ABSOLUTE
    _printf_pre_padding                      0x00000000   Number         0  stubs.o ABSOLUTE
    _printf_return_value                     0x00000000   Number         0  stubs.o ABSOLUTE
    _printf_s                                0x00000000   Number         0  stubs.o ABSOLUTE
    _printf_sizespec                         0x00000000   Number         0  stubs.o ABSOLUTE
    _printf_str                              0x00000000   Number         0  stubs.o ABSOLUTE
    _printf_truncate_signed                  0x00000000   Number         0  stubs.o ABSOLUTE
    _printf_truncate_unsigned                0x00000000   Number         0  stubs.o ABSOLUTE
    _printf_u                                0x00000000   Number         0  stubs.o ABSOLUTE
    _printf_wc                               0x00000000   Number         0  stubs.o ABSOLUTE
    _printf_wctomb                           0x00000000   Number         0  stubs.o ABSOLUTE
    _printf_widthprec                        0x00000000   Number         0  stubs.o ABSOLUTE
    _printf_x                                0x00000000   Number         0  stubs.o ABSOLUTE
    __cpp_initialize__aeabi_                  - Undefined Weak Reference
    __cxa_finalize                            - Undefined Weak Reference
    __decompress                              - Undefined Weak Reference
    _clock_init                               - Undefined Weak Reference
    _microlib_exit                            - Undefined Weak Reference
    __Vectors_Size                           0x00000188   Number         0  startup_stm32f407xx.o ABSOLUTE
    __Vectors                                0x08000000   Data           4  startup_stm32f407xx.o(RESET)
    __Vectors_End                            0x08000188   Data           0  startup_stm32f407xx.o(RESET)
    __main                                   0x08000189   Thumb Code     0  entry.o(.ARM.Collect$$$$00000000)
    _main_stk                                0x08000189   Thumb Code     0  entry2.o(.ARM.Collect$$$$00000001)
    _main_scatterload                        0x0800018d   Thumb Code     0  entry5.o(.ARM.Collect$$$$00000004)
    __main_after_scatterload                 0x08000191   Thumb Code     0  entry5.o(.ARM.Collect$$$$00000004)
    _main_clock                              0x08000191   Thumb Code     0  entry7b.o(.ARM.Collect$$$$00000008)
    _main_cpp_init                           0x08000191   Thumb Code     0  entry8b.o(.ARM.Collect$$$$0000000A)
    _main_init                               0x08000191   Thumb Code     0  entry9a.o(.ARM.Collect$$$$0000000B)
    __rt_final_cpp                           0x08000199   Thumb Code     0  entry10a.o(.ARM.Collect$$$$0000000D)
    __rt_final_exit                          0x08000199   Thumb Code     0  entry11a.o(.ARM.Collect$$$$0000000F)
    Reset_Handler                            0x0800019d   Thumb Code     8  startup_stm32f407xx.o(.text)
    ADC_IRQHandler                           0x080001b7   Thumb Code     0  startup_stm32f407xx.o(.text)
    CAN1_RX0_IRQHandler                      0x080001b7   Thumb Code     0  startup_stm32f407xx.o(.text)
    CAN1_RX1_IRQHandler                      0x080001b7   Thumb Code     0  startup_stm32f407xx.o(.text)
    CAN1_SCE_IRQHandler                      0x080001b7   Thumb Code     0  startup_stm32f407xx.o(.text)
    CAN1_TX_IRQHandler                       0x080001b7   Thumb Code     0  startup_stm32f407xx.o(.text)
    CAN2_RX0_IRQHandler                      0x080001b7   Thumb Code     0  startup_stm32f407xx.o(.text)
    CAN2_RX1_IRQHandler                      0x080001b7   Thumb Code     0  startup_stm32f407xx.o(.text)
    CAN2_SCE_IRQHandler                      0x080001b7   Thumb Code     0  startup_stm32f407xx.o(.text)
    CAN2_TX_IRQHandler                       0x080001b7   Thumb Code     0  startup_stm32f407xx.o(.text)
    DCMI_IRQHandler                          0x080001b7   Thumb Code     0  startup_stm32f407xx.o(.text)
    DMA1_Stream0_IRQHandler                  0x080001b7   Thumb Code     0  startup_stm32f407xx.o(.text)
    DMA1_Stream1_IRQHandler                  0x080001b7   Thumb Code     0  startup_stm32f407xx.o(.text)
    DMA1_Stream2_IRQHandler                  0x080001b7   Thumb Code     0  startup_stm32f407xx.o(.text)
    DMA1_Stream3_IRQHandler                  0x080001b7   Thumb Code     0  startup_stm32f407xx.o(.text)
    DMA1_Stream4_IRQHandler                  0x080001b7   Thumb Code     0  startup_stm32f407xx.o(.text)
    DMA1_Stream5_IRQHandler                  0x080001b7   Thumb Code     0  startup_stm32f407xx.o(.text)
    DMA1_Stream6_IRQHandler                  0x080001b7   Thumb Code     0  startup_stm32f407xx.o(.text)
    DMA1_Stream7_IRQHandler                  0x080001b7   Thumb Code     0  startup_stm32f407xx.o(.text)
    DMA2_Stream0_IRQHandler                  0x080001b7   Thumb Code     0  startup_stm32f407xx.o(.text)
    DMA2_Stream1_IRQHandler                  0x080001b7   Thumb Code     0  startup_stm32f407xx.o(.text)
    DMA2_Stream2_IRQHandler                  0x080001b7   Thumb Code     0  startup_stm32f407xx.o(.text)
    DMA2_Stream3_IRQHandler                  0x080001b7   Thumb Code     0  startup_stm32f407xx.o(.text)
    DMA2_Stream4_IRQHandler                  0x080001b7   Thumb Code     0  startup_stm32f407xx.o(.text)
    DMA2_Stream5_IRQHandler                  0x080001b7   Thumb Code     0  startup_stm32f407xx.o(.text)
    DMA2_Stream6_IRQHandler                  0x080001b7   Thumb Code     0  startup_stm32f407xx.o(.text)
    DMA2_Stream7_IRQHandler                  0x080001b7   Thumb Code     0  startup_stm32f407xx.o(.text)
    ETH_IRQHandler                           0x080001b7   Thumb Code     0  startup_stm32f407xx.o(.text)
    ETH_WKUP_IRQHandler                      0x080001b7   Thumb Code     0  startup_stm32f407xx.o(.text)
    EXTI1_IRQHandler                         0x080001b7   Thumb Code     0  startup_stm32f407xx.o(.text)
    EXTI2_IRQHandler                         0x080001b7   Thumb Code     0  startup_stm32f407xx.o(.text)
    EXTI3_IRQHandler                         0x080001b7   Thumb Code     0  startup_stm32f407xx.o(.text)
    EXTI4_IRQHandler                         0x080001b7   Thumb Code     0  startup_stm32f407xx.o(.text)
    FMC_IRQHandler                           0x080001b7   Thumb Code     0  startup_stm32f407xx.o(.text)
    HASH_RNG_IRQHandler                      0x080001b7   Thumb Code     0  startup_stm32f407xx.o(.text)
    I2C2_ER_IRQHandler                       0x080001b7   Thumb Code     0  startup_stm32f407xx.o(.text)
    I2C2_EV_IRQHandler                       0x080001b7   Thumb Code     0  startup_stm32f407xx.o(.text)
    I2C3_ER_IRQHandler                       0x080001b7   Thumb Code     0  startup_stm32f407xx.o(.text)
    I2C3_EV_IRQHandler                       0x080001b7   Thumb Code     0  startup_stm32f407xx.o(.text)
    OTG_FS_IRQHandler                        0x080001b7   Thumb Code     0  startup_stm32f407xx.o(.text)
    OTG_FS_WKUP_IRQHandler                   0x080001b7   Thumb Code     0  startup_stm32f407xx.o(.text)
    OTG_HS_EP1_IN_IRQHandler                 0x080001b7   Thumb Code     0  startup_stm32f407xx.o(.text)
    OTG_HS_EP1_OUT_IRQHandler                0x080001b7   Thumb Code     0  startup_stm32f407xx.o(.text)
    OTG_HS_IRQHandler                        0x080001b7   Thumb Code     0  startup_stm32f407xx.o(.text)
    OTG_HS_WKUP_IRQHandler                   0x080001b7   Thumb Code     0  startup_stm32f407xx.o(.text)
    RTC_Alarm_IRQHandler                     0x080001b7   Thumb Code     0  startup_stm32f407xx.o(.text)
    RTC_WKUP_IRQHandler                      0x080001b7   Thumb Code     0  startup_stm32f407xx.o(.text)
    SDIO_IRQHandler                          0x080001b7   Thumb Code     0  startup_stm32f407xx.o(.text)
    SPI2_IRQHandler                          0x080001b7   Thumb Code     0  startup_stm32f407xx.o(.text)
    SPI3_IRQHandler                          0x080001b7   Thumb Code     0  startup_stm32f407xx.o(.text)
    TAMP_STAMP_IRQHandler                    0x080001b7   Thumb Code     0  startup_stm32f407xx.o(.text)
    TIM1_BRK_TIM9_IRQHandler                 0x080001b7   Thumb Code     0  startup_stm32f407xx.o(.text)
    TIM1_CC_IRQHandler                       0x080001b7   Thumb Code     0  startup_stm32f407xx.o(.text)
    TIM1_TRG_COM_TIM11_IRQHandler            0x080001b7   Thumb Code     0  startup_stm32f407xx.o(.text)
    TIM2_IRQHandler                          0x080001b7   Thumb Code     0  startup_stm32f407xx.o(.text)
    TIM3_IRQHandler                          0x080001b7   Thumb Code     0  startup_stm32f407xx.o(.text)
    TIM4_IRQHandler                          0x080001b7   Thumb Code     0  startup_stm32f407xx.o(.text)
    TIM5_IRQHandler                          0x080001b7   Thumb Code     0  startup_stm32f407xx.o(.text)
    TIM6_DAC_IRQHandler                      0x080001b7   Thumb Code     0  startup_stm32f407xx.o(.text)
    TIM7_IRQHandler                          0x080001b7   Thumb Code     0  startup_stm32f407xx.o(.text)
    TIM8_BRK_TIM12_IRQHandler                0x080001b7   Thumb Code     0  startup_stm32f407xx.o(.text)
    TIM8_CC_IRQHandler                       0x080001b7   Thumb Code     0  startup_stm32f407xx.o(.text)
    TIM8_TRG_COM_TIM14_IRQHandler            0x080001b7   Thumb Code     0  startup_stm32f407xx.o(.text)
    TIM8_UP_TIM13_IRQHandler                 0x080001b7   Thumb Code     0  startup_stm32f407xx.o(.text)
    UART4_IRQHandler                         0x080001b7   Thumb Code     0  startup_stm32f407xx.o(.text)
    UART5_IRQHandler                         0x080001b7   Thumb Code     0  startup_stm32f407xx.o(.text)
    USART3_IRQHandler                        0x080001b7   Thumb Code     0  startup_stm32f407xx.o(.text)
    USART6_IRQHandler                        0x080001b7   Thumb Code     0  startup_stm32f407xx.o(.text)
    WWDG_IRQHandler                          0x080001b7   Thumb Code     0  startup_stm32f407xx.o(.text)
    __aeabi_memset                           0x080001c1   Thumb Code    14  memseta.o(.text)
    __aeabi_memset4                          0x080001c1   Thumb Code     0  memseta.o(.text)
    __aeabi_memset8                          0x080001c1   Thumb Code     0  memseta.o(.text)
    __aeabi_memclr                           0x080001cf   Thumb Code     4  memseta.o(.text)
    __aeabi_memclr4                          0x080001cf   Thumb Code     0  memseta.o(.text)
    __aeabi_memclr8                          0x080001cf   Thumb Code     0  memseta.o(.text)
    _memset$wrapper                          0x080001d3   Thumb Code    18  memseta.o(.text)
    __aeabi_uidiv                            0x080001e5   Thumb Code     0  uidiv.o(.text)
    __aeabi_uidivmod                         0x080001e5   Thumb Code    44  uidiv.o(.text)
    __scatterload                            0x08000211   Thumb Code    28  init.o(.text)
    __scatterload_rt2                        0x08000211   Thumb Code     0  init.o(.text)
    BusFault_Handler                         0x08000235   Thumb Code     2  stm32f4xx_it.o(i.BusFault_Handler)
    DebugMon_Handler                         0x08000237   Thumb Code     2  stm32f4xx_it.o(i.DebugMon_Handler)
    EXTI0_IRQHandler                         0x08000239   Thumb Code     6  stm32f4xx_it.o(i.EXTI0_IRQHandler)
    EXTI15_10_IRQHandler                     0x0800023f   Thumb Code     8  stm32f4xx_it.o(i.EXTI15_10_IRQHandler)
    EXTI9_5_IRQHandler                       0x08000247   Thumb Code     8  stm32f4xx_it.o(i.EXTI9_5_IRQHandler)
    Error_Handler                            0x0800024f   Thumb Code     2  main.o(i.Error_Handler)
    FLASH_Erase_Sector                       0x08000251   Thumb Code    84  stm32f4xx_hal_flash_ex.o(i.FLASH_Erase_Sector)
    FLASH_FlushCaches                        0x080002a9   Thumb Code    80  stm32f4xx_hal_flash_ex.o(i.FLASH_FlushCaches)
    FLASH_IRQHandler                         0x080002fd   Thumb Code     4  stm32f4xx_it.o(i.FLASH_IRQHandler)
    FPU_IRQHandler                           0x0800037d   Thumb Code     2  stm32f4xx_it.o(i.FPU_IRQHandler)
    HAL_DMA_Abort_IT                         0x0800037f   Thumb Code    36  stm32f4xx_hal_dma.o(i.HAL_DMA_Abort_IT)
    HAL_Delay                                0x080003a3   Thumb Code    22  stm32f4xx_hal.o(i.HAL_Delay)
    HAL_FLASH_EndOfOperationCallback         0x080003b9   Thumb Code     2  stm32f4xx_hal_flash.o(i.HAL_FLASH_EndOfOperationCallback)
    HAL_FLASH_IRQHandler                     0x080003bd   Thumb Code   194  stm32f4xx_hal_flash.o(i.HAL_FLASH_IRQHandler)
    HAL_FLASH_OperationErrorCallback         0x08000489   Thumb Code     2  stm32f4xx_hal_flash.o(i.HAL_FLASH_OperationErrorCallback)
    HAL_GPIO_EXTI_Callback                   0x0800048b   Thumb Code     2  stm32f4xx_hal_gpio.o(i.HAL_GPIO_EXTI_Callback)
    HAL_GPIO_EXTI_IRQHandler                 0x0800048d   Thumb Code    18  stm32f4xx_hal_gpio.o(i.HAL_GPIO_EXTI_IRQHandler)
    HAL_GPIO_Init                            0x080004a5   Thumb Code   388  stm32f4xx_hal_gpio.o(i.HAL_GPIO_Init)
    HAL_GPIO_WritePin                        0x08000655   Thumb Code    10  stm32f4xx_hal_gpio.o(i.HAL_GPIO_WritePin)
    HAL_GetTick                              0x08000661   Thumb Code     6  stm32f4xx_hal.o(i.HAL_GetTick)
    HAL_I2C_AbortCpltCallback                0x0800066d   Thumb Code     2  stm32f4xx_hal_i2c.o(i.HAL_I2C_AbortCpltCallback)
    HAL_I2C_AddrCallback                     0x0800066f   Thumb Code     2  stm32f4xx_hal_i2c.o(i.HAL_I2C_AddrCallback)
    HAL_I2C_ER_IRQHandler                    0x08000671   Thumb Code   192  stm32f4xx_hal_i2c.o(i.HAL_I2C_ER_IRQHandler)
    HAL_I2C_EV_IRQHandler                    0x08000735   Thumb Code   486  stm32f4xx_hal_i2c.o(i.HAL_I2C_EV_IRQHandler)
    HAL_I2C_ErrorCallback                    0x08000925   Thumb Code     2  stm32f4xx_hal_i2c.o(i.HAL_I2C_ErrorCallback)
    HAL_I2C_Init                             0x08000929   Thumb Code   254  stm32f4xx_hal_i2c.o(i.HAL_I2C_Init)
    HAL_I2C_ListenCpltCallback               0x08000a31   Thumb Code     2  stm32f4xx_hal_i2c.o(i.HAL_I2C_ListenCpltCallback)
    HAL_I2C_MasterRxCpltCallback             0x08000a33   Thumb Code     2  stm32f4xx_hal_i2c.o(i.HAL_I2C_MasterRxCpltCallback)
    HAL_I2C_MasterTxCpltCallback             0x08000a35   Thumb Code     2  stm32f4xx_hal_i2c.o(i.HAL_I2C_MasterTxCpltCallback)
    HAL_I2C_MemRxCpltCallback                0x08000a37   Thumb Code     2  stm32f4xx_hal_i2c.o(i.HAL_I2C_MemRxCpltCallback)
    HAL_I2C_MemTxCpltCallback                0x08000a39   Thumb Code     2  stm32f4xx_hal_i2c.o(i.HAL_I2C_MemTxCpltCallback)
    HAL_I2C_MspInit                          0x08000a3d   Thumb Code    94  i2c.o(i.HAL_I2C_MspInit)
    HAL_I2C_SlaveRxCpltCallback              0x08000aa9   Thumb Code     2  stm32f4xx_hal_i2c.o(i.HAL_I2C_SlaveRxCpltCallback)
    HAL_I2C_SlaveTxCpltCallback              0x08000aab   Thumb Code     2  stm32f4xx_hal_i2c.o(i.HAL_I2C_SlaveTxCpltCallback)
    HAL_IncTick                              0x08000aad   Thumb Code    10  stm32f4xx_hal.o(i.HAL_IncTick)
    HAL_Init                                 0x08000abd   Thumb Code    48  stm32f4xx_hal.o(i.HAL_Init)
    HAL_InitTick                             0x08000af1   Thumb Code    34  stm32f4xx_hal.o(i.HAL_InitTick)
    HAL_MspInit                              0x08000b19   Thumb Code   152  stm32f4xx_hal_msp.o(i.HAL_MspInit)
    HAL_NVIC_EnableIRQ                       0x08000bb1   Thumb Code    22  stm32f4xx_hal_cortex.o(i.HAL_NVIC_EnableIRQ)
    HAL_NVIC_SetPriority                     0x08000bc9   Thumb Code    60  stm32f4xx_hal_cortex.o(i.HAL_NVIC_SetPriority)
    HAL_NVIC_SetPriorityGrouping             0x08000c09   Thumb Code    26  stm32f4xx_hal_cortex.o(i.HAL_NVIC_SetPriorityGrouping)
    HAL_PWR_PVDCallback                      0x08000c2d   Thumb Code     2  stm32f4xx_hal_pwr.o(i.HAL_PWR_PVDCallback)
    HAL_PWR_PVD_IRQHandler                   0x08000c31   Thumb Code    22  stm32f4xx_hal_pwr.o(i.HAL_PWR_PVD_IRQHandler)
    HAL_RCC_ClockConfig                      0x08000c4d   Thumb Code   364  stm32f4xx_hal_rcc.o(i.HAL_RCC_ClockConfig)
    HAL_RCC_GetHCLKFreq                      0x08000dc9   Thumb Code     6  stm32f4xx_hal_rcc.o(i.HAL_RCC_GetHCLKFreq)
    HAL_RCC_GetPCLK1Freq                     0x08000dd5   Thumb Code    34  stm32f4xx_hal_rcc.o(i.HAL_RCC_GetPCLK1Freq)
    HAL_RCC_GetPCLK2Freq                     0x08000e05   Thumb Code    34  stm32f4xx_hal_rcc.o(i.HAL_RCC_GetPCLK2Freq)
    HAL_RCC_GetSysClockFreq                  0x08000e35   Thumb Code   104  stm32f4xx_hal_rcc.o(i.HAL_RCC_GetSysClockFreq)
    HAL_RCC_OscConfig                        0x08000ea5   Thumb Code   770  stm32f4xx_hal_rcc.o(i.HAL_RCC_OscConfig)
    HAL_SPI_ErrorCallback                    0x080011b9   Thumb Code     2  stm32f4xx_hal_spi.o(i.HAL_SPI_ErrorCallback)
    HAL_SPI_IRQHandler                       0x080011bd   Thumb Code   208  stm32f4xx_hal_spi.o(i.HAL_SPI_IRQHandler)
    HAL_SPI_Init                             0x08001291   Thumb Code   128  stm32f4xx_hal_spi.o(i.HAL_SPI_Init)
    HAL_SPI_MspInit                          0x08001311   Thumb Code    78  spi.o(i.HAL_SPI_MspInit)
    HAL_SPI_TransmitReceive                  0x0800136d   Thumb Code   472  stm32f4xx_hal_spi.o(i.HAL_SPI_TransmitReceive)
    HAL_SYSTICK_CLKSourceConfig              0x08001545   Thumb Code    24  stm32f4xx_hal_cortex.o(i.HAL_SYSTICK_CLKSourceConfig)
    HAL_SYSTICK_Callback                     0x0800155d   Thumb Code     2  stm32f4xx_hal_cortex.o(i.HAL_SYSTICK_Callback)
    HAL_SYSTICK_Config                       0x0800155f   Thumb Code    40  stm32f4xx_hal_cortex.o(i.HAL_SYSTICK_Config)
    HAL_SYSTICK_IRQHandler                   0x08001587   Thumb Code     8  stm32f4xx_hal_cortex.o(i.HAL_SYSTICK_IRQHandler)
    HAL_TIMEx_BreakCallback                  0x0800158f   Thumb Code     2  stm32f4xx_hal_tim_ex.o(i.HAL_TIMEx_BreakCallback)
    HAL_TIMEx_CommutationCallback            0x08001591   Thumb Code     2  stm32f4xx_hal_tim_ex.o(i.HAL_TIMEx_CommutationCallback)
    HAL_TIMEx_MasterConfigSynchronization    0x08001593   Thumb Code    80  stm32f4xx_hal_tim_ex.o(i.HAL_TIMEx_MasterConfigSynchronization)
    HAL_TIM_Base_Init                        0x080015e3   Thumb Code    54  stm32f4xx_hal_tim.o(i.HAL_TIM_Base_Init)
    HAL_TIM_Base_MspInit                     0x08001619   Thumb Code    50  tim.o(i.HAL_TIM_Base_MspInit)
    HAL_TIM_Base_Start_IT                    0x08001655   Thumb Code    24  stm32f4xx_hal_tim.o(i.HAL_TIM_Base_Start_IT)
    HAL_TIM_ConfigClockSource                0x0800166d   Thumb Code   242  stm32f4xx_hal_tim.o(i.HAL_TIM_ConfigClockSource)
    HAL_TIM_IC_CaptureCallback               0x0800175f   Thumb Code     2  stm32f4xx_hal_tim.o(i.HAL_TIM_IC_CaptureCallback)
    HAL_TIM_IRQHandler                       0x08001761   Thumb Code   358  stm32f4xx_hal_tim.o(i.HAL_TIM_IRQHandler)
    HAL_TIM_OC_DelayElapsedCallback          0x080018c7   Thumb Code     2  stm32f4xx_hal_tim.o(i.HAL_TIM_OC_DelayElapsedCallback)
    HAL_TIM_PWM_PulseFinishedCallback        0x080018c9   Thumb Code     2  stm32f4xx_hal_tim.o(i.HAL_TIM_PWM_PulseFinishedCallback)
    HAL_TIM_PeriodElapsedCallback            0x080018cd   Thumb Code    26  main.o(i.HAL_TIM_PeriodElapsedCallback)
    HAL_TIM_TriggerCallback                  0x080018ed   Thumb Code     2  stm32f4xx_hal_tim.o(i.HAL_TIM_TriggerCallback)
    HAL_UART_ErrorCallback                   0x080018ef   Thumb Code     2  stm32f4xx_hal_uart.o(i.HAL_UART_ErrorCallback)
    HAL_UART_IRQHandler                      0x080018f1   Thumb Code   266  stm32f4xx_hal_uart.o(i.HAL_UART_IRQHandler)
    HAL_UART_Init                            0x08001a01   Thumb Code    98  stm32f4xx_hal_uart.o(i.HAL_UART_Init)
    HAL_UART_MspInit                         0x08001a65   Thumb Code   124  usart.o(i.HAL_UART_MspInit)
    HAL_UART_Receive_IT                      0x08001af1   Thumb Code    72  stm32f4xx_hal_uart.o(i.HAL_UART_Receive_IT)
    HAL_UART_RxCpltCallback                  0x08001b39   Thumb Code     8  main.o(i.HAL_UART_RxCpltCallback)
    HAL_UART_Transmit_IT                     0x08001b45   Thumb Code    62  stm32f4xx_hal_uart.o(i.HAL_UART_Transmit_IT)
    HAL_UART_TxCpltCallback                  0x08001b85   Thumb Code     8  main.o(i.HAL_UART_TxCpltCallback)
    HardFault_Handler                        0x08001b91   Thumb Code     2  stm32f4xx_it.o(i.HardFault_Handler)
    I2C1_ER_IRQHandler                       0x08001b95   Thumb Code     6  stm32f4xx_it.o(i.I2C1_ER_IRQHandler)
    I2C1_EV_IRQHandler                       0x08001ba1   Thumb Code     6  stm32f4xx_it.o(i.I2C1_EV_IRQHandler)
    MX_GPIO_Init                             0x080022d5   Thumb Code   414  gpio.o(i.MX_GPIO_Init)
    MX_I2C1_Init                             0x08002491   Thumb Code    50  i2c.o(i.MX_I2C1_Init)
    MX_SPI1_Init                             0x080024d1   Thumb Code    62  spi.o(i.MX_SPI1_Init)
    MX_TIM1_Init                             0x08002519   Thumb Code    86  tim.o(i.MX_TIM1_Init)
    MX_USART1_UART_Init                      0x08002579   Thumb Code    46  usart.o(i.MX_USART1_UART_Init)
    MX_USART2_UART_Init                      0x080025b5   Thumb Code    46  usart.o(i.MX_USART2_UART_Init)
    MemManage_Handler                        0x080025f1   Thumb Code     2  stm32f4xx_it.o(i.MemManage_Handler)
    NMI_Handler                              0x080025f3   Thumb Code     2  stm32f4xx_it.o(i.NMI_Handler)
    PVD_IRQHandler                           0x08002615   Thumb Code     4  stm32f4xx_it.o(i.PVD_IRQHandler)
    PendSV_Handler                           0x08002619   Thumb Code     2  stm32f4xx_it.o(i.PendSV_Handler)
    RCC_IRQHandler                           0x0800261b   Thumb Code     2  stm32f4xx_it.o(i.RCC_IRQHandler)
    SPI1_IRQHandler                          0x0800261d   Thumb Code     6  stm32f4xx_it.o(i.SPI1_IRQHandler)
    SVC_Handler                              0x080026ef   Thumb Code     2  stm32f4xx_it.o(i.SVC_Handler)
    SysTick_Handler                          0x080026f1   Thumb Code    14  stm32f4xx_it.o(i.SysTick_Handler)
    SystemInit                               0x08002701   Thumb Code    66  system_stm32f4xx.o(i.SystemInit)
    TIM1_UP_TIM10_IRQHandler                 0x08002755   Thumb Code     6  stm32f4xx_it.o(i.TIM1_UP_TIM10_IRQHandler)
    TIM_Base_SetConfig                       0x08002761   Thumb Code   148  stm32f4xx_hal_tim.o(i.TIM_Base_SetConfig)
    USART1_IRQHandler                        0x08002c55   Thumb Code     6  stm32f4xx_it.o(i.USART1_IRQHandler)
    USART2_IRQHandler                        0x08002c61   Thumb Code     6  stm32f4xx_it.o(i.USART2_IRQHandler)
    UsageFault_Handler                       0x08002c6d   Thumb Code     2  stm32f4xx_it.o(i.UsageFault_Handler)
    SystemClock_Config()                     0x08002c71   Thumb Code   148  main.o(i._Z18SystemClock_Configv)
    NRFInit()                                0x08002d0d   Thumb Code    56  main.o(i._Z7NRFInitv)
    LED::on()                                0x08002d59   Thumb Code    12  robot.o(i._ZN3LED2onEv)
    LED::off()                               0x08002d65   Thumb Code    12  robot.o(i._ZN3LED3offEv)
    NRF::get_Status()                        0x08002d71   Thumb Code    50  nrf24l01.o(i._ZN3NRF10get_StatusEv)
    NRF::init_milad(char, char, char, char*, char, char, char) 0x08002da3   Thumb Code   122  nrf24l01.o(i._ZN3NRF10init_miladEcccPcccc)
    NRF::readRegBuf(char, char*, int)        0x08002e1d   Thumb Code    74  nrf24l01.o(i._ZN3NRF10readRegBufEcPci)
    NRF::read_RX_Buf(char*, int)             0x08002e67   Thumb Code    10  nrf24l01.o(i._ZN3NRF11read_RX_BufEPci)
    NRF::set_RX_Pipe(char, char*, int, char) 0x08002e71   Thumb Code    76  nrf24l01.o(i._ZN3NRF11set_RX_PipeEcPcic)
    NRF::writeRegBuf(char, char*, int)       0x08002ebd   Thumb Code    74  nrf24l01.o(i._ZN3NRF11writeRegBufEcPci)
    NRF::write_TX_Buf(char*, int)            0x08002f07   Thumb Code    10  nrf24l01.o(i._ZN3NRF12write_TX_BufEPci)
    NRF::set_ShockBurst(char)                0x08002f11   Thumb Code    28  nrf24l01.o(i._ZN3NRF14set_ShockBurstEc)
    NRF::set_TX_Address(char*, int)          0x08002f2d   Thumb Code    10  nrf24l01.o(i._ZN3NRF14set_TX_AddressEPci)
    NRF::clear_Interrupts()                  0x08002f37   Thumb Code     8  nrf24l01.o(i._ZN3NRF16clear_InterruptsEv)
    NRF::set_Address_Width(char)             0x08002f3f   Thumb Code     8  nrf24l01.o(i._ZN3NRF17set_Address_WidthEc)
    NRF::SPI_L(char)                         0x08002f47   Thumb Code    28  nrf24l01.o(i._ZN3NRF5SPI_LEc)
    NRF::set_CH(char)                        0x08002f63   Thumb Code    10  nrf24l01.o(i._ZN3NRF6set_CHEc)
    NRF::readReg(char)                       0x08002f6d   Thumb Code    52  nrf24l01.o(i._ZN3NRF7readRegEc)
    NRF::flush_RX()                          0x08002fa1   Thumb Code    40  nrf24l01.o(i._ZN3NRF8flush_RXEv)
    NRF::flush_TX()                          0x08002fc9   Thumb Code    40  nrf24l01.o(i._ZN3NRF8flush_TXEv)
    NRF::writeReg(char, char)                0x08002ff1   Thumb Code    54  nrf24l01.o(i._ZN3NRF8writeRegEcc)
    NRF::clear_All()                         0x08003027   Thumb Code    34  nrf24l01.o(i._ZN3NRF9clear_AllEv)
    USB::get()                               0x08003049   Thumb Code    62  usb.o(i._ZN3USB3getEv)
    USB::init(UART_HandleTypeDef*)           0x08003091   Thumb Code    14  usb.o(i._ZN3USB4initEP18UART_HandleTypeDef)
    USB::send(unsigned char)                 0x080030a9   Thumb Code    52  usb.o(i._ZN3USB4sendEh)
    USB::receive(UART_HandleTypeDef*)        0x080030e9   Thumb Code    14  usb.o(i._ZN3USB7receiveEP18UART_HandleTypeDef)
    USB::transmit(UART_HandleTypeDef*)       0x080030fd   Thumb Code    20  usb.o(i._ZN3USB8transmitEP18UART_HandleTypeDef)
    Robot::readBuffer(NRF*, char*)           0x08003119   Thumb Code    26  robot.o(i._ZN5Robot10readBufferEP3NRFPc)
    Robot::changeRobot(NRF*, unsigned char)  0x08003135   Thumb Code    68  robot.o(i._ZN5Robot11changeRobotEP3NRFh)
    Robot::writeBuffer(NRF*, char*)          0x08003181   Thumb Code    26  robot.o(i._ZN5Robot11writeBufferEP3NRFPc)
    Robot::init(NRF*, NRF*)                  0x0800319d   Thumb Code   180  robot.o(i._ZN5Robot4initEP3NRFS1_)
    Robot::update()                          0x08003261   Thumb Code   268  robot.o(i._ZN5Robot6updateEv)
    Robot::nrfInit(NRF*)                     0x080033b9   Thumb Code    94  robot.o(i._ZN5Robot7nrfInitEP3NRF)
    Robot::transmit()                        0x08003421   Thumb Code   104  robot.o(i._ZN5Robot8transmitEv)
    Robot::dataReady(NRF*)                   0x08003489   Thumb Code    20  robot.o(i._ZN5Robot9dataReadyEP3NRF)
    Buffer::timePassed(TIM_HandleTypeDef*)   0x0800349d   Thumb Code    90  buffer.o(i._ZN6Buffer10timePassedEP17TIM_HandleTypeDef)
    Buffer::writeOrder(unsigned char, char*) 0x08003501   Thumb Code   140  buffer.o(i._ZN6Buffer10writeOrderEhPc)
    Buffer::clearResponse(unsigned char)     0x0800359d   Thumb Code    22  buffer.o(i._ZN6Buffer13clearResponseEh)
    Buffer::writeResponse(unsigned char, char*) 0x080035b9   Thumb Code    62  buffer.o(i._ZN6Buffer13writeResponseEhPc)
    Buffer::init(TIM_HandleTypeDef*)         0x08003609   Thumb Code    98  buffer.o(i._ZN6Buffer4initEP17TIM_HandleTypeDef)
    Buffer::freeWheel(unsigned char)         0x08003675   Thumb Code    52  buffer.o(i._ZN6Buffer9freeWheelEh)
    Joystic::Clear_Data()                    0x080036ad   Thumb Code    38  joystic.o(i._ZN7Joystic10Clear_DataEv)
    Joystic::Data_Ready()                    0x080036dd   Thumb Code    44  joystic.o(i._ZN7Joystic10Data_ReadyEv)
    Joystic::Write_Data()                    0x0800370d   Thumb Code    44  joystic.o(i._ZN7Joystic10Write_DataEv)
    Joystic::Time_Passed(TIM_HandleTypeDef*) 0x08003741   Thumb Code    34  joystic.o(i._ZN7Joystic11Time_PassedEP17TIM_HandleTypeDef)
    Joystic::Init(NRF*, TIM_HandleTypeDef*)  0x08003769   Thumb Code    38  joystic.o(i._ZN7Joystic4InitEP3NRFP17TIM_HandleTypeDef)
    Joystic::Update()                        0x08003795   Thumb Code    52  joystic.o(i._ZN7Joystic6UpdateEv)
    Joystic::Receive(bool)                   0x080037cd   Thumb Code    40  joystic.o(i._ZN7Joystic7ReceiveEb)
    Joystic::NRF_Init()                      0x080037f9   Thumb Code   132  joystic.o(i._ZN7Joystic8NRF_InitEv)
    Joystic::Read_Data()                     0x08003889   Thumb Code    44  joystic.o(i._ZN7Joystic9Read_DataEv)
    __0sprintf$6                             0x080038bd   Thumb Code    34  printf6.o(i.__0sprintf$6)
    __1sprintf$6                             0x080038bd   Thumb Code     0  printf6.o(i.__0sprintf$6)
    __2sprintf                               0x080038bd   Thumb Code     0  printf6.o(i.__0sprintf$6)
    __scatterload_copy                       0x080038e5   Thumb Code    14  handlers.o(i.__scatterload_copy)
    __scatterload_null                       0x080038f3   Thumb Code     2  handlers.o(i.__scatterload_null)
    __scatterload_zeroinit                   0x080038f5   Thumb Code    14  handlers.o(i.__scatterload_zeroinit)
    main                                     0x08003c51   Thumb Code    98  main.o(i.main)
    APBAHBPrescTable                         0x08003cc4   Data          16  stm32f4xx_hal_rcc.o(.constdata)
    Region$$Table$$Base                      0x08003cd4   Number         0  anon$$obj.o(Region$$Table)
    Region$$Table$$Limit                     0x08003cf4   Number         0  anon$$obj.o(Region$$Table)
    SystemCoreClock                          0x20000000   Data           4  system_stm32f4xx.o(.data)
    Buffer::htim                             0x20000014   Data           4  buffer.o(.data)
    USB::huart                               0x2000001c   Data           4  usb.o(.data)
    Joystic::isValid                         0x20000020   Data           1  joystic.o(.data)
    Joystic::hnrf                            0x20000024   Data           4  joystic.o(.data)
    Joystic::htim                            0x20000028   Data           4  joystic.o(.data)
    Joystic::roboLastUpdate                  0x2000002c   Data           4  joystic.o(.data)
    uwTick                                   0x20000030   Data           4  stm32f4xx_hal.o(.data)
    huart1                                   0x20000034   Data          64  usart.o(.bss)
    huart2                                   0x20000074   Data          64  usart.o(.bss)
    hi2c1                                    0x200000b4   Data          84  i2c.o(.bss)
    hspi1                                    0x20000108   Data          88  spi.o(.bss)
    htim1                                    0x200001e0   Data          60  tim.o(.bss)
    TOP                                      0x2000021c   Data          20  main.o(.bss)
    MID                                      0x20000230   Data          20  main.o(.bss)
    BOT                                      0x20000244   Data          20  main.o(.bss)
    Buffer::lastOrderEnabled                 0x20000258   Data          12  buffer.o(.bss)
    Buffer::lastOrder                        0x20000264   Data         864  buffer.o(.bss)
    Buffer::lastOrderUpdate                  0x200005c4   Data          48  buffer.o(.bss)
    Buffer::lastResponseUpdate               0x200005f4   Data          48  buffer.o(.bss)
    Buffer::response                         0x20000624   Data         384  buffer.o(.bss)
    Buffer::order                            0x200007a4   Data         216  buffer.o(.bss)
    USB::orderData                           0x200008b1   Data          21  usb.o(.bss)
    Joystic::order                           0x200008c6   Data          18  joystic.o(.bss)
    Joystic::response                        0x200008d8   Data          32  joystic.o(.bss)
    pFlash                                   0x200008f8   Data          32  stm32f4xx_hal_flash.o(.bss)
    __initial_sp                             0x20000d18   Data           0  startup_stm32f407xx.o(STACK)



==============================================================================

Memory Map of the image

  Image Entry point : 0x08000189

  Load Region LR_IROM1 (Base: 0x08000000, Size: 0x00003d28, Max: 0x00100000, ABSOLUTE)

    Execution Region ER_IROM1 (Base: 0x08000000, Size: 0x00003cf4, Max: 0x00100000, ABSOLUTE)

    Base Addr    Size         Type   Attr      Idx    E Section Name        Object

    0x08000000   0x00000188   Data   RO         1201    RESET               startup_stm32f407xx.o
    0x08000188   0x00000000   Code   RO         4091  * .ARM.Collect$$$$00000000  mc_w.l(entry.o)
    0x08000188   0x00000004   Code   RO         4357    .ARM.Collect$$$$00000001  mc_w.l(entry2.o)
    0x0800018c   0x00000004   Code   RO         4360    .ARM.Collect$$$$00000004  mc_w.l(entry5.o)
    0x08000190   0x00000000   Code   RO         4362    .ARM.Collect$$$$00000008  mc_w.l(entry7b.o)
    0x08000190   0x00000000   Code   RO         4364    .ARM.Collect$$$$0000000A  mc_w.l(entry8b.o)
    0x08000190   0x00000008   Code   RO         4365    .ARM.Collect$$$$0000000B  mc_w.l(entry9a.o)
    0x08000198   0x00000000   Code   RO         4367    .ARM.Collect$$$$0000000D  mc_w.l(entry10a.o)
    0x08000198   0x00000000   Code   RO         4369    .ARM.Collect$$$$0000000F  mc_w.l(entry11a.o)
    0x08000198   0x00000004   Code   RO         4358    .ARM.Collect$$$$00002712  mc_w.l(entry2.o)
    0x0800019c   0x00000024   Code   RO         1202    .text               startup_stm32f407xx.o
    0x080001c0   0x00000024   Code   RO         4094    .text               mc_w.l(memseta.o)
    0x080001e4   0x0000002c   Code   RO         4374    .text               mc_w.l(uidiv.o)
    0x08000210   0x00000024   Code   RO         4389    .text               mc_w.l(init.o)
    0x08000234   0x00000002   Code   RO          143    i.BusFault_Handler  stm32f4xx_it.o
    0x08000236   0x00000002   Code   RO          144    i.DebugMon_Handler  stm32f4xx_it.o
    0x08000238   0x00000006   Code   RO          145    i.EXTI0_IRQHandler  stm32f4xx_it.o
    0x0800023e   0x00000008   Code   RO          146    i.EXTI15_10_IRQHandler  stm32f4xx_it.o
    0x08000246   0x00000008   Code   RO          147    i.EXTI9_5_IRQHandler  stm32f4xx_it.o
    0x0800024e   0x00000002   Code   RO          913    i.Error_Handler     main.o
    0x08000250   0x00000058   Code   RO         1702    i.FLASH_Erase_Sector  stm32f4xx_hal_flash_ex.o
    0x080002a8   0x00000054   Code   RO         1703    i.FLASH_FlushCaches  stm32f4xx_hal_flash_ex.o
    0x080002fc   0x00000004   Code   RO          148    i.FLASH_IRQHandler  stm32f4xx_it.o
    0x08000300   0x0000007c   Code   RO         2787    i.FLASH_SetErrorCode  stm32f4xx_hal_flash.o
    0x0800037c   0x00000002   Code   RO          149    i.FPU_IRQHandler    stm32f4xx_it.o
    0x0800037e   0x00000024   Code   RO         2905    i.HAL_DMA_Abort_IT  stm32f4xx_hal_dma.o
    0x080003a2   0x00000016   Code   RO         1769    i.HAL_Delay         stm32f4xx_hal.o
    0x080003b8   0x00000002   Code   RO         2789    i.HAL_FLASH_EndOfOperationCallback  stm32f4xx_hal_flash.o
    0x080003ba   0x00000002   PAD
    0x080003bc   0x000000cc   Code   RO         2791    i.HAL_FLASH_IRQHandler  stm32f4xx_hal_flash.o
    0x08000488   0x00000002   Code   RO         2796    i.HAL_FLASH_OperationErrorCallback  stm32f4xx_hal_flash.o
    0x0800048a   0x00000002   Code   RO         3008    i.HAL_GPIO_EXTI_Callback  stm32f4xx_hal_gpio.o
    0x0800048c   0x00000018   Code   RO         3009    i.HAL_GPIO_EXTI_IRQHandler  stm32f4xx_hal_gpio.o
    0x080004a4   0x000001b0   Code   RO         3010    i.HAL_GPIO_Init     stm32f4xx_hal_gpio.o
    0x08000654   0x0000000a   Code   RO         3014    i.HAL_GPIO_WritePin  stm32f4xx_hal_gpio.o
    0x0800065e   0x00000002   PAD
    0x08000660   0x0000000c   Code   RO         1775    i.HAL_GetTick       stm32f4xx_hal.o
    0x0800066c   0x00000002   Code   RO         3417    i.HAL_I2C_AbortCpltCallback  stm32f4xx_hal_i2c.o
    0x0800066e   0x00000002   Code   RO         3418    i.HAL_I2C_AddrCallback  stm32f4xx_hal_i2c.o
    0x08000670   0x000000c4   Code   RO         3421    i.HAL_I2C_ER_IRQHandler  stm32f4xx_hal_i2c.o
    0x08000734   0x000001f0   Code   RO         3422    i.HAL_I2C_EV_IRQHandler  stm32f4xx_hal_i2c.o
    0x08000924   0x00000002   Code   RO         3424    i.HAL_I2C_ErrorCallback  stm32f4xx_hal_i2c.o
    0x08000926   0x00000002   PAD
    0x08000928   0x00000108   Code   RO         3428    i.HAL_I2C_Init      stm32f4xx_hal_i2c.o
    0x08000a30   0x00000002   Code   RO         3430    i.HAL_I2C_ListenCpltCallback  stm32f4xx_hal_i2c.o
    0x08000a32   0x00000002   Code   RO         3431    i.HAL_I2C_MasterRxCpltCallback  stm32f4xx_hal_i2c.o
    0x08000a34   0x00000002   Code   RO         3432    i.HAL_I2C_MasterTxCpltCallback  stm32f4xx_hal_i2c.o
    0x08000a36   0x00000002   Code   RO         3442    i.HAL_I2C_MemRxCpltCallback  stm32f4xx_hal_i2c.o
    0x08000a38   0x00000002   Code   RO         3443    i.HAL_I2C_MemTxCpltCallback  stm32f4xx_hal_i2c.o
    0x08000a3a   0x00000002   PAD
    0x08000a3c   0x0000006c   Code   RO          401    i.HAL_I2C_MspInit   i2c.o
    0x08000aa8   0x00000002   Code   RO         3452    i.HAL_I2C_SlaveRxCpltCallback  stm32f4xx_hal_i2c.o
    0x08000aaa   0x00000002   Code   RO         3453    i.HAL_I2C_SlaveTxCpltCallback  stm32f4xx_hal_i2c.o
    0x08000aac   0x00000010   Code   RO         1776    i.HAL_IncTick       stm32f4xx_hal.o
    0x08000abc   0x00000034   Code   RO         1777    i.HAL_Init          stm32f4xx_hal.o
    0x08000af0   0x00000028   Code   RO         1778    i.HAL_InitTick      stm32f4xx_hal.o
    0x08000b18   0x00000098   Code   RO          301    i.HAL_MspInit       stm32f4xx_hal_msp.o
    0x08000bb0   0x00000016   Code   RO         2663    i.HAL_NVIC_EnableIRQ  stm32f4xx_hal_cortex.o
    0x08000bc6   0x00000002   PAD
    0x08000bc8   0x00000040   Code   RO         2669    i.HAL_NVIC_SetPriority  stm32f4xx_hal_cortex.o
    0x08000c08   0x00000024   Code   RO         2670    i.HAL_NVIC_SetPriorityGrouping  stm32f4xx_hal_cortex.o
    0x08000c2c   0x00000002   Code   RO         1924    i.HAL_PWR_PVDCallback  stm32f4xx_hal_pwr.o
    0x08000c2e   0x00000002   PAD
    0x08000c30   0x0000001c   Code   RO         1925    i.HAL_PWR_PVD_IRQHandler  stm32f4xx_hal_pwr.o
    0x08000c4c   0x0000017c   Code   RO         1508    i.HAL_RCC_ClockConfig  stm32f4xx_hal_rcc.o
    0x08000dc8   0x0000000c   Code   RO         1513    i.HAL_RCC_GetHCLKFreq  stm32f4xx_hal_rcc.o
    0x08000dd4   0x00000030   Code   RO         1515    i.HAL_RCC_GetPCLK1Freq  stm32f4xx_hal_rcc.o
    0x08000e04   0x00000030   Code   RO         1516    i.HAL_RCC_GetPCLK2Freq  stm32f4xx_hal_rcc.o
    0x08000e34   0x00000070   Code   RO         1517    i.HAL_RCC_GetSysClockFreq  stm32f4xx_hal_rcc.o
    0x08000ea4   0x00000314   Code   RO         1520    i.HAL_RCC_OscConfig  stm32f4xx_hal_rcc.o
    0x080011b8   0x00000002   Code   RO         3819    i.HAL_SPI_ErrorCallback  stm32f4xx_hal_spi.o
    0x080011ba   0x00000002   PAD
    0x080011bc   0x000000d4   Code   RO         3822    i.HAL_SPI_IRQHandler  stm32f4xx_hal_spi.o
    0x08001290   0x00000080   Code   RO         3823    i.HAL_SPI_Init      stm32f4xx_hal_spi.o
    0x08001310   0x0000005c   Code   RO          443    i.HAL_SPI_MspInit   spi.o
    0x0800136c   0x000001d8   Code   RO         3832    i.HAL_SPI_TransmitReceive  stm32f4xx_hal_spi.o
    0x08001544   0x00000018   Code   RO         2672    i.HAL_SYSTICK_CLKSourceConfig  stm32f4xx_hal_cortex.o
    0x0800155c   0x00000002   Code   RO         2673    i.HAL_SYSTICK_Callback  stm32f4xx_hal_cortex.o
    0x0800155e   0x00000028   Code   RO         2674    i.HAL_SYSTICK_Config  stm32f4xx_hal_cortex.o
    0x08001586   0x00000008   Code   RO         2675    i.HAL_SYSTICK_IRQHandler  stm32f4xx_hal_cortex.o
    0x0800158e   0x00000002   Code   RO         1209    i.HAL_TIMEx_BreakCallback  stm32f4xx_hal_tim_ex.o
    0x08001590   0x00000002   Code   RO         1210    i.HAL_TIMEx_CommutationCallback  stm32f4xx_hal_tim_ex.o
    0x08001592   0x00000050   Code   RO         1226    i.HAL_TIMEx_MasterConfigSynchronization  stm32f4xx_hal_tim_ex.o
    0x080015e2   0x00000036   Code   RO         2031    i.HAL_TIM_Base_Init  stm32f4xx_hal_tim.o
    0x08001618   0x0000003c   Code   RO          872    i.HAL_TIM_Base_MspInit  tim.o
    0x08001654   0x00000018   Code   RO         2036    i.HAL_TIM_Base_Start_IT  stm32f4xx_hal_tim.o
    0x0800166c   0x000000f2   Code   RO         2040    i.HAL_TIM_ConfigClockSource  stm32f4xx_hal_tim.o
    0x0800175e   0x00000002   Code   RO         2060    i.HAL_TIM_IC_CaptureCallback  stm32f4xx_hal_tim.o
    0x08001760   0x00000166   Code   RO         2073    i.HAL_TIM_IRQHandler  stm32f4xx_hal_tim.o
    0x080018c6   0x00000002   Code   RO         2076    i.HAL_TIM_OC_DelayElapsedCallback  stm32f4xx_hal_tim.o
    0x080018c8   0x00000002   Code   RO         2103    i.HAL_TIM_PWM_PulseFinishedCallback  stm32f4xx_hal_tim.o
    0x080018ca   0x00000002   PAD
    0x080018cc   0x00000020   Code   RO          914    i.HAL_TIM_PeriodElapsedCallback  main.o
    0x080018ec   0x00000002   Code   RO         2114    i.HAL_TIM_TriggerCallback  stm32f4xx_hal_tim.o
    0x080018ee   0x00000002   Code   RO         3094    i.HAL_UART_ErrorCallback  stm32f4xx_hal_uart.o
    0x080018f0   0x00000110   Code   RO         3097    i.HAL_UART_IRQHandler  stm32f4xx_hal_uart.o
    0x08001a00   0x00000062   Code   RO         3098    i.HAL_UART_Init     stm32f4xx_hal_uart.o
    0x08001a62   0x00000002   PAD
    0x08001a64   0x0000008c   Code   RO          353    i.HAL_UART_MspInit  usart.o
    0x08001af0   0x00000048   Code   RO         3103    i.HAL_UART_Receive_IT  stm32f4xx_hal_uart.o
    0x08001b38   0x0000000c   Code   RO          915    i.HAL_UART_RxCpltCallback  main.o
    0x08001b44   0x0000003e   Code   RO         3108    i.HAL_UART_Transmit_IT  stm32f4xx_hal_uart.o
    0x08001b82   0x00000002   PAD
    0x08001b84   0x0000000c   Code   RO          916    i.HAL_UART_TxCpltCallback  main.o
    0x08001b90   0x00000002   Code   RO          150    i.HardFault_Handler  stm32f4xx_it.o
    0x08001b92   0x00000002   PAD
    0x08001b94   0x0000000c   Code   RO          151    i.I2C1_ER_IRQHandler  stm32f4xx_it.o
    0x08001ba0   0x0000000c   Code   RO          152    i.I2C1_EV_IRQHandler  stm32f4xx_it.o
    0x08001bac   0x0000004e   Code   RO         3462    i.I2C_DMAAbort      stm32f4xx_hal_i2c.o
    0x08001bfa   0x00000002   PAD
    0x08001bfc   0x00000124   Code   RO         3465    i.I2C_ITError       stm32f4xx_hal_i2c.o
    0x08001d20   0x000000c4   Code   RO         3467    i.I2C_MasterReceive_BTF  stm32f4xx_hal_i2c.o
    0x08001de4   0x000000b6   Code   RO         3468    i.I2C_MasterReceive_RXNE  stm32f4xx_hal_i2c.o
    0x08001e9a   0x00000080   Code   RO         3471    i.I2C_MasterTransmit_BTF  stm32f4xx_hal_i2c.o
    0x08001f1a   0x00000002   PAD
    0x08001f1c   0x00000108   Code   RO         3472    i.I2C_MasterTransmit_TXE  stm32f4xx_hal_i2c.o
    0x08002024   0x000000f4   Code   RO         3473    i.I2C_Master_ADDR   stm32f4xx_hal_i2c.o
    0x08002118   0x0000005a   Code   RO         3474    i.I2C_Master_SB     stm32f4xx_hal_i2c.o
    0x08002172   0x00000002   PAD
    0x08002174   0x00000084   Code   RO         3477    i.I2C_Slave_AF      stm32f4xx_hal_i2c.o
    0x080021f8   0x000000dc   Code   RO         3478    i.I2C_Slave_STOPF   stm32f4xx_hal_i2c.o
    0x080022d4   0x000001bc   Code   RO          325    i.MX_GPIO_Init      gpio.o
    0x08002490   0x00000040   Code   RO          402    i.MX_I2C1_Init      i2c.o
    0x080024d0   0x00000048   Code   RO          444    i.MX_SPI1_Init      spi.o
    0x08002518   0x00000060   Code   RO          873    i.MX_TIM1_Init      tim.o
    0x08002578   0x0000003c   Code   RO          354    i.MX_USART1_UART_Init  usart.o
    0x080025b4   0x0000003c   Code   RO          355    i.MX_USART2_UART_Init  usart.o
    0x080025f0   0x00000002   Code   RO          153    i.MemManage_Handler  stm32f4xx_it.o
    0x080025f2   0x00000002   Code   RO          154    i.NMI_Handler       stm32f4xx_it.o
    0x080025f4   0x00000020   Code   RO         2676    i.NVIC_SetPriority  stm32f4xx_hal_cortex.o
    0x08002614   0x00000004   Code   RO          155    i.PVD_IRQHandler    stm32f4xx_it.o
    0x08002618   0x00000002   Code   RO          156    i.PendSV_Handler    stm32f4xx_it.o
    0x0800261a   0x00000002   Code   RO          157    i.RCC_IRQHandler    stm32f4xx_it.o
    0x0800261c   0x0000000c   Code   RO          158    i.SPI1_IRQHandler   stm32f4xx_it.o
    0x08002628   0x00000020   Code   RO         3845    i.SPI_CheckFlag_BSY  stm32f4xx_hal_spi.o
    0x08002648   0x00000010   Code   RO         3849    i.SPI_DMAAbortOnError  stm32f4xx_hal_spi.o
    0x08002658   0x00000096   Code   RO         3861    i.SPI_WaitFlagStateUntilTimeout  stm32f4xx_hal_spi.o
    0x080026ee   0x00000002   Code   RO          159    i.SVC_Handler       stm32f4xx_it.o
    0x080026f0   0x0000000e   Code   RO          160    i.SysTick_Handler   stm32f4xx_it.o
    0x080026fe   0x00000002   PAD
    0x08002700   0x00000054   Code   RO            5    i.SystemInit        system_stm32f4xx.o
    0x08002754   0x0000000c   Code   RO          161    i.TIM1_UP_TIM10_IRQHandler  stm32f4xx_it.o
    0x08002760   0x000000c0   Code   RO         2115    i.TIM_Base_SetConfig  stm32f4xx_hal_tim.o
    0x08002820   0x00000014   Code   RO         2122    i.TIM_ETR_SetConfig  stm32f4xx_hal_tim.o
    0x08002834   0x00000010   Code   RO         2123    i.TIM_ITRx_SetConfig  stm32f4xx_hal_tim.o
    0x08002844   0x00000022   Code   RO         2129    i.TIM_TI1_ConfigInputStage  stm32f4xx_hal_tim.o
    0x08002866   0x00000024   Code   RO         2131    i.TIM_TI2_ConfigInputStage  stm32f4xx_hal_tim.o
    0x0800288a   0x00000010   Code   RO         3111    i.UART_DMAAbortOnError  stm32f4xx_hal_uart.o
    0x0800289a   0x0000001c   Code   RO         3121    i.UART_EndRxTransfer  stm32f4xx_hal_uart.o
    0x080028b6   0x0000008c   Code   RO         3123    i.UART_Receive_IT   stm32f4xx_hal_uart.o
    0x08002942   0x00000002   PAD
    0x08002944   0x000002ac   Code   RO         3124    i.UART_SetConfig    stm32f4xx_hal_uart.o
    0x08002bf0   0x00000062   Code   RO         3125    i.UART_Transmit_IT  stm32f4xx_hal_uart.o
    0x08002c52   0x00000002   PAD
    0x08002c54   0x0000000c   Code   RO          162    i.USART1_IRQHandler  stm32f4xx_it.o
    0x08002c60   0x0000000c   Code   RO          163    i.USART2_IRQHandler  stm32f4xx_it.o
    0x08002c6c   0x00000002   Code   RO          164    i.UsageFault_Handler  stm32f4xx_it.o
    0x08002c6e   0x00000002   PAD
    0x08002c70   0x0000009c   Code   RO          917    i._Z18SystemClock_Configv  main.o
    0x08002d0c   0x0000004c   Code   RO          918    i._Z7NRFInitv       main.o
    0x08002d58   0x0000000c   Code   RO          770    i._ZN3LED2onEv      robot.o
    0x08002d64   0x0000000c   Code   RO          771    i._ZN3LED3offEv     robot.o
    0x08002d70   0x00000032   Code   RO          484    i._ZN3NRF10get_StatusEv  nrf24l01.o
    0x08002da2   0x0000007a   Code   RO          485    i._ZN3NRF10init_miladEcccPcccc  nrf24l01.o
    0x08002e1c   0x0000004a   Code   RO          486    i._ZN3NRF10readRegBufEcPci  nrf24l01.o
    0x08002e66   0x0000000a   Code   RO          487    i._ZN3NRF11read_RX_BufEPci  nrf24l01.o
    0x08002e70   0x0000004c   Code   RO          488    i._ZN3NRF11set_RX_PipeEcPcic  nrf24l01.o
    0x08002ebc   0x0000004a   Code   RO          489    i._ZN3NRF11writeRegBufEcPci  nrf24l01.o
    0x08002f06   0x0000000a   Code   RO          490    i._ZN3NRF12write_TX_BufEPci  nrf24l01.o
    0x08002f10   0x0000001c   Code   RO          491    i._ZN3NRF14set_ShockBurstEc  nrf24l01.o
    0x08002f2c   0x0000000a   Code   RO          492    i._ZN3NRF14set_TX_AddressEPci  nrf24l01.o
    0x08002f36   0x00000008   Code   RO          494    i._ZN3NRF16clear_InterruptsEv  nrf24l01.o
    0x08002f3e   0x00000008   Code   RO          496    i._ZN3NRF17set_Address_WidthEc  nrf24l01.o
    0x08002f46   0x0000001c   Code   RO          500    i._ZN3NRF5SPI_LEc   nrf24l01.o
    0x08002f62   0x0000000a   Code   RO          502    i._ZN3NRF6set_CHEc  nrf24l01.o
    0x08002f6c   0x00000034   Code   RO          503    i._ZN3NRF7readRegEc  nrf24l01.o
    0x08002fa0   0x00000028   Code   RO          505    i._ZN3NRF8flush_RXEv  nrf24l01.o
    0x08002fc8   0x00000028   Code   RO          506    i._ZN3NRF8flush_TXEv  nrf24l01.o
    0x08002ff0   0x00000036   Code   RO          507    i._ZN3NRF8writeRegEcc  nrf24l01.o
    0x08003026   0x00000022   Code   RO          508    i._ZN3NRF9clear_AllEv  nrf24l01.o
    0x08003048   0x00000048   Code   RO         1060    i._ZN3USB3getEv     usb.o
    0x08003090   0x00000018   Code   RO         1061    i._ZN3USB4initEP18UART_HandleTypeDef  usb.o
    0x080030a8   0x00000040   Code   RO         1062    i._ZN3USB4sendEh    usb.o
    0x080030e8   0x00000014   Code   RO         1063    i._ZN3USB7receiveEP18UART_HandleTypeDef  usb.o
    0x080030fc   0x0000001c   Code   RO         1064    i._ZN3USB8transmitEP18UART_HandleTypeDef  usb.o
    0x08003118   0x0000001a   Code   RO          772    i._ZN5Robot10readBufferEP3NRFPc  robot.o
    0x08003132   0x00000002   PAD
    0x08003134   0x0000004c   Code   RO          773    i._ZN5Robot11changeRobotEP3NRFh  robot.o
    0x08003180   0x0000001a   Code   RO          774    i._ZN5Robot11writeBufferEP3NRFPc  robot.o
    0x0800319a   0x00000002   PAD
    0x0800319c   0x000000c4   Code   RO          775    i._ZN5Robot4initEP3NRFS1_  robot.o
    0x08003260   0x00000158   Code   RO          776    i._ZN5Robot6updateEv  robot.o
    0x080033b8   0x00000068   Code   RO          777    i._ZN5Robot7nrfInitEP3NRF  robot.o
    0x08003420   0x00000068   Code   RO          778    i._ZN5Robot8transmitEv  robot.o
    0x08003488   0x00000014   Code   RO          779    i._ZN5Robot9dataReadyEP3NRF  robot.o
    0x0800349c   0x00000064   Code   RO          997    i._ZN6Buffer10timePassedEP17TIM_HandleTypeDef  buffer.o
    0x08003500   0x0000009c   Code   RO          998    i._ZN6Buffer10writeOrderEhPc  buffer.o
    0x0800359c   0x0000001c   Code   RO          999    i._ZN6Buffer13clearResponseEh  buffer.o
    0x080035b8   0x00000050   Code   RO         1000    i._ZN6Buffer13writeResponseEhPc  buffer.o
    0x08003608   0x0000006c   Code   RO         1001    i._ZN6Buffer4initEP17TIM_HandleTypeDef  buffer.o
    0x08003674   0x00000038   Code   RO         1002    i._ZN6Buffer9freeWheelEh  buffer.o
    0x080036ac   0x00000030   Code   RO         1121    i._ZN7Joystic10Clear_DataEv  joystic.o
    0x080036dc   0x00000030   Code   RO         1122    i._ZN7Joystic10Data_ReadyEv  joystic.o
    0x0800370c   0x00000034   Code   RO         1123    i._ZN7Joystic10Write_DataEv  joystic.o
    0x08003740   0x00000028   Code   RO         1124    i._ZN7Joystic11Time_PassedEP17TIM_HandleTypeDef  joystic.o
    0x08003768   0x0000002c   Code   RO         1125    i._ZN7Joystic4InitEP3NRFP17TIM_HandleTypeDef  joystic.o
    0x08003794   0x00000038   Code   RO         1126    i._ZN7Joystic6UpdateEv  joystic.o
    0x080037cc   0x0000002c   Code   RO         1127    i._ZN7Joystic7ReceiveEb  joystic.o
    0x080037f8   0x00000090   Code   RO         1128    i._ZN7Joystic8NRF_InitEv  joystic.o
    0x08003888   0x00000034   Code   RO         1129    i._ZN7Joystic9Read_DataEv  joystic.o
    0x080038bc   0x00000028   Code   RO         4253    i.__0sprintf$6      mc_w.l(printf6.o)
    0x080038e4   0x0000000e   Code   RO         4403    i.__scatterload_copy  mc_w.l(handlers.o)
    0x080038f2   0x00000002   Code   RO         4404    i.__scatterload_null  mc_w.l(handlers.o)
    0x080038f4   0x0000000e   Code   RO         4405    i.__scatterload_zeroinit  mc_w.l(handlers.o)
    0x08003902   0x00000002   PAD
    0x08003904   0x000002f0   Code   RO         4258    i._printf_core      mc_w.l(printf6.o)
    0x08003bf4   0x00000024   Code   RO         4259    i._printf_post_padding  mc_w.l(printf6.o)
    0x08003c18   0x0000002e   Code   RO         4260    i._printf_pre_padding  mc_w.l(printf6.o)
    0x08003c46   0x0000000a   Code   RO         4262    i._sputc            mc_w.l(printf6.o)
    0x08003c50   0x00000074   Code   RO          919    i.main              main.o
    0x08003cc4   0x00000010   Data   RO         1521    .constdata          stm32f4xx_hal_rcc.o
    0x08003cd4   0x00000020   Data   RO         4401    Region$$Table       anon$$obj.o


    Execution Region RW_IRAM1 (Base: 0x20000000, Size: 0x00000d18, Max: 0x00020000, ABSOLUTE)

    Base Addr    Size         Type   Attr      Idx    E Section Name        Object

    0x20000000   0x00000004   Data   RW            8    .data               system_stm32f4xx.o
    0x20000004   0x00000001   Data   RW          791    .data               robot.o
    0x20000005   0x00000003   PAD
    0x20000008   0x0000000c   Data   RW          928    .data               main.o
    0x20000014   0x00000004   Data   RW         1010    .data               buffer.o
    0x20000018   0x00000008   Data   RW         1071    .data               usb.o
    0x20000020   0x00000010   Data   RW         1140    .data               joystic.o
    0x20000030   0x00000004   Data   RW         1783    .data               stm32f4xx_hal.o
    0x20000034   0x00000080   Zero   RW          356    .bss                usart.o
    0x200000b4   0x00000054   Zero   RW          403    .bss                i2c.o
    0x20000108   0x00000058   Zero   RW          445    .bss                spi.o
    0x20000160   0x00000080   Zero   RW          790    .bss                robot.o
    0x200001e0   0x0000003c   Zero   RW          874    .bss                tim.o
    0x2000021c   0x0000003c   Zero   RW          927    .bss                main.o
    0x20000258   0x00000624   Zero   RW         1009    .bss                buffer.o
    0x2000087c   0x0000004a   Zero   RW         1070    .bss                usb.o
    0x200008c6   0x00000032   Zero   RW         1139    .bss                joystic.o
    0x200008f8   0x00000020   Zero   RW         2800    .bss                stm32f4xx_hal_flash.o
    0x20000918   0x00000400   Zero   RW         1199    STACK               startup_stm32f407xx.o


==============================================================================

Image component sizes


      Code (inc. data)   RO Data    RW Data    ZI Data      Debug   Object Name

       528         64          0          4       1572       5508   buffer.o
       444         30          0          0          0       1155   gpio.o
       172         28          0          0         84       1621   i2c.o
       528         62          0         16         50       6556   joystic.o
       406         60          0         12         60       7144   main.o
       728          0          0          0          0     687700   nrf24l01.o
       920        110          0          1        128       8504   robot.o
       164         24          0          0         88       1625   spi.o
        36          8        392          0       1024        804   startup_stm32f407xx.o
       142         22          0          4          0       4407   stm32f4xx_hal.o
       228         14          0          0          0      32149   stm32f4xx_hal_cortex.o
        36          0          0          0          0       1227   stm32f4xx_hal_dma.o
       332         18          0          0         32       2766   stm32f4xx_hal_flash.o
       172          8          0          0          0       1333   stm32f4xx_hal_flash_ex.o
       468         50          0          0          0       3700   stm32f4xx_hal_gpio.o
      2802         48          0          0          0      20057   stm32f4xx_hal_i2c.o
       152          0          0          0          0        558   stm32f4xx_hal_msp.o
        30          6          0          0          0       1111   stm32f4xx_hal_pwr.o
      1388         76         16          0          0       5951   stm32f4xx_hal_rcc.o
      1012          4          0          0          0       6666   stm32f4xx_hal_spi.o
       984         44          0          0          0       9883   stm32f4xx_hal_tim.o
        84          0          0          0          0       2414   stm32f4xx_hal_tim_ex.o
      1472         14          0          0          0       7932   stm32f4xx_hal_uart.o
       136         36          0          0          0      10110   stm32f4xx_it.o
        84         18          0          4          0     691687   system_stm32f4xx.o
       156         20          0          0         60       1646   tim.o
       260         44          0          0        128       2287   usart.o
       208         46          0          8         74       4648   usb.o

    ----------------------------------------------------------------------
     14112        854        440         52       3300    1531149   Object Totals
         0          0         32          0          0          0   (incl. Generated)
        40          0          0          3          0          0   (incl. Padding)

    ----------------------------------------------------------------------

      Code (inc. data)   RO Data    RW Data    ZI Data      Debug   Library Member Name

         0          0          0          0          0          0   entry.o
         0          0          0          0          0          0   entry10a.o
         0          0          0          0          0          0   entry11a.o
         8          4          0          0          0          0   entry2.o
         4          0          0          0          0          0   entry5.o
         0          0          0          0          0          0   entry7b.o
         0          0          0          0          0          0   entry8b.o
         8          4          0          0          0          0   entry9a.o
        30          0          0          0          0          0   handlers.o
        36          8          0          0          0         68   init.o
        36          0          0          0          0        108   memseta.o
       884         10          0          0          0        420   printf6.o
        44          0          0          0          0         80   uidiv.o

    ----------------------------------------------------------------------
      1052         26          0          0          0        676   Library Totals
         2          0          0          0          0          0   (incl. Padding)

    ----------------------------------------------------------------------

      Code (inc. data)   RO Data    RW Data    ZI Data      Debug   Library Name

      1050         26          0          0          0        676   mc_w.l

    ----------------------------------------------------------------------
      1052         26          0          0          0        676   Library Totals

    ----------------------------------------------------------------------

==============================================================================


      Code (inc. data)   RO Data    RW Data    ZI Data      Debug   

     15164        880        440         52       3300    1514769   Grand Totals
     15164        880        440         52       3300    1514769   ELF Image Totals
     15164        880        440         52          0          0   ROM Totals

==============================================================================

    Total RO  Size (Code + RO Data)                15604 (  15.24kB)
    Total RW  Size (RW Data + ZI Data)              3352 (   3.27kB)
    Total ROM Size (Code + RO Data + RW Data)      15656 (  15.29kB)

==============================================================================

