Component: ARM Compiler 5.06 update 4 (build 422) Tool: armlink [4d35d2]

==============================================================================

Section Cross References

    usbd_ioreq.o(i.USBD_CtlContinueRx) refers to usbd_conf.o(i.USBD_LL_PrepareReceive) for USBD_LL_PrepareReceive
    usbd_ioreq.o(i.USBD_CtlContinueSendData) refers to usbd_conf.o(i.USBD_LL_Transmit) for USBD_LL_Transmit
    usbd_ioreq.o(i.USBD_CtlPrepareRx) refers to usbd_conf.o(i.USBD_LL_PrepareReceive) for USBD_LL_PrepareReceive
    usbd_ioreq.o(i.USBD_CtlReceiveStatus) refers to usbd_conf.o(i.USBD_LL_PrepareReceive) for USBD_LL_PrepareReceive
    usbd_ioreq.o(i.USBD_CtlSendData) refers to usbd_conf.o(i.USBD_LL_Transmit) for USBD_LL_Transmit
    usbd_ioreq.o(i.USBD_CtlSendStatus) refers to usbd_conf.o(i.USBD_LL_Transmit) for USBD_LL_Transmit
    usbd_ioreq.o(i.USBD_GetRxCount) refers to usbd_conf.o(i.USBD_LL_GetRxDataSize) for USBD_LL_GetRxDataSize
    usbd_ioreq.o(.ARM.exidx) refers to usbd_ioreq.o(i.USBD_CtlSendData) for i.USBD_CtlSendData
    usbd_ioreq.o(.ARM.exidx) refers to usbd_ioreq.o(i.USBD_CtlContinueSendData) for i.USBD_CtlContinueSendData
    usbd_ioreq.o(.ARM.exidx) refers to usbd_ioreq.o(i.USBD_CtlPrepareRx) for i.USBD_CtlPrepareRx
    usbd_ioreq.o(.ARM.exidx) refers to usbd_ioreq.o(i.USBD_CtlContinueRx) for i.USBD_CtlContinueRx
    usbd_ioreq.o(.ARM.exidx) refers to usbd_ioreq.o(i.USBD_CtlSendStatus) for i.USBD_CtlSendStatus
    usbd_ioreq.o(.ARM.exidx) refers to usbd_ioreq.o(i.USBD_CtlReceiveStatus) for i.USBD_CtlReceiveStatus
    usbd_ioreq.o(.ARM.exidx) refers to usbd_ioreq.o(i.USBD_GetRxCount) for i.USBD_GetRxCount
    usbd_cdc.o(i.USBD_CDC_ReceivePacket) refers to usbd_conf.o(i.USBD_LL_PrepareReceive) for USBD_LL_PrepareReceive
    usbd_cdc.o(i.USBD_CDC_TransmitPacket) refers to usbd_conf.o(i.USBD_LL_Transmit) for USBD_LL_Transmit
    usbd_cdc.o(i._Z13USBD_CDC_InitP19_USBD_HandleTypeDefh) refers to usbd_conf.o(i.USBD_LL_OpenEP) for USBD_LL_OpenEP
    usbd_cdc.o(i._Z13USBD_CDC_InitP19_USBD_HandleTypeDefh) refers to usbd_conf.o(i.USBD_static_malloc) for USBD_static_malloc
    usbd_cdc.o(i._Z13USBD_CDC_InitP19_USBD_HandleTypeDefh) refers to usbd_conf.o(i.USBD_LL_PrepareReceive) for USBD_LL_PrepareReceive
    usbd_cdc.o(i._Z14USBD_CDC_SetupP19_USBD_HandleTypeDefP13usb_setup_req) refers to usbd_ioreq.o(i.USBD_CtlPrepareRx) for USBD_CtlPrepareRx
    usbd_cdc.o(i._Z14USBD_CDC_SetupP19_USBD_HandleTypeDefP13usb_setup_req) refers to usbd_ioreq.o(i.USBD_CtlSendData) for USBD_CtlSendData
    usbd_cdc.o(i._Z14USBD_CDC_SetupP19_USBD_HandleTypeDefP13usb_setup_req) refers to usbd_cdc.o(.data) for .data
    usbd_cdc.o(i._Z15USBD_CDC_DeInitP19_USBD_HandleTypeDefh) refers to usbd_conf.o(i.USBD_LL_CloseEP) for USBD_LL_CloseEP
    usbd_cdc.o(i._Z15USBD_CDC_DeInitP19_USBD_HandleTypeDefh) refers to usbd_conf.o(i.USBD_static_free) for USBD_static_free
    usbd_cdc.o(i._Z16USBD_CDC_DataOutP19_USBD_HandleTypeDefh) refers to usbd_conf.o(i.USBD_LL_GetRxDataSize) for USBD_LL_GetRxDataSize
    usbd_cdc.o(i._Z21USBD_CDC_GetFSCfgDescPt) refers to usbd_cdc.o(.data) for .data
    usbd_cdc.o(i._Z21USBD_CDC_GetHSCfgDescPt) refers to usbd_cdc.o(.data) for .data
    usbd_cdc.o(i._Z29USBD_CDC_GetOtherSpeedCfgDescPt) refers to usbd_cdc.o(.data) for .data
    usbd_cdc.o(i._Z37USBD_CDC_GetDeviceQualifierDescriptorPt) refers to usbd_cdc.o(.data) for .data
    usbd_cdc.o(.ARM.exidx) refers to usbd_cdc.o(i._Z13USBD_CDC_InitP19_USBD_HandleTypeDefh) for i._Z13USBD_CDC_InitP19_USBD_HandleTypeDefh
    usbd_cdc.o(.ARM.exidx) refers to usbd_cdc.o(i._Z15USBD_CDC_DeInitP19_USBD_HandleTypeDefh) for i._Z15USBD_CDC_DeInitP19_USBD_HandleTypeDefh
    usbd_cdc.o(.ARM.exidx) refers to usbd_cdc.o(i._Z14USBD_CDC_SetupP19_USBD_HandleTypeDefP13usb_setup_req) for i._Z14USBD_CDC_SetupP19_USBD_HandleTypeDefP13usb_setup_req
    usbd_cdc.o(.ARM.exidx) refers to usbd_cdc.o(i._Z15USBD_CDC_DataInP19_USBD_HandleTypeDefh) for i._Z15USBD_CDC_DataInP19_USBD_HandleTypeDefh
    usbd_cdc.o(.ARM.exidx) refers to usbd_cdc.o(i._Z16USBD_CDC_DataOutP19_USBD_HandleTypeDefh) for i._Z16USBD_CDC_DataOutP19_USBD_HandleTypeDefh
    usbd_cdc.o(.ARM.exidx) refers to usbd_cdc.o(i._Z20USBD_CDC_EP0_RxReadyP19_USBD_HandleTypeDef) for i._Z20USBD_CDC_EP0_RxReadyP19_USBD_HandleTypeDef
    usbd_cdc.o(.ARM.exidx) refers to usbd_cdc.o(i._Z21USBD_CDC_GetFSCfgDescPt) for i._Z21USBD_CDC_GetFSCfgDescPt
    usbd_cdc.o(.ARM.exidx) refers to usbd_cdc.o(i._Z21USBD_CDC_GetHSCfgDescPt) for i._Z21USBD_CDC_GetHSCfgDescPt
    usbd_cdc.o(.ARM.exidx) refers to usbd_cdc.o(i._Z29USBD_CDC_GetOtherSpeedCfgDescPt) for i._Z29USBD_CDC_GetOtherSpeedCfgDescPt
    usbd_cdc.o(.ARM.exidx) refers to usbd_cdc.o(i._Z37USBD_CDC_GetDeviceQualifierDescriptorPt) for i._Z37USBD_CDC_GetDeviceQualifierDescriptorPt
    usbd_cdc.o(.ARM.exidx) refers to usbd_cdc.o(i.USBD_CDC_RegisterInterface) for i.USBD_CDC_RegisterInterface
    usbd_cdc.o(.ARM.exidx) refers to usbd_cdc.o(i.USBD_CDC_SetTxBuffer) for i.USBD_CDC_SetTxBuffer
[...]
    Removing usbd_desc.o(.ARM.exidx), (8 bytes).
    Removing usbd_desc.o(.ARM.exidx), (8 bytes).
    Removing usbd_desc.o(.ARM.exidx), (8 bytes).
    Removing computer.o(.rev16_text), (4 bytes).
    Removing computer.o(.revsh_text), (4 bytes).
    Removing computer.o(.rrx_text), (6 bytes).
    Removing computer.o(i._ZN8Computer11parseHeaderEv), (92 bytes).
    Removing computer.o(i._ZN8Computer12readResponseEh), (88 bytes).
    Removing computer.o(.ARM.exidx), (8 bytes).
    Removing computer.o(.ARM.exidx), (8 bytes).
    Removing computer.o(.ARM.exidx), (8 bytes).
    Removing computer.o(.ARM.exidx), (8 bytes).
    Removing computer.o(.ARM.exidx), (8 bytes).
    Removing computer.o(.ARM.exidx), (8 bytes).
    Removing computer.o(.ARM.exidx), (8 bytes).
    Removing computer.o(.ARM.exidx), (8 bytes).
    Removing main.o(.rev16_text), (4 bytes).
    Removing main.o(.revsh_text), (4 bytes).
    Removing main.o(.rrx_text), (6 bytes).
    Removing main.o(.ARM.exidx), (8 bytes).
    Removing main.o(.ARM.exidx), (8 bytes).
    Removing main.o(.ARM.exidx), (8 bytes).
    Removing main.o(.ARM.exidx), (8 bytes).
    Removing main.o(.ARM.exidx), (8 bytes).
    Removing wireless.o(.rev16_text), (4 bytes).
    Removing wireless.o(.revsh_text), (4 bytes).
    Removing wireless.o(.rrx_text), (6 bytes).
    Removing wireless.o(.ARM.exidx), (8 bytes).
    Removing wireless.o(.ARM.exidx), (8 bytes).
    Removing wireless.o(.ARM.exidx), (8 bytes).
    Removing wireless.o(.ARM.exidx), (8 bytes).
    Removing wireless.o(.ARM.exidx), (8 bytes).
    Removing wireless.o(.ARM.exidx), (8 bytes).
    Removing startup_stm32f103xb.o(HEAP), (512 bytes).

632 unused section(s) (total 12648 bytes) removed from the image.

==============================================================================

Image Symbol Table

    Local Symbols

    Symbol Name                              Value     Ov Type        Size  Object(Section)

    ../Drivers/STM32F1xx_HAL_Driver/Src/stm32f1xx_hal.c 0x00000000   Number         0  stm32f1xx_hal.o ABSOLUTE
    ../Drivers/STM32F1xx_HAL_Driver/Src/stm32f1xx_hal_cortex.c 0x00000000   Number         0  stm32f1xx_hal_cortex.o ABSOLUTE
    ../Drivers/STM32F1xx_HAL_Driver/Src/stm32f1xx_hal_dma.c 0x00000000   Number         0  stm32f1xx_hal_dma.o ABSOLUTE
    ../Drivers/STM32F1xx_HAL_Driver/Src/stm32f1xx_hal_flash.c 0x00000000   Number         0  stm32f1xx_hal_flash.o ABSOLUTE
    ../Drivers/STM32F1xx_HAL_Driver/Src/stm32f1xx_hal_flash_ex.c 0x00000000   Number         0  stm32f1xx_hal_flash_ex.o ABSOLUTE
    ../Drivers/STM32F1xx_HAL_Driver/Src/stm32f1xx_hal_gpio.c 0x00000000   Number         0  stm32f1xx_hal_gpio.o ABSOLUTE
    ../Drivers/STM32F1xx_HAL_Driver/Src/stm32f1xx_hal_gpio_ex.c 0x00000000   Number         0  stm32f1xx_hal_gpio_ex.o ABSOLUTE
    ../Drivers/STM32F1xx_HAL_Driver/Src/stm32f1xx_hal_pcd.c 0x00000000   Number         0  stm32f1xx_hal_pcd.o ABSOLUTE
    ../Drivers/STM32F1xx_HAL_Driver/Src/stm32f1xx_hal_pcd_ex.c 0x00000000   Number         0  stm32f1xx_hal_pcd_ex.o ABSOLUTE
    ../Drivers/STM32F1xx_HAL_Driver/Src/stm32f1xx_hal_pwr.c 0x00000000   Number         0  stm32f1xx_hal_pwr.o ABSOLUTE
    ../Drivers/STM32F1xx_HAL_Driver/Src/stm32f1xx_hal_rcc.c 0x00000000   Number         0  stm32f1xx_hal_rcc.o ABSOLUTE
    ../Drivers/STM32F1xx_HAL_Driver/Src/stm32f1xx_hal_rcc_ex.c 0x00000000   Number         0  stm32f1xx_hal_rcc_ex.o ABSOLUTE
    ../Drivers/STM32F1xx_HAL_Driver/Src/stm32f1xx_hal_tim.c 0x00000000   Number         0  stm32f1xx_hal_tim.o ABSOLUTE
    ../Drivers/STM32F1xx_HAL_Driver/Src/stm32f1xx_hal_tim_ex.c 0x00000000   Number         0  stm32f1xx_hal_tim_ex.o ABSOLUTE
    ../Drivers/STM32F1xx_HAL_Driver/Src/stm32f1xx_hal_uart.c 0x00000000   Number         0  stm32f1xx_hal_uart.o ABSOLUTE
    ../Drivers/STM32F1xx_HAL_Driver/Src/stm32f1xx_ll_usb.c 0x00000000   Number         0  stm32f1xx_ll_usb.o ABSOLUTE
    ../Middlewares/ST/STM32_USB_Device_Library/Class/CDC/Src/usbd_cdc.c 0x00000000   Number         0  usbd_cdc.o ABSOLUTE
    ../Middlewares/ST/STM32_USB_Device_Library/Core/Src/usbd_core.c 0x00000000   Number         0  usbd_core.o ABSOLUTE
    ../Middlewares/ST/STM32_USB_Device_Library/Core/Src/usbd_ctlreq.c 0x00000000   Number         0  usbd_ctlreq.o ABSOLUTE
    ../Middlewares/ST/STM32_USB_Device_Library/Core/Src/usbd_ioreq.c 0x00000000   Number         0  usbd_ioreq.o ABSOLUTE
    ../Src/gpio.c                            0x00000000   Number         0  gpio.o ABSOLUTE
    ../Src/stm32f1xx_hal_msp.c               0x00000000   Number         0  stm32f1xx_hal_msp.o ABSOLUTE
    ../Src/stm32f1xx_it.c                    0x00000000   Number         0  stm32f1xx_it.o ABSOLUTE
    ../Src/system_stm32f1xx.c                0x00000000   Number         0  system_stm32f1xx.o ABSOLUTE
    ../Src/usart.c                           0x00000000   Number         0  usart.o ABSOLUTE
    ../Src/usb_device.c                      0x00000000   Number         0  usb_device.o ABSOLUTE
    ../Src/usbd_cdc_if.c                     0x00000000   Number         0  usbd_cdc_if.o ABSOLUTE
    ../Src/usbd_conf.c                       0x00000000   Number         0  usbd_conf.o ABSOLUTE
    ../Src/usbd_desc.c                       0x00000000   Number         0  usbd_desc.o ABSOLUTE
    ../clib/../cmprslib/zerorunl2.c          0x00000000   Number         0  __dczerorl2.o ABSOLUTE
    ../clib/microlib/init/entry.s            0x00000000   Number         0  entry9b.o ABSOLUTE
    ../clib/microlib/init/entry.s            0x00000000   Number         0  entry7a.o ABSOLUTE
    ../clib/microlib/init/entry.s            0x00000000   Number         0  entry11b.o ABSOLUTE
    ../clib/microlib/init/entry.s            0x00000000   Number         0  entry11a.o ABSOLUTE
    ../clib/microlib/init/entry.s            0x00000000   Number         0  entry10b.o ABSOLUTE
    ../clib/microlib/init/entry.s            0x00000000   Number         0  entry10a.o ABSOLUTE
    ../clib/microlib/init/entry.s            0x00000000   Number         0  entry9a.o ABSOLUTE
    ../clib/microlib/init/entry.s            0x00000000   Number         0  entry8b.o ABSOLUTE
    ../clib/microlib/init/entry.s            0x00000000   Number         0  entry8a.o ABSOLUTE
    ../clib/microlib/init/entry.s            0x00000000   Number         0  entry7b.o ABSOLUTE
    ../clib/microlib/init/entry.s            0x00000000   Number         0  entry5.o ABSOLUTE
    ../clib/microlib/init/entry.s            0x00000000   Number         0  entry2.o ABSOLUTE
    ../clib/microlib/init/entry.s            0x00000000   Number         0  entry.o ABSOLUTE
    ../clib/microlib/longlong.c              0x00000000   Number         0  llushr.o ABSOLUTE
    ../clib/microlib/string/memcpy.c         0x00000000   Number         0  memcpya.o ABSOLUTE
    ../clib/microlib/string/memcpy.c         0x00000000   Number         0  memcpyb.o ABSOLUTE
    ../clib/microlib/string/memset.c         0x00000000   Number         0  memseta.o ABSOLUTE
    ..\Drivers\STM32F1xx_HAL_Driver\Src\stm32f1xx_hal.c 0x00000000   Number         0  stm32f1xx_hal.o ABSOLUTE
    ..\Drivers\STM32F1xx_HAL_Driver\Src\stm32f1xx_hal_cortex.c 0x00000000   Number         0  stm32f1xx_hal_cortex.o ABSOLUTE
    ..\Drivers\STM32F1xx_HAL_Driver\Src\stm32f1xx_hal_dma.c 0x00000000   Number         0  stm32f1xx_hal_dma.o ABSOLUTE
    ..\Drivers\STM32F1xx_HAL_Driver\Src\stm32f1xx_hal_flash.c 0x00000000   Number         0  stm32f1xx_hal_flash.o ABSOLUTE
    ..\Drivers\STM32F1xx_HAL_Driver\Src\stm32f1xx_hal_flash_ex.c 0x00000000   Number         0  stm32f1xx_hal_flash_ex.o ABSOLUTE
    ..\Drivers\STM32F1xx_HAL_Driver\Src\stm32f1xx_hal_gpio.c 0x00000000   Number         0  stm32f1xx_hal_gpio.o ABSOLUTE
    ..\Drivers\STM32F1xx_HAL_Driver\Src\stm32f1xx_hal_gpio_ex.c 0x00000000   Number         0  stm32f1xx_hal_gpio_ex.o ABSOLUTE
    ..\Drivers\STM32F1xx_HAL_Driver\Src\stm32f1xx_hal_pcd.c 0x00000000   Number         0  stm32f1xx_hal_pcd.o ABSOLUTE
    ..\Drivers\STM32F1xx_HAL_Driver\Src\stm32f1xx_hal_pcd_ex.c 0x00000000   Number         0  stm32f1xx_hal_pcd_ex.o ABSOLUTE
    ..\Drivers\STM32F1xx_HAL_Driver\Src\stm32f1xx_hal_pwr.c 0x00000000   Number         0  stm32f1xx_hal_pwr.o ABSOLUTE
    ..\Drivers\STM32F1xx_HAL_Driver\Src\stm32f1xx_hal_rcc.c 0x00000000   Number         0  stm32f1xx_hal_rcc.o ABSOLUTE
    ..\Drivers\STM32F1xx_HAL_Driver\Src\stm32f1xx_hal_rcc_ex.c 0x00000000   Number         0  stm32f1xx_hal_rcc_ex.o ABSOLUTE
    ..\Drivers\STM32F1xx_HAL_Driver\Src\stm32f1xx_hal_tim.c 0x00000000   Number         0  stm32f1xx_hal_tim.o ABSOLUTE
    ..\Drivers\STM32F1xx_HAL_Driver\Src\stm32f1xx_hal_tim_ex.c 0x00000000   Number         0  stm32f1xx_hal_tim_ex.o ABSOLUTE
    ..\Drivers\STM32F1xx_HAL_Driver\Src\stm32f1xx_hal_uart.c 0x00000000   Number         0  stm32f1xx_hal_uart.o ABSOLUTE
    ..\Drivers\STM32F1xx_HAL_Driver\Src\stm32f1xx_ll_usb.c 0x00000000   Number         0  stm32f1xx_ll_usb.o ABSOLUTE
    ..\Middlewares\ST\STM32_USB_Device_Library\Class\CDC\Src\usbd_cdc.c 0x00000000   Number         0  usbd_cdc.o ABSOLUTE
    ..\Middlewares\ST\STM32_USB_Device_Library\Core\Src\usbd_core.c 0x00000000   Number         0  usbd_core.o ABSOLUTE
    ..\Middlewares\ST\STM32_USB_Device_Library\Core\Src\usbd_ctlreq.c 0x00000000   Number         0  usbd_ctlreq.o ABSOLUTE
    ..\Middlewares\ST\STM32_USB_Device_Library\Core\Src\usbd_ioreq.c 0x00000000   Number         0  usbd_ioreq.o ABSOLUTE
    ..\Src\Computer.cpp                      0x00000000   Number         0  computer.o ABSOLUTE
    ..\Src\Wireless.cpp                      0x00000000   Number         0  wireless.o ABSOLUTE
    ..\Src\gpio.c                            0x00000000   Number         0  gpio.o ABSOLUTE
    ..\Src\main.cpp                          0x00000000   Number         0  main.o ABSOLUTE
    ..\Src\stm32f1xx_hal_msp.c               0x00000000   Number         0  stm32f1xx_hal_msp.o ABSOLUTE
    ..\Src\stm32f1xx_it.c                    0x00000000   Number         0  stm32f1xx_it.o ABSOLUTE
    ..\Src\system_stm32f1xx.c                0x00000000   Number         0  system_stm32f1xx.o ABSOLUTE
    ..\Src\usart.c                           0x00000000   Number         0  usart.o ABSOLUTE
    ..\Src\usb_device.c                      0x00000000   Number         0  usb_device.o ABSOLUTE
    ..\Src\usbd_cdc_if.c                     0x00000000   Number         0  usbd_cdc_if.o ABSOLUTE
    ..\Src\usbd_conf.c                       0x00000000   Number         0  usbd_conf.o ABSOLUTE
    ..\Src\usbd_desc.c                       0x00000000   Number         0  usbd_desc.o ABSOLUTE
    ..\\Src\\Computer.cpp                    0x00000000   Number         0  computer.o ABSOLUTE
    ..\\Src\\Wireless.cpp                    0x00000000   Number         0  wireless.o ABSOLUTE
    ..\\Src\\main.cpp                        0x00000000   Number         0  main.o ABSOLUTE
    dc.s                                     0x00000000   Number         0  dc.o ABSOLUTE
    handlers.s                               0x00000000   Number         0  handlers.o ABSOLUTE
    init.s                                   0x00000000   Number         0  init.o ABSOLUTE
    startup_stm32f103xb.s                    0x00000000   Number         0  startup_stm32f103xb.o ABSOLUTE
    RESET                                    0x08000000   Section      236  startup_stm32f103xb.o(RESET)
    .ARM.Collect$$$$00000000                 0x080000ec   Section        0  entry.o(.ARM.Collect$$$$00000000)
    .ARM.Collect$$$$00000001                 0x080000ec   Section        4  entry2.o(.ARM.Collect$$$$00000001)
    .ARM.Collect$$$$00000004                 0x080000f0   Section        4  entry5.o(.ARM.Collect$$$$00000004)
    .ARM.Collect$$$$00000008                 0x080000f4   Section        0  entry7b.o(.ARM.Collect$$$$00000008)
    .ARM.Collect$$$$0000000A                 0x080000f4   Section        0  entry8b.o(.ARM.Collect$$$$0000000A)
    .ARM.Collect$$$$0000000B                 0x080000f4   Section        8  entry9a.o(.ARM.Collect$$$$0000000B)
    .ARM.Collect$$$$0000000D                 0x080000fc   Section        0  entry10a.o(.ARM.Collect$$$$0000000D)
    .ARM.Collect$$$$0000000F                 0x080000fc   Section        0  entry11a.o(.ARM.Collect$$$$0000000F)
    .ARM.Collect$$$$00002712                 0x080000fc   Section        4  entry2.o(.ARM.Collect$$$$00002712)
    __lit__00000000                          0x080000fc   Data           4  entry2.o(.ARM.Collect$$$$00002712)
    .text                                    0x08000100   Section       36  startup_stm32f103xb.o(.text)
    .text                                    0x08000124   Section        0  memcpya.o(.text)
    .text                                    0x08000148   Section       36  init.o(.text)
    .text                                    0x0800016c   Section        0  __dczerorl2.o(.text)
    i.BusFault_Handler                       0x080001c2   Section        0  stm32f1xx_it.o(i.BusFault_Handler)
    i.CDC_Transmit_FS                        0x080001c4   Section        0  usbd_cdc_if.o(i.CDC_Transmit_FS)
    i.DebugMon_Handler                       0x08000200   Section        0  stm32f1xx_it.o(i.DebugMon_Handler)
    i.Error_Handler                          0x08000202   Section        0  main.o(i.Error_Handler)
    i.HAL_Delay                              0x08000204   Section        0  stm32f1xx_hal.o(i.HAL_Delay)
    i.HAL_GPIO_Init                          0x0800021c   Section        0  stm32f1xx_hal_gpio.o(i.HAL_GPIO_Init)
    i.HAL_GPIO_TogglePin                     0x080003d8   Section        0  stm32f1xx_hal_gpio.o(i.HAL_GPIO_TogglePin)
    i.HAL_GPIO_WritePin                      0x080003e0   Section        0  stm32f1xx_hal_gpio.o(i.HAL_GPIO_WritePin)
    i.HAL_GetTick                            0x080003ec   Section        0  stm32f1xx_hal.o(i.HAL_GetTick)
    i.HAL_IncTick                            0x080003f8   Section        0  stm32f1xx_hal.o(i.HAL_IncTick)
    i.HAL_Init                               0x08000408   Section        0  stm32f1xx_hal.o(i.HAL_Init)
    i.HAL_InitTick                           0x0800042c   Section        0  stm32f1xx_hal.o(i.HAL_InitTick)
    i.HAL_MspInit                            0x08000450   Section        0  stm32f1xx_hal_msp.o(i.HAL_MspInit)
    i.HAL_NVIC_EnableIRQ                     0x080004d0   Section        0  stm32f1xx_hal_cortex.o(i.HAL_NVIC_EnableIRQ)
    i.HAL_NVIC_SetPriority                   0x080004e8   Section        0  stm32f1xx_hal_cortex.o(i.HAL_NVIC_SetPriority)
    i.HAL_NVIC_SetPriorityGrouping           0x08000528   Section        0  stm32f1xx_hal_cortex.o(i.HAL_NVIC_SetPriorityGrouping)
    i.HAL_PCDEx_PMAConfig                    0x0800054c   Section        0  stm32f1xx_hal_pcd_ex.o(i.HAL_PCDEx_PMAConfig)
    i.HAL_PCDEx_SetConnectionState           0x08000580   Section        0  usbd_conf.o(i.HAL_PCDEx_SetConnectionState)
    i.HAL_PCD_DataInStageCallback            0x08000582   Section        0  usbd_conf.o(i.HAL_PCD_DataInStageCallback)
    i.HAL_PCD_DataOutStageCallback           0x08000590   Section        0  usbd_conf.o(i.HAL_PCD_DataOutStageCallback)
    i.HAL_PCD_EP_Close                       0x080005a0   Section        0  stm32f1xx_hal_pcd.o(i.HAL_PCD_EP_Close)
    i.HAL_PCD_EP_ClrStall                    0x080005e0   Section        0  stm32f1xx_hal_pcd.o(i.HAL_PCD_EP_ClrStall)
    i.HAL_PCD_EP_GetRxCount                  0x08000628   Section        0  stm32f1xx_hal_pcd.o(i.HAL_PCD_EP_GetRxCount)
    i.HAL_PCD_EP_Open                        0x08000638   Section        0  stm32f1xx_hal_pcd.o(i.HAL_PCD_EP_Open)
    i.HAL_PCD_EP_Receive                     0x0800067c   Section        0  stm32f1xx_hal_pcd.o(i.HAL_PCD_EP_Receive)
    i.HAL_PCD_EP_SetStall                    0x080006bc   Section        0  stm32f1xx_hal_pcd.o(i.HAL_PCD_EP_SetStall)
    i.HAL_PCD_EP_Transmit                    0x08000712   Section        0  stm32f1xx_hal_pcd.o(i.HAL_PCD_EP_Transmit)
    i.HAL_PCD_IRQHandler                     0x08000750   Section        0  stm32f1xx_hal_pcd.o(i.HAL_PCD_IRQHandler)
    i.HAL_PCD_Init                           0x0800085c   Section        0  stm32f1xx_hal_pcd.o(i.HAL_PCD_Init)
    i.HAL_PCD_MspInit                        0x0800091c   Section        0  usbd_conf.o(i.HAL_PCD_MspInit)
    i.HAL_PCD_ResetCallback                  0x08000968   Section        0  usbd_conf.o(i.HAL_PCD_ResetCallback)
    i.HAL_PCD_ResumeCallback                 0x08000982   Section        0  usbd_conf.o(i.HAL_PCD_ResumeCallback)
    i.HAL_PCD_SOFCallback                    0x0800098a   Section        0  usbd_conf.o(i.HAL_PCD_SOFCallback)
    i.HAL_PCD_SetAddress                     0x08000992   Section        0  stm32f1xx_hal_pcd.o(i.HAL_PCD_SetAddress)
    i.HAL_PCD_SetupStageCallback             0x080009ba   Section        0  usbd_conf.o(i.HAL_PCD_SetupStageCallback)
    i.HAL_PCD_Start                          0x080009c8   Section        0  stm32f1xx_hal_pcd.o(i.HAL_PCD_Start)
    i.HAL_PCD_SuspendCallback                0x080009fc   Section        0  usbd_conf.o(i.HAL_PCD_SuspendCallback)
    i.HAL_RCCEx_PeriphCLKConfig              0x08000a20   Section        0  stm32f1xx_hal_rcc_ex.o(i.HAL_RCCEx_PeriphCLKConfig)
    i.HAL_RCC_ClockConfig                    0x08000b4c   Section        0  stm32f1xx_hal_rcc.o(i.HAL_RCC_ClockConfig)
    i.HAL_RCC_GetHCLKFreq                    0x08000cd4   Section        0  stm32f1xx_hal_rcc.o(i.HAL_RCC_GetHCLKFreq)
    i.HAL_RCC_GetPCLK1Freq                   0x08000ce0   Section        0  stm32f1xx_hal_rcc.o(i.HAL_RCC_GetPCLK1Freq)
    i.HAL_RCC_GetPCLK2Freq                   0x08000d10   Section        0  stm32f1xx_hal_rcc.o(i.HAL_RCC_GetPCLK2Freq)
    i.HAL_RCC_GetSysClockFreq                0x08000d40   Section        0  stm32f1xx_hal_rcc.o(i.HAL_RCC_GetSysClockFreq)
    i.HAL_RCC_OscConfig                      0x08000dc8   Section        0  stm32f1xx_hal_rcc.o(i.HAL_RCC_OscConfig)
    i.HAL_SYSTICK_CLKSourceConfig            0x08001346   Section        0  stm32f1xx_hal_cortex.o(i.HAL_SYSTICK_CLKSourceConfig)
    i.HAL_SYSTICK_Callback                   0x0800135e   Section        0  stm32f1xx_hal_cortex.o(i.HAL_SYSTICK_Callback)
    i.HAL_SYSTICK_Config                     0x08001360   Section        0  stm32f1xx_hal_cortex.o(i.HAL_SYSTICK_Config)
    i.HAL_SYSTICK_IRQHandler                 0x08001388   Section        0  stm32f1xx_hal_cortex.o(i.HAL_SYSTICK_IRQHandler)
    i.HAL_UART_ErrorCallback                 0x08001390   Section        0  stm32f1xx_hal_uart.o(i.HAL_UART_ErrorCallback)
    i.HAL_UART_IRQHandler                    0x08001394   Section        0  stm32f1xx_hal_uart.o(i.HAL_UART_IRQHandler)
    i.HAL_UART_Init                          0x0800146e   Section        0  stm32f1xx_hal_uart.o(i.HAL_UART_Init)
    i.HAL_UART_MspInit                       0x080014cc   Section        0  usart.o(i.HAL_UART_MspInit)
    i.HAL_UART_Receive_IT                    0x08001580   Section        0  stm32f1xx_hal_uart.o(i.HAL_UART_Receive_IT)
    i.HAL_UART_RxCpltCallback                0x080015ec   Section        0  main.o(i.HAL_UART_RxCpltCallback)
    i.HAL_UART_Transmit_IT                   0x080015f8   Section        0  stm32f1xx_hal_uart.o(i.HAL_UART_Transmit_IT)
    i.HAL_UART_TxCpltCallback                0x08001650   Section        0  main.o(i.HAL_UART_TxCpltCallback)
    i.HardFault_Handler                      0x0800165c   Section        0  stm32f1xx_it.o(i.HardFault_Handler)
    i.MX_GPIO_Init                           0x08001660   Section        0  gpio.o(i.MX_GPIO_Init)
    i.MX_USART1_UART_Init                    0x0800170c   Section        0  usart.o(i.MX_USART1_UART_Init)
    i.MX_USART3_UART_Init                    0x08001748   Section        0  usart.o(i.MX_USART3_UART_Init)
    i.MX_USB_DEVICE_Init                     0x08001784   Section        0  usb_device.o(i.MX_USB_DEVICE_Init)
    i.MemManage_Handler                      0x080017bc   Section        0  stm32f1xx_it.o(i.MemManage_Handler)
    i.NMI_Handler                            0x080017be   Section        0  stm32f1xx_it.o(i.NMI_Handler)
    i.PendSV_Handler                         0x080017c0   Section        0  stm32f1xx_it.o(i.PendSV_Handler)
    i.SVC_Handler                            0x080017c2   Section        0  stm32f1xx_it.o(i.SVC_Handler)
    i.SysTick_Handler                        0x080017c4   Section        0  stm32f1xx_it.o(i.SysTick_Handler)
    i.SystemInit                             0x080017d4   Section        0  system_stm32f1xx.o(i.SystemInit)
    i.USART1_IRQHandler                      0x0800181c   Section        0  stm32f1xx_it.o(i.USART1_IRQHandler)
    i.USART3_IRQHandler                      0x08001828   Section        0  stm32f1xx_it.o(i.USART3_IRQHandler)
    i.USBD_CDC_ReceivePacket                 0x08001834   Section        0  usbd_cdc.o(i.USBD_CDC_ReceivePacket)
    i.USBD_CDC_RegisterInterface             0x0800185c   Section        0  usbd_cdc.o(i.USBD_CDC_RegisterInterface)
    i.USBD_CDC_SetRxBuffer                   0x0800186c   Section        0  usbd_cdc.o(i.USBD_CDC_SetRxBuffer)
    i.USBD_CDC_SetTxBuffer                   0x08001878   Section        0  usbd_cdc.o(i.USBD_CDC_SetTxBuffer)
    i.USBD_CDC_TransmitPacket                0x08001888   Section        0  usbd_cdc.o(i.USBD_CDC_TransmitPacket)
    i.USBD_ClrClassConfig                    0x080018b8   Section        0  usbd_core.o(i.USBD_ClrClassConfig)
    i.USBD_CtlContinueRx                     0x080018c6   Section        0  usbd_ioreq.o(i.USBD_CtlContinueRx)
    i.USBD_CtlContinueSendData               0x080018d6   Section        0  usbd_ioreq.o(i.USBD_CtlContinueSendData)
    i.USBD_CtlError                          0x080018e6   Section        0  usbd_ctlreq.o(i.USBD_CtlError)
    i.USBD_CtlPrepareRx                      0x080018fc   Section        0  usbd_ioreq.o(i.USBD_CtlPrepareRx)
    i.USBD_CtlReceiveStatus                  0x0800191a   Section        0  usbd_ioreq.o(i.USBD_CtlReceiveStatus)
    i.USBD_CtlSendData                       0x08001930   Section        0  usbd_ioreq.o(i.USBD_CtlSendData)
    i.USBD_CtlSendStatus                     0x0800194a   Section        0  usbd_ioreq.o(i.USBD_CtlSendStatus)
    i.USBD_GetString                         0x08001960   Section        0  usbd_ctlreq.o(i.USBD_GetString)
    i.USBD_Init                              0x080019a6   Section        0  usbd_core.o(i.USBD_Init)
    i.USBD_LL_ClearStallEP                   0x080019d0   Section        0  usbd_conf.o(i.USBD_LL_ClearStallEP)
    i.USBD_LL_CloseEP                        0x080019f0   Section        0  usbd_conf.o(i.USBD_LL_CloseEP)
    i.USBD_LL_DataInStage                    0x08001a10   Section        0  usbd_core.o(i.USBD_LL_DataInStage)
    i.USBD_LL_DataOutStage                   0x08001aba   Section        0  usbd_core.o(i.USBD_LL_DataOutStage)
    i.USBD_LL_GetRxDataSize                  0x08001b24   Section        0  usbd_conf.o(i.USBD_LL_GetRxDataSize)
    i.USBD_LL_Init                           0x08001b2c   Section        0  usbd_conf.o(i.USBD_LL_Init)
    i.USBD_LL_IsStallEP                      0x08001ba8   Section        0  usbd_conf.o(i.USBD_LL_IsStallEP)
    i.USBD_LL_OpenEP                         0x08001bc4   Section        0  usbd_conf.o(i.USBD_LL_OpenEP)
    i.USBD_LL_PrepareReceive                 0x08001bea   Section        0  usbd_conf.o(i.USBD_LL_PrepareReceive)
    i.USBD_LL_Reset                          0x08001c0a   Section        0  usbd_core.o(i.USBD_LL_Reset)
    i.USBD_LL_Resume                         0x08001c48   Section        0  usbd_core.o(i.USBD_LL_Resume)
    i.USBD_LL_SOF                            0x08001c54   Section        0  usbd_core.o(i.USBD_LL_SOF)
    i.USBD_LL_SetSpeed                       0x08001c6c   Section        0  usbd_core.o(i.USBD_LL_SetSpeed)
    i.USBD_LL_SetUSBAddress                  0x08001c72   Section        0  usbd_conf.o(i.USBD_LL_SetUSBAddress)
    i.USBD_LL_SetupStage                     0x08001c92   Section        0  usbd_core.o(i.USBD_LL_SetupStage)
    i.USBD_LL_StallEP                        0x08001cec   Section        0  usbd_conf.o(i.USBD_LL_StallEP)
    i.USBD_LL_Start                          0x08001d0c   Section        0  usbd_conf.o(i.USBD_LL_Start)
    i.USBD_LL_Suspend                        0x08001d2c   Section        0  usbd_core.o(i.USBD_LL_Suspend)
    i.USBD_LL_Transmit                       0x08001d3e   Section        0  usbd_conf.o(i.USBD_LL_Transmit)
    i.USBD_ParseSetupRequest                 0x08001d5e   Section        0  usbd_ctlreq.o(i.USBD_ParseSetupRequest)
    i.USBD_RegisterClass                     0x08001d86   Section        0  usbd_core.o(i.USBD_RegisterClass)
    i.USBD_SetClassConfig                    0x08001d96   Section        0  usbd_core.o(i.USBD_SetClassConfig)
    i.USBD_Start                             0x08001dac   Section        0  usbd_core.o(i.USBD_Start)
    i.USBD_StdDevReq                         0x08001db6   Section        0  usbd_ctlreq.o(i.USBD_StdDevReq)
    i.USBD_StdEPReq                          0x08001ea8   Section        0  usbd_ctlreq.o(i.USBD_StdEPReq)
    i.USBD_StdItfReq                         0x08001f84   Section        0  usbd_ctlreq.o(i.USBD_StdItfReq)
    i.USBD_static_free                       0x08001fb8   Section        0  usbd_conf.o(i.USBD_static_free)
    i.USBD_static_malloc                     0x08001fbc   Section        0  usbd_conf.o(i.USBD_static_malloc)
    i.USB_ActivateEndpoint                   0x08001fc4   Section        0  stm32f1xx_ll_usb.o(i.USB_ActivateEndpoint)
    i.USB_CoreInit                           0x08002220   Section        0  stm32f1xx_ll_usb.o(i.USB_CoreInit)
    i.USB_DeactivateEndpoint                 0x08002224   Section        0  stm32f1xx_ll_usb.o(i.USB_DeactivateEndpoint)
    i.USB_DevConnect                         0x08002348   Section        0  stm32f1xx_ll_usb.o(i.USB_DevConnect)
    i.USB_DevDisconnect                      0x0800234c   Section        0  stm32f1xx_ll_usb.o(i.USB_DevDisconnect)
    i.USB_DevInit                            0x08002350   Section        0  stm32f1xx_ll_usb.o(i.USB_DevInit)
    i.USB_DisableGlobalInt                   0x08002362   Section        0  stm32f1xx_ll_usb.o(i.USB_DisableGlobalInt)
    i.USB_EP0_OutStart                       0x08002370   Section        0  stm32f1xx_ll_usb.o(i.USB_EP0_OutStart)
    i.USB_EPClearStall                       0x08002374   Section        0  stm32f1xx_ll_usb.o(i.USB_EPClearStall)
    i.USB_EPSetStall                         0x080023de   Section        0  stm32f1xx_ll_usb.o(i.USB_EPSetStall)
    i.USB_EPStartXfer                        0x08002428   Section        0  stm32f1xx_ll_usb.o(i.USB_EPStartXfer)
    i.USB_EnableGlobalInt                    0x080025d2   Section        0  stm32f1xx_ll_usb.o(i.USB_EnableGlobalInt)
    i.USB_HP_CAN1_TX_IRQHandler              0x080025e0   Section        0  stm32f1xx_it.o(i.USB_HP_CAN1_TX_IRQHandler)
    i.USB_LP_CAN1_RX0_IRQHandler             0x080025ec   Section        0  stm32f1xx_it.o(i.USB_LP_CAN1_RX0_IRQHandler)
    i.USB_ReadInterrupts                     0x080025f8   Section        0  stm32f1xx_ll_usb.o(i.USB_ReadInterrupts)
    i.USB_ReadPMA                            0x08002600   Section        0  stm32f1xx_ll_usb.o(i.USB_ReadPMA)
    i.USB_SetCurrentMode                     0x0800261e   Section        0  stm32f1xx_ll_usb.o(i.USB_SetCurrentMode)
    i.USB_SetDevAddress                      0x08002622   Section        0  stm32f1xx_ll_usb.o(i.USB_SetDevAddress)
    i.USB_WritePMA                           0x0800262e   Section        0  stm32f1xx_ll_usb.o(i.USB_WritePMA)
    i.UsageFault_Handler                     0x08002654   Section        0  stm32f1xx_it.o(i.UsageFault_Handler)
    i._Z11CDC_Init_FSv                       0x08002658   Section        0  usbd_cdc_if.o(i._Z11CDC_Init_FSv)
    CDC_Init_FS()                            0x08002659   Thumb Code    24  usbd_cdc_if.o(i._Z11CDC_Init_FSv)
    i._Z13CDC_DeInit_FSv                     0x0800267c   Section        0  usbd_cdc_if.o(i._Z13CDC_DeInit_FSv)
    CDC_DeInit_FS()                          0x0800267d   Thumb Code     4  usbd_cdc_if.o(i._Z13CDC_DeInit_FSv)
    i._Z13USBD_CDC_InitP19_USBD_HandleTypeDefh 0x08002680   Section        0  usbd_cdc.o(i._Z13USBD_CDC_InitP19_USBD_HandleTypeDefh)
    USBD_CDC_Init(_USBD_HandleTypeDef*, unsigned char) 0x08002681   Thumb Code   136  usbd_cdc.o(i._Z13USBD_CDC_InitP19_USBD_HandleTypeDefh)
    i._Z14CDC_Control_FShPht                 0x08002708   Section        0  usbd_cdc_if.o(i._Z14CDC_Control_FShPht)
    CDC_Control_FS(unsigned char, unsigned char*, unsigned short) 0x08002709   Thumb Code     4  usbd_cdc_if.o(i._Z14CDC_Control_FShPht)
    i._Z14CDC_Receive_FSPhPj                 0x0800270c   Section        0  usbd_cdc_if.o(i._Z14CDC_Receive_FSPhPj)
    CDC_Receive_FS(unsigned char*, unsigned*) 0x0800270d   Thumb Code    42  usbd_cdc_if.o(i._Z14CDC_Receive_FSPhPj)
    i._Z14UART_SetConfigP18UART_HandleTypeDef 0x08002744   Section        0  stm32f1xx_hal_uart.o(i._Z14UART_SetConfigP18UART_HandleTypeDef)
    UART_SetConfig(UART_HandleTypeDef*)      0x08002745   Thumb Code   364  stm32f1xx_hal_uart.o(i._Z14UART_SetConfigP18UART_HandleTypeDef)
    i._Z14USBD_CDC_SetupP19_USBD_HandleTypeDefP13usb_setup_req 0x080028b4   Section        0  usbd_cdc.o(i._Z14USBD_CDC_SetupP19_USBD_HandleTypeDefP13usb_setup_req)
    USBD_CDC_Setup(_USBD_HandleTypeDef*, usb_setup_req*) 0x080028b5   Thumb Code   106  usbd_cdc.o(i._Z14USBD_CDC_SetupP19_USBD_HandleTypeDefP13usb_setup_req)
    i._Z14USBD_SetConfigP19_USBD_HandleTypeDefP13usb_setup_req 0x08002924   Section        0  usbd_ctlreq.o(i._Z14USBD_SetConfigP19_USBD_HandleTypeDefP13usb_setup_req)
    USBD_SetConfig(_USBD_HandleTypeDef*, usb_setup_req*) 0x08002925   Thumb Code   110  usbd_ctlreq.o(i._Z14USBD_SetConfigP19_USBD_HandleTypeDefP13usb_setup_req)
    i._Z15UART_Receive_ITP18UART_HandleTypeDef 0x08002998   Section        0  stm32f1xx_hal_uart.o(i._Z15UART_Receive_ITP18UART_HandleTypeDef)
    UART_Receive_IT(UART_HandleTypeDef*)     0x08002999   Thumb Code   168  stm32f1xx_hal_uart.o(i._Z15UART_Receive_ITP18UART_HandleTypeDef)
    i._Z15USBD_CDC_DataInP19_USBD_HandleTypeDefh 0x08002a40   Section        0  usbd_cdc.o(i._Z15USBD_CDC_DataInP19_USBD_HandleTypeDefh)
    USBD_CDC_DataIn(_USBD_HandleTypeDef*, unsigned char) 0x08002a41   Thumb Code    20  usbd_cdc.o(i._Z15USBD_CDC_DataInP19_USBD_HandleTypeDefh)
    i._Z15USBD_CDC_DeInitP19_USBD_HandleTypeDefh 0x08002a54   Section        0  usbd_cdc.o(i._Z15USBD_CDC_DeInitP19_USBD_HandleTypeDefh)
    USBD_CDC_DeInit(_USBD_HandleTypeDef*, unsigned char) 0x08002a55   Thumb Code    60  usbd_cdc.o(i._Z15USBD_CDC_DeInitP19_USBD_HandleTypeDefh)
    i._Z16NVIC_SetPriority9IRQn_Typej        0x08002a90   Section        0  stm32f1xx_hal_cortex.o(i._Z16NVIC_SetPriority9IRQn_Typej)
    NVIC_SetPriority(IRQn_Type, unsigned)    0x08002a91   Thumb Code    32  stm32f1xx_hal_cortex.o(i._Z16NVIC_SetPriority9IRQn_Typej)
    i._Z16UART_Transmit_ITP18UART_HandleTypeDef 0x08002ab0   Section        0  stm32f1xx_hal_uart.o(i._Z16UART_Transmit_ITP18UART_HandleTypeDef)
    UART_Transmit_IT(UART_HandleTypeDef*)    0x08002ab1   Thumb Code   102  stm32f1xx_hal_uart.o(i._Z16UART_Transmit_ITP18UART_HandleTypeDef)
    i._Z16USBD_CDC_DataOutP19_USBD_HandleTypeDefh 0x08002b16   Section        0  usbd_cdc.o(i._Z16USBD_CDC_DataOutP19_USBD_HandleTypeDefh)
    USBD_CDC_DataOut(_USBD_HandleTypeDef*, unsigned char) 0x08002b17   Thumb Code    46  usbd_cdc.o(i._Z16USBD_CDC_DataOutP19_USBD_HandleTypeDefh)
    i._Z18PCD_EP_ISR_HandlerP17PCD_HandleTypeDef 0x08002b44   Section        0  stm32f1xx_hal_pcd.o(i._Z18PCD_EP_ISR_HandlerP17PCD_HandleTypeDef)
    PCD_EP_ISR_Handler(PCD_HandleTypeDef*)   0x08002b45   Thumb Code   866  stm32f1xx_hal_pcd.o(i._Z18PCD_EP_ISR_HandlerP17PCD_HandleTypeDef)
    i._Z18SystemClock_Configv                0x08002ea6   Section        0  main.o(i._Z18SystemClock_Configv)
    i._Z18USBD_GetDescriptorP19_USBD_HandleTypeDefP13usb_setup_req 0x08002f1e   Section        0  usbd_ctlreq.o(i._Z18USBD_GetDescriptorP19_USBD_HandleTypeDefP13usb_setup_req)
    USBD_GetDescriptor(_USBD_HandleTypeDef*, usb_setup_req*) 0x08002f1f   Thumb Code   224  usbd_ctlreq.o(i._Z18USBD_GetDescriptorP19_USBD_HandleTypeDefP13usb_setup_req)
    i._Z20USBD_CDC_EP0_RxReadyP19_USBD_HandleTypeDef 0x08002ffe   Section        0  usbd_cdc.o(i._Z20USBD_CDC_EP0_RxReadyP19_USBD_HandleTypeDef)
    USBD_CDC_EP0_RxReady(_USBD_HandleTypeDef*) 0x08002fff   Thumb Code    36  usbd_cdc.o(i._Z20USBD_CDC_EP0_RxReadyP19_USBD_HandleTypeDef)
    i._Z21USBD_CDC_GetFSCfgDescPt            0x08003024   Section        0  usbd_cdc.o(i._Z21USBD_CDC_GetFSCfgDescPt)
    USBD_CDC_GetFSCfgDesc(unsigned short*)   0x08003025   Thumb Code     8  usbd_cdc.o(i._Z21USBD_CDC_GetFSCfgDescPt)
    i._Z21USBD_CDC_GetHSCfgDescPt            0x08003030   Section        0  usbd_cdc.o(i._Z21USBD_CDC_GetHSCfgDescPt)
    USBD_CDC_GetHSCfgDesc(unsigned short*)   0x08003031   Thumb Code     8  usbd_cdc.o(i._Z21USBD_CDC_GetHSCfgDescPt)
    i._Z24USBD_FS_DeviceDescriptor17USBD_SpeedTypeDefPt 0x0800303c   Section        0  usbd_desc.o(i._Z24USBD_FS_DeviceDescriptor17USBD_SpeedTypeDefPt)
    i._Z27USBD_FS_ConfigStrDescriptor17USBD_SpeedTypeDefPt 0x08003048   Section        0  usbd_desc.o(i._Z27USBD_FS_ConfigStrDescriptor17USBD_SpeedTypeDefPt)
    i._Z27USBD_FS_LangIDStrDescriptor17USBD_SpeedTypeDefPt 0x08003068   Section        0  usbd_desc.o(i._Z27USBD_FS_LangIDStrDescriptor17USBD_SpeedTypeDefPt)
    i._Z27USBD_FS_SerialStrDescriptor17USBD_SpeedTypeDefPt 0x08003074   Section        0  usbd_desc.o(i._Z27USBD_FS_SerialStrDescriptor17USBD_SpeedTypeDefPt)
    i._Z28USBD_FS_ProductStrDescriptor17USBD_SpeedTypeDefPt 0x08003098   Section        0  usbd_desc.o(i._Z28USBD_FS_ProductStrDescriptor17USBD_SpeedTypeDefPt)
    i._Z29USBD_CDC_GetOtherSpeedCfgDescPt    0x080030c4   Section        0  usbd_cdc.o(i._Z29USBD_CDC_GetOtherSpeedCfgDescPt)
    USBD_CDC_GetOtherSpeedCfgDesc(unsigned short*) 0x080030c5   Thumb Code     8  usbd_cdc.o(i._Z29USBD_CDC_GetOtherSpeedCfgDescPt)
    i._Z30USBD_FS_InterfaceStrDescriptor17USBD_SpeedTypeDefPt 0x080030d0   Section        0  usbd_desc.o(i._Z30USBD_FS_InterfaceStrDescriptor17USBD_SpeedTypeDefPt)
    i._Z33USBD_FS_ManufacturerStrDescriptor17USBD_SpeedTypeDefPt 0x080030f4   Section        0  usbd_desc.o(i._Z33USBD_FS_ManufacturerStrDescriptor17USBD_SpeedTypeDefPt)
    i._Z37USBD_CDC_GetDeviceQualifierDescriptorPt 0x0800311c   Section        0  usbd_cdc.o(i._Z37USBD_CDC_GetDeviceQualifierDescriptorPt)
    i._ZN8Computer10writeOrderEh             0x08003128   Section        0  computer.o(i._ZN8Computer10writeOrderEh)
    i._ZN8Computer13responceClearEh          0x08003188   Section        0  computer.o(i._ZN8Computer13responceClearEh)
    i._ZN8Computer4initEv                    0x080031a4   Section        0  computer.o(i._ZN8Computer4initEv)
    i._ZN8Computer6listenEPhPj               0x080031d0   Section        0  computer.o(i._ZN8Computer6listenEPhPj)
    i._ZN8Computer9clearDataEv               0x08003248   Section        0  computer.o(i._ZN8Computer9clearDataEv)
    i._ZN8Computer9freeWheelEh               0x08003270   Section        0  computer.o(i._ZN8Computer9freeWheelEh)
    i._ZN8Wireless13updateBuffersEv          0x080032a8   Section        0  wireless.o(i._ZN8Wireless13updateBuffersEv)
    i._ZN8Wireless3getEv                     0x080032cc   Section        0  wireless.o(i._ZN8Wireless3getEv)
    i._ZN8Wireless4initEP18UART_HandleTypeDefS1_ 0x0800331c   Section        0  wireless.o(i._ZN8Wireless4initEP18UART_HandleTypeDefS1_)
    i._ZN8Wireless4sendEh                    0x0800332c   Section        0  wireless.o(i._ZN8Wireless4sendEh)
    i._ZN8Wireless7receiveEP18UART_HandleTypeDef 0x0800338c   Section        0  wireless.o(i._ZN8Wireless7receiveEP18UART_HandleTypeDef)
    i._ZN8Wireless8transmitEP18UART_HandleTypeDef 0x080033a0   Section        0  wireless.o(i._ZN8Wireless8transmitEP18UART_HandleTypeDef)
    i.__scatterload_copy                     0x080033c4   Section       14  handlers.o(i.__scatterload_copy)
    i.__scatterload_null                     0x080033d2   Section        2  handlers.o(i.__scatterload_null)
    i.__scatterload_zeroinit                 0x080033d4   Section       14  handlers.o(i.__scatterload_zeroinit)
    i.main                                   0x080033e4   Section        0  main.o(i.main)
    .constdata                               0x0800342c   Section       16  system_stm32f1xx.o(.constdata)
    .constdata                               0x0800343c   Section        8  system_stm32f1xx.o(.constdata)
    .data                                    0x20000000   Section      219  usbd_cdc.o(.data)
    ifalt                                    0x20000000   Data           1  usbd_cdc.o(.data)
    USBD_CDC_DeviceQualifierDesc             0x20000004   Data          10  usbd_cdc.o(.data)
    .data                                    0x200000dc   Section       56  usbd_cdc.o(.data)
    .data                                    0x20000114   Section        1  usbd_ctlreq.o(.data)
    cfgidx                                   0x20000114   Data           1  usbd_ctlreq.o(.data)
    .data                                    0x20000118   Section        4  system_stm32f1xx.o(.data)
    .data                                    0x2000011c   Section        4  stm32f1xx_hal.o(.data)
    uwTick                                   0x2000011c   Data           4  stm32f1xx_hal.o(.data)
    .data                                    0x20000120   Section       16  usbd_cdc_if.o(.data)
    .data                                    0x20000130   Section        1  usbd_cdc_if.o(.data)
    computer                                 0x20000130   Data           1  usbd_cdc_if.o(.data)
    .data                                    0x20000134   Section       28  usbd_desc.o(.data)
    .data                                    0x20000150   Section       22  usbd_desc.o(.data)
    .data                                    0x20000166   Section        4  computer.o(.data)
    .data                                    0x2000016a   Section        2  main.o(.data)
    computer                                 0x2000016a   Data           1  main.o(.data)
    wireless                                 0x2000016b   Data           1  main.o(.data)
    .data                                    0x2000016c   Section       12  wireless.o(.data)
    .bss                                     0x20000178   Section      512  usbd_cdc_if.o(.bss)
    .bss                                     0x20000378   Section      128  usart.o(.bss)
    .bss                                     0x200003f8   Section      548  usb_device.o(.bss)
    .bss                                     0x2000061c   Section     1600  usbd_conf.o(.bss)
    mem                                      0x2000061c   Data         544  usbd_conf.o(.bss)
    .bss                                     0x20000c5c   Section      512  usbd_desc.o(.bss)
    .bss                                     0x20000e5c   Section      647  computer.o(.bss)
    .bss                                     0x200010e3   Section       56  wireless.o(.bss)
    data                                     0x200010e3   Data          21  wireless.o(.bss)
    STACK                                    0x20001120   Section     1024  startup_stm32f103xb.o(STACK)

    Global Symbols

    Symbol Name                              Value     Ov Type        Size  Object(Section)

    BuildAttributes$$THM_ISAv4$P$D$K$B$S$PE$A:L22UL41UL21$X:L11$S22US41US21$IEEE1$IW$USESV6$~STKCKD$USESV7$~SHL$OSPACE$EBA8$MICROLIB$REQ8$PRES8$EABIv2 0x00000000   Number         0  anon$$obj.o ABSOLUTE
    __ARM_use_no_argv                        0x00000000   Number         0  main.o ABSOLUTE
    __cpp_initialize__aeabi_                  - Undefined Weak Reference
    __cxa_finalize                            - Undefined Weak Reference
    _clock_init                               - Undefined Weak Reference
    _microlib_exit                            - Undefined Weak Reference
    __Vectors_Size                           0x000000ec   Number         0  startup_stm32f103xb.o ABSOLUTE
    __Vectors                                0x08000000   Data           4  startup_stm32f103xb.o(RESET)
    __Vectors_End                            0x080000ec   Data           0  startup_stm32f103xb.o(RESET)
    __main                                   0x080000ed   Thumb Code     0  entry.o(.ARM.Collect$$$$00000000)
    _main_stk                                0x080000ed   Thumb Code     0  entry2.o(.ARM.Collect$$$$00000001)
    _main_scatterload                        0x080000f1   Thumb Code     0  entry5.o(.ARM.Collect$$$$00000004)
    __main_after_scatterload                 0x080000f5   Thumb Code     0  entry5.o(.ARM.Collect$$$$00000004)
    _main_clock                              0x080000f5   Thumb Code     0  entry7b.o(.ARM.Collect$$$$00000008)
    _main_cpp_init                           0x080000f5   Thumb Code     0  entry8b.o(.ARM.Collect$$$$0000000A)
    _main_init                               0x080000f5   Thumb Code     0  entry9a.o(.ARM.Collect$$$$0000000B)
    __rt_final_cpp                           0x080000fd   Thumb Code     0  entry10a.o(.ARM.Collect$$$$0000000D)
    __rt_final_exit                          0x080000fd   Thumb Code     0  entry11a.o(.ARM.Collect$$$$0000000F)
    Reset_Handler                            0x08000101   Thumb Code     8  startup_stm32f103xb.o(.text)
    ADC1_2_IRQHandler                        0x0800011b   Thumb Code     0  startup_stm32f103xb.o(.text)
    CAN1_RX1_IRQHandler                      0x0800011b   Thumb Code     0  startup_stm32f103xb.o(.text)
    CAN1_SCE_IRQHandler                      0x0800011b   Thumb Code     0  startup_stm32f103xb.o(.text)
    DMA1_Channel1_IRQHandler                 0x0800011b   Thumb Code     0  startup_stm32f103xb.o(.text)
    DMA1_Channel2_IRQHandler                 0x0800011b   Thumb Code     0  startup_stm32f103xb.o(.text)
    DMA1_Channel3_IRQHandler                 0x0800011b   Thumb Code     0  startup_stm32f103xb.o(.text)
    DMA1_Channel4_IRQHandler                 0x0800011b   Thumb Code     0  startup_stm32f103xb.o(.text)
    DMA1_Channel5_IRQHandler                 0x0800011b   Thumb Code     0  startup_stm32f103xb.o(.text)
    DMA1_Channel6_IRQHandler                 0x0800011b   Thumb Code     0  startup_stm32f103xb.o(.text)
    DMA1_Channel7_IRQHandler                 0x0800011b   Thumb Code     0  startup_stm32f103xb.o(.text)
    EXTI0_IRQHandler                         0x0800011b   Thumb Code     0  startup_stm32f103xb.o(.text)
    EXTI15_10_IRQHandler                     0x0800011b   Thumb Code     0  startup_stm32f103xb.o(.text)
    EXTI1_IRQHandler                         0x0800011b   Thumb Code     0  startup_stm32f103xb.o(.text)
    EXTI2_IRQHandler                         0x0800011b   Thumb Code     0  startup_stm32f103xb.o(.text)
    EXTI3_IRQHandler                         0x0800011b   Thumb Code     0  startup_stm32f103xb.o(.text)
    EXTI4_IRQHandler                         0x0800011b   Thumb Code     0  startup_stm32f103xb.o(.text)
    EXTI9_5_IRQHandler                       0x0800011b   Thumb Code     0  startup_stm32f103xb.o(.text)
    FLASH_IRQHandler                         0x0800011b   Thumb Code     0  startup_stm32f103xb.o(.text)
    I2C1_ER_IRQHandler                       0x0800011b   Thumb Code     0  startup_stm32f103xb.o(.text)
    I2C1_EV_IRQHandler                       0x0800011b   Thumb Code     0  startup_stm32f103xb.o(.text)
    I2C2_ER_IRQHandler                       0x0800011b   Thumb Code     0  startup_stm32f103xb.o(.text)
    I2C2_EV_IRQHandler                       0x0800011b   Thumb Code     0  startup_stm32f103xb.o(.text)
    PVD_IRQHandler                           0x0800011b   Thumb Code     0  startup_stm32f103xb.o(.text)
    RCC_IRQHandler                           0x0800011b   Thumb Code     0  startup_stm32f103xb.o(.text)
    RTC_Alarm_IRQHandler                     0x0800011b   Thumb Code     0  startup_stm32f103xb.o(.text)
    RTC_IRQHandler                           0x0800011b   Thumb Code     0  startup_stm32f103xb.o(.text)
    SPI1_IRQHandler                          0x0800011b   Thumb Code     0  startup_stm32f103xb.o(.text)
    SPI2_IRQHandler                          0x0800011b   Thumb Code     0  startup_stm32f103xb.o(.text)
    TAMPER_IRQHandler                        0x0800011b   Thumb Code     0  startup_stm32f103xb.o(.text)
    TIM1_BRK_IRQHandler                      0x0800011b   Thumb Code     0  startup_stm32f103xb.o(.text)
    TIM1_CC_IRQHandler                       0x0800011b   Thumb Code     0  startup_stm32f103xb.o(.text)
    TIM1_TRG_COM_IRQHandler                  0x0800011b   Thumb Code     0  startup_stm32f103xb.o(.text)
    TIM1_UP_IRQHandler                       0x0800011b   Thumb Code     0  startup_stm32f103xb.o(.text)
    TIM2_IRQHandler                          0x0800011b   Thumb Code     0  startup_stm32f103xb.o(.text)
    TIM3_IRQHandler                          0x0800011b   Thumb Code     0  startup_stm32f103xb.o(.text)
    TIM4_IRQHandler                          0x0800011b   Thumb Code     0  startup_stm32f103xb.o(.text)
    USART2_IRQHandler                        0x0800011b   Thumb Code     0  startup_stm32f103xb.o(.text)
    USBWakeUp_IRQHandler                     0x0800011b   Thumb Code     0  startup_stm32f103xb.o(.text)
    WWDG_IRQHandler                          0x0800011b   Thumb Code     0  startup_stm32f103xb.o(.text)
    __aeabi_memcpy                           0x08000125   Thumb Code    36  memcpya.o(.text)
    __aeabi_memcpy4                          0x08000125   Thumb Code     0  memcpya.o(.text)
    __aeabi_memcpy8                          0x08000125   Thumb Code     0  memcpya.o(.text)
    __scatterload                            0x08000149   Thumb Code    28  init.o(.text)
    __scatterload_rt2                        0x08000149   Thumb Code     0  init.o(.text)
    __decompress                             0x0800016d   Thumb Code     0  __dczerorl2.o(.text)
    __decompress1                            0x0800016d   Thumb Code    86  __dczerorl2.o(.text)
    BusFault_Handler                         0x080001c3   Thumb Code     2  stm32f1xx_it.o(i.BusFault_Handler)
    CDC_Transmit_FS                          0x080001c5   Thumb Code    50  usbd_cdc_if.o(i.CDC_Transmit_FS)
    DebugMon_Handler                         0x08000201   Thumb Code     2  stm32f1xx_it.o(i.DebugMon_Handler)
    Error_Handler                            0x08000203   Thumb Code     2  main.o(i.Error_Handler)
    HAL_Delay                                0x08000205   Thumb Code    22  stm32f1xx_hal.o(i.HAL_Delay)
    HAL_GPIO_Init                            0x0800021d   Thumb Code   408  stm32f1xx_hal_gpio.o(i.HAL_GPIO_Init)
    HAL_GPIO_TogglePin                       0x080003d9   Thumb Code     8  stm32f1xx_hal_gpio.o(i.HAL_GPIO_TogglePin)
    HAL_GPIO_WritePin                        0x080003e1   Thumb Code    10  stm32f1xx_hal_gpio.o(i.HAL_GPIO_WritePin)
    HAL_GetTick                              0x080003ed   Thumb Code     6  stm32f1xx_hal.o(i.HAL_GetTick)
    HAL_IncTick                              0x080003f9   Thumb Code    10  stm32f1xx_hal.o(i.HAL_IncTick)
    HAL_Init                                 0x08000409   Thumb Code    32  stm32f1xx_hal.o(i.HAL_Init)
    HAL_InitTick                             0x0800042d   Thumb Code    34  stm32f1xx_hal.o(i.HAL_InitTick)
    HAL_MspInit                              0x08000451   Thumb Code   118  stm32f1xx_hal_msp.o(i.HAL_MspInit)
    HAL_NVIC_EnableIRQ                       0x080004d1   Thumb Code    22  stm32f1xx_hal_cortex.o(i.HAL_NVIC_EnableIRQ)
    HAL_NVIC_SetPriority                     0x080004e9   Thumb Code    60  stm32f1xx_hal_cortex.o(i.HAL_NVIC_SetPriority)
    HAL_NVIC_SetPriorityGrouping             0x08000529   Thumb Code    26  stm32f1xx_hal_cortex.o(i.HAL_NVIC_SetPriorityGrouping)
    HAL_PCDEx_PMAConfig                      0x0800054d   Thumb Code    52  stm32f1xx_hal_pcd_ex.o(i.HAL_PCDEx_PMAConfig)
    HAL_PCDEx_SetConnectionState             0x08000581   Thumb Code     2  usbd_conf.o(i.HAL_PCDEx_SetConnectionState)
    HAL_PCD_DataInStageCallback              0x08000583   Thumb Code    14  usbd_conf.o(i.HAL_PCD_DataInStageCallback)
    HAL_PCD_DataOutStageCallback             0x08000591   Thumb Code    16  usbd_conf.o(i.HAL_PCD_DataOutStageCallback)
    HAL_PCD_EP_Close                         0x080005a1   Thumb Code    64  stm32f1xx_hal_pcd.o(i.HAL_PCD_EP_Close)
    HAL_PCD_EP_ClrStall                      0x080005e1   Thumb Code    72  stm32f1xx_hal_pcd.o(i.HAL_PCD_EP_ClrStall)
    HAL_PCD_EP_GetRxCount                    0x08000629   Thumb Code    16  stm32f1xx_hal_pcd.o(i.HAL_PCD_EP_GetRxCount)
    HAL_PCD_EP_Open                          0x08000639   Thumb Code    68  stm32f1xx_hal_pcd.o(i.HAL_PCD_EP_Open)
    HAL_PCD_EP_Receive                       0x0800067d   Thumb Code    64  stm32f1xx_hal_pcd.o(i.HAL_PCD_EP_Receive)
    HAL_PCD_EP_SetStall                      0x080006bd   Thumb Code    86  stm32f1xx_hal_pcd.o(i.HAL_PCD_EP_SetStall)
    HAL_PCD_EP_Transmit                      0x08000713   Thumb Code    62  stm32f1xx_hal_pcd.o(i.HAL_PCD_EP_Transmit)
    HAL_PCD_IRQHandler                       0x08000751   Thumb Code   266  stm32f1xx_hal_pcd.o(i.HAL_PCD_IRQHandler)
    HAL_PCD_Init                             0x0800085d   Thumb Code   192  stm32f1xx_hal_pcd.o(i.HAL_PCD_Init)
    HAL_PCD_MspInit                          0x0800091d   Thumb Code    66  usbd_conf.o(i.HAL_PCD_MspInit)
    HAL_PCD_ResetCallback                    0x08000969   Thumb Code    26  usbd_conf.o(i.HAL_PCD_ResetCallback)
    HAL_PCD_ResumeCallback                   0x08000983   Thumb Code     8  usbd_conf.o(i.HAL_PCD_ResumeCallback)
    HAL_PCD_SOFCallback                      0x0800098b   Thumb Code     8  usbd_conf.o(i.HAL_PCD_SOFCallback)
    HAL_PCD_SetAddress                       0x08000993   Thumb Code    40  stm32f1xx_hal_pcd.o(i.HAL_PCD_SetAddress)
    HAL_PCD_SetupStageCallback               0x080009bb   Thumb Code    14  usbd_conf.o(i.HAL_PCD_SetupStageCallback)
    HAL_PCD_Start                            0x080009c9   Thumb Code    50  stm32f1xx_hal_pcd.o(i.HAL_PCD_Start)
    HAL_PCD_SuspendCallback                  0x080009fd   Thumb Code    30  usbd_conf.o(i.HAL_PCD_SuspendCallback)
    HAL_RCCEx_PeriphCLKConfig                0x08000a21   Thumb Code   288  stm32f1xx_hal_rcc_ex.o(i.HAL_RCCEx_PeriphCLKConfig)
    HAL_RCC_ClockConfig                      0x08000b4d   Thumb Code   374  stm32f1xx_hal_rcc.o(i.HAL_RCC_ClockConfig)
    HAL_RCC_GetHCLKFreq                      0x08000cd5   Thumb Code     6  stm32f1xx_hal_rcc.o(i.HAL_RCC_GetHCLKFreq)
    HAL_RCC_GetPCLK1Freq                     0x08000ce1   Thumb Code    34  stm32f1xx_hal_rcc.o(i.HAL_RCC_GetPCLK1Freq)
    HAL_RCC_GetPCLK2Freq                     0x08000d11   Thumb Code    34  stm32f1xx_hal_rcc.o(i.HAL_RCC_GetPCLK2Freq)
    HAL_RCC_GetSysClockFreq                  0x08000d41   Thumb Code   104  stm32f1xx_hal_rcc.o(i.HAL_RCC_GetSysClockFreq)
    HAL_RCC_OscConfig                        0x08000dc9   Thumb Code  1406  stm32f1xx_hal_rcc.o(i.HAL_RCC_OscConfig)
    HAL_SYSTICK_CLKSourceConfig              0x08001347   Thumb Code    24  stm32f1xx_hal_cortex.o(i.HAL_SYSTICK_CLKSourceConfig)
    HAL_SYSTICK_Callback                     0x0800135f   Thumb Code     2  stm32f1xx_hal_cortex.o(i.HAL_SYSTICK_Callback)
    HAL_SYSTICK_Config                       0x08001361   Thumb Code    40  stm32f1xx_hal_cortex.o(i.HAL_SYSTICK_Config)
    HAL_SYSTICK_IRQHandler                   0x08001389   Thumb Code     8  stm32f1xx_hal_cortex.o(i.HAL_SYSTICK_IRQHandler)
    HAL_UART_ErrorCallback                   0x08001391   Thumb Code     2  stm32f1xx_hal_uart.o(i.HAL_UART_ErrorCallback)
    HAL_UART_IRQHandler                      0x08001395   Thumb Code   218  stm32f1xx_hal_uart.o(i.HAL_UART_IRQHandler)
    HAL_UART_Init                            0x0800146f   Thumb Code    94  stm32f1xx_hal_uart.o(i.HAL_UART_Init)
    HAL_UART_MspInit                         0x080014cd   Thumb Code   158  usart.o(i.HAL_UART_MspInit)
    HAL_UART_Receive_IT                      0x08001581   Thumb Code   106  stm32f1xx_hal_uart.o(i.HAL_UART_Receive_IT)
    HAL_UART_RxCpltCallback                  0x080015ed   Thumb Code     8  main.o(i.HAL_UART_RxCpltCallback)
    HAL_UART_Transmit_IT                     0x080015f9   Thumb Code    86  stm32f1xx_hal_uart.o(i.HAL_UART_Transmit_IT)
    HAL_UART_TxCpltCallback                  0x08001651   Thumb Code     8  main.o(i.HAL_UART_TxCpltCallback)
    HardFault_Handler                        0x0800165d   Thumb Code     2  stm32f1xx_it.o(i.HardFault_Handler)
    MX_GPIO_Init                             0x08001661   Thumb Code   154  gpio.o(i.MX_GPIO_Init)
    MX_USART1_UART_Init                      0x0800170d   Thumb Code    46  usart.o(i.MX_USART1_UART_Init)
    MX_USART3_UART_Init                      0x08001749   Thumb Code    46  usart.o(i.MX_USART3_UART_Init)
    MX_USB_DEVICE_Init                       0x08001785   Thumb Code    38  usb_device.o(i.MX_USB_DEVICE_Init)
    MemManage_Handler                        0x080017bd   Thumb Code     2  stm32f1xx_it.o(i.MemManage_Handler)
    NMI_Handler                              0x080017bf   Thumb Code     2  stm32f1xx_it.o(i.NMI_Handler)
    PendSV_Handler                           0x080017c1   Thumb Code     2  stm32f1xx_it.o(i.PendSV_Handler)
    SVC_Handler                              0x080017c3   Thumb Code     2  stm32f1xx_it.o(i.SVC_Handler)
    SysTick_Handler                          0x080017c5   Thumb Code    14  stm32f1xx_it.o(i.SysTick_Handler)
    SystemInit                               0x080017d5   Thumb Code    56  system_stm32f1xx.o(i.SystemInit)
    USART1_IRQHandler                        0x0800181d   Thumb Code     6  stm32f1xx_it.o(i.USART1_IRQHandler)
    USART3_IRQHandler                        0x08001829   Thumb Code     6  stm32f1xx_it.o(i.USART3_IRQHandler)
    USBD_CDC_ReceivePacket                   0x08001835   Thumb Code    40  usbd_cdc.o(i.USBD_CDC_ReceivePacket)
    USBD_CDC_RegisterInterface               0x0800185d   Thumb Code    16  usbd_cdc.o(i.USBD_CDC_RegisterInterface)
    USBD_CDC_SetRxBuffer                     0x0800186d   Thumb Code    12  usbd_cdc.o(i.USBD_CDC_SetRxBuffer)
    USBD_CDC_SetTxBuffer                     0x08001879   Thumb Code    16  usbd_cdc.o(i.USBD_CDC_SetTxBuffer)
    USBD_CDC_TransmitPacket                  0x08001889   Thumb Code    48  usbd_cdc.o(i.USBD_CDC_TransmitPacket)
    USBD_ClrClassConfig                      0x080018b9   Thumb Code    14  usbd_core.o(i.USBD_ClrClassConfig)
    USBD_CtlContinueRx                       0x080018c7   Thumb Code    16  usbd_ioreq.o(i.USBD_CtlContinueRx)
    USBD_CtlContinueSendData                 0x080018d7   Thumb Code    16  usbd_ioreq.o(i.USBD_CtlContinueSendData)
    USBD_CtlError                            0x080018e7   Thumb Code    22  usbd_ctlreq.o(i.USBD_CtlError)
    USBD_CtlPrepareRx                        0x080018fd   Thumb Code    30  usbd_ioreq.o(i.USBD_CtlPrepareRx)
    USBD_CtlReceiveStatus                    0x0800191b   Thumb Code    22  usbd_ioreq.o(i.USBD_CtlReceiveStatus)
    USBD_CtlSendData                         0x08001931   Thumb Code    26  usbd_ioreq.o(i.USBD_CtlSendData)
    USBD_CtlSendStatus                       0x0800194b   Thumb Code    22  usbd_ioreq.o(i.USBD_CtlSendStatus)
    USBD_GetString                           0x08001961   Thumb Code    70  usbd_ctlreq.o(i.USBD_GetString)
    USBD_Init                                0x080019a7   Thumb Code    42  usbd_core.o(i.USBD_Init)
    USBD_LL_ClearStallEP                     0x080019d1   Thumb Code    32  usbd_conf.o(i.USBD_LL_ClearStallEP)
    USBD_LL_CloseEP                          0x080019f1   Thumb Code    32  usbd_conf.o(i.USBD_LL_CloseEP)
    USBD_LL_DataInStage                      0x08001a11   Thumb Code   170  usbd_core.o(i.USBD_LL_DataInStage)
    USBD_LL_DataOutStage                     0x08001abb   Thumb Code   106  usbd_core.o(i.USBD_LL_DataOutStage)
    USBD_LL_GetRxDataSize                    0x08001b25   Thumb Code     8  usbd_conf.o(i.USBD_LL_GetRxDataSize)
    USBD_LL_Init                             0x08001b2d   Thumb Code   114  usbd_conf.o(i.USBD_LL_Init)
    USBD_LL_IsStallEP                        0x08001ba9   Thumb Code    28  usbd_conf.o(i.USBD_LL_IsStallEP)
    USBD_LL_OpenEP                           0x08001bc5   Thumb Code    38  usbd_conf.o(i.USBD_LL_OpenEP)
    USBD_LL_PrepareReceive                   0x08001beb   Thumb Code    32  usbd_conf.o(i.USBD_LL_PrepareReceive)
    USBD_LL_Reset                            0x08001c0b   Thumb Code    62  usbd_core.o(i.USBD_LL_Reset)
    USBD_LL_Resume                           0x08001c49   Thumb Code    12  usbd_core.o(i.USBD_LL_Resume)
    USBD_LL_SOF                              0x08001c55   Thumb Code    24  usbd_core.o(i.USBD_LL_SOF)
    USBD_LL_SetSpeed                         0x08001c6d   Thumb Code     6  usbd_core.o(i.USBD_LL_SetSpeed)
    USBD_LL_SetUSBAddress                    0x08001c73   Thumb Code    32  usbd_conf.o(i.USBD_LL_SetUSBAddress)
    USBD_LL_SetupStage                       0x08001c93   Thumb Code    90  usbd_core.o(i.USBD_LL_SetupStage)
    USBD_LL_StallEP                          0x08001ced   Thumb Code    32  usbd_conf.o(i.USBD_LL_StallEP)
    USBD_LL_Start                            0x08001d0d   Thumb Code    32  usbd_conf.o(i.USBD_LL_Start)
    USBD_LL_Suspend                          0x08001d2d   Thumb Code    18  usbd_core.o(i.USBD_LL_Suspend)
    USBD_LL_Transmit                         0x08001d3f   Thumb Code    32  usbd_conf.o(i.USBD_LL_Transmit)
    USBD_ParseSetupRequest                   0x08001d5f   Thumb Code    40  usbd_ctlreq.o(i.USBD_ParseSetupRequest)
    USBD_RegisterClass                       0x08001d87   Thumb Code    16  usbd_core.o(i.USBD_RegisterClass)
    USBD_SetClassConfig                      0x08001d97   Thumb Code    22  usbd_core.o(i.USBD_SetClassConfig)
    USBD_Start                               0x08001dad   Thumb Code    10  usbd_core.o(i.USBD_Start)
    USBD_StdDevReq                           0x08001db7   Thumb Code   242  usbd_ctlreq.o(i.USBD_StdDevReq)
    USBD_StdEPReq                            0x08001ea9   Thumb Code   220  usbd_ctlreq.o(i.USBD_StdEPReq)
    USBD_StdItfReq                           0x08001f85   Thumb Code    52  usbd_ctlreq.o(i.USBD_StdItfReq)
    USBD_static_free                         0x08001fb9   Thumb Code     2  usbd_conf.o(i.USBD_static_free)
    USBD_static_malloc                       0x08001fbd   Thumb Code     4  usbd_conf.o(i.USBD_static_malloc)
    USB_ActivateEndpoint                     0x08001fc5   Thumb Code   604  stm32f1xx_ll_usb.o(i.USB_ActivateEndpoint)
    USB_CoreInit                             0x08002221   Thumb Code     4  stm32f1xx_ll_usb.o(i.USB_CoreInit)
    USB_DeactivateEndpoint                   0x08002225   Thumb Code   292  stm32f1xx_ll_usb.o(i.USB_DeactivateEndpoint)
    USB_DevConnect                           0x08002349   Thumb Code     4  stm32f1xx_ll_usb.o(i.USB_DevConnect)
    USB_DevDisconnect                        0x0800234d   Thumb Code     4  stm32f1xx_ll_usb.o(i.USB_DevDisconnect)
    USB_DevInit                              0x08002351   Thumb Code    18  stm32f1xx_ll_usb.o(i.USB_DevInit)
    USB_DisableGlobalInt                     0x08002363   Thumb Code    14  stm32f1xx_ll_usb.o(i.USB_DisableGlobalInt)
    USB_EP0_OutStart                         0x08002371   Thumb Code     4  stm32f1xx_ll_usb.o(i.USB_EP0_OutStart)
    USB_EPClearStall                         0x08002375   Thumb Code   106  stm32f1xx_ll_usb.o(i.USB_EPClearStall)
    USB_EPSetStall                           0x080023df   Thumb Code    74  stm32f1xx_ll_usb.o(i.USB_EPSetStall)
    USB_EPStartXfer                          0x08002429   Thumb Code   426  stm32f1xx_ll_usb.o(i.USB_EPStartXfer)
    USB_EnableGlobalInt                      0x080025d3   Thumb Code    14  stm32f1xx_ll_usb.o(i.USB_EnableGlobalInt)
    USB_HP_CAN1_TX_IRQHandler                0x080025e1   Thumb Code     6  stm32f1xx_it.o(i.USB_HP_CAN1_TX_IRQHandler)
    USB_LP_CAN1_RX0_IRQHandler               0x080025ed   Thumb Code     6  stm32f1xx_it.o(i.USB_LP_CAN1_RX0_IRQHandler)
    USB_ReadInterrupts                       0x080025f9   Thumb Code     6  stm32f1xx_ll_usb.o(i.USB_ReadInterrupts)
    USB_ReadPMA                              0x08002601   Thumb Code    30  stm32f1xx_ll_usb.o(i.USB_ReadPMA)
    USB_SetCurrentMode                       0x0800261f   Thumb Code     4  stm32f1xx_ll_usb.o(i.USB_SetCurrentMode)
    USB_SetDevAddress                        0x08002623   Thumb Code    12  stm32f1xx_ll_usb.o(i.USB_SetDevAddress)
    USB_WritePMA                             0x0800262f   Thumb Code    38  stm32f1xx_ll_usb.o(i.USB_WritePMA)
    UsageFault_Handler                       0x08002655   Thumb Code     2  stm32f1xx_it.o(i.UsageFault_Handler)
    SystemClock_Config()                     0x08002ea7   Thumb Code   120  main.o(i._Z18SystemClock_Configv)
    USBD_FS_DeviceDescriptor(USBD_SpeedTypeDef, unsigned short*) 0x0800303d   Thumb Code     8  usbd_desc.o(i._Z24USBD_FS_DeviceDescriptor17USBD_SpeedTypeDefPt)
    USBD_FS_ConfigStrDescriptor(USBD_SpeedTypeDef, unsigned short*) 0x08003049   Thumb Code    16  usbd_desc.o(i._Z27USBD_FS_ConfigStrDescriptor17USBD_SpeedTypeDefPt)
    USBD_FS_LangIDStrDescriptor(USBD_SpeedTypeDef, unsigned short*) 0x08003069   Thumb Code     8  usbd_desc.o(i._Z27USBD_FS_LangIDStrDescriptor17USBD_SpeedTypeDefPt)
    USBD_FS_SerialStrDescriptor(USBD_SpeedTypeDef, unsigned short*) 0x08003075   Thumb Code    16  usbd_desc.o(i._Z27USBD_FS_SerialStrDescriptor17USBD_SpeedTypeDefPt)
    USBD_FS_ProductStrDescriptor(USBD_SpeedTypeDef, unsigned short*) 0x08003099   Thumb Code    16  usbd_desc.o(i._Z28USBD_FS_ProductStrDescriptor17USBD_SpeedTypeDefPt)
    USBD_FS_InterfaceStrDescriptor(USBD_SpeedTypeDef, unsigned short*) 0x080030d1   Thumb Code    16  usbd_desc.o(i._Z30USBD_FS_InterfaceStrDescriptor17USBD_SpeedTypeDefPt)
    USBD_FS_ManufacturerStrDescriptor(USBD_SpeedTypeDef, unsigned short*) 0x080030f5   Thumb Code    16  usbd_desc.o(i._Z33USBD_FS_ManufacturerStrDescriptor17USBD_SpeedTypeDefPt)
    USBD_CDC_GetDeviceQualifierDescriptor(unsigned short*) 0x0800311d   Thumb Code     8  usbd_cdc.o(i._Z37USBD_CDC_GetDeviceQualifierDescriptorPt)
    Computer::writeOrder(unsigned char)      0x08003129   Thumb Code    88  computer.o(i._ZN8Computer10writeOrderEh)
    Computer::responceClear(unsigned char)   0x08003189   Thumb Code    22  computer.o(i._ZN8Computer13responceClearEh)
    Computer::init()                         0x080031a5   Thumb Code    38  computer.o(i._ZN8Computer4initEv)
    Computer::listen(unsigned char*, unsigned*) 0x080031d1   Thumb Code   110  computer.o(i._ZN8Computer6listenEPhPj)
    Computer::clearData()                    0x08003249   Thumb Code    32  computer.o(i._ZN8Computer9clearDataEv)
    Computer::freeWheel(unsigned char)       0x08003271   Thumb Code    52  computer.o(i._ZN8Computer9freeWheelEh)
    Wireless::updateBuffers()                0x080032a9   Thumb Code    30  wireless.o(i._ZN8Wireless13updateBuffersEv)
    Wireless::get()                          0x080032cd   Thumb Code    68  wireless.o(i._ZN8Wireless3getEv)
    Wireless::init(UART_HandleTypeDef*, UART_HandleTypeDef*) 0x0800331d   Thumb Code    12  wireless.o(i._ZN8Wireless4initEP18UART_HandleTypeDefS1_)
    Wireless::send(unsigned char)            0x0800332d   Thumb Code    78  wireless.o(i._ZN8Wireless4sendEh)
    Wireless::receive(UART_HandleTypeDef*)   0x0800338d   Thumb Code    14  wireless.o(i._ZN8Wireless7receiveEP18UART_HandleTypeDef)
    Wireless::transmit(UART_HandleTypeDef*)  0x080033a1   Thumb Code    26  wireless.o(i._ZN8Wireless8transmitEP18UART_HandleTypeDef)
    __scatterload_copy                       0x080033c5   Thumb Code    14  handlers.o(i.__scatterload_copy)
    __scatterload_null                       0x080033d3   Thumb Code     2  handlers.o(i.__scatterload_null)
    __scatterload_zeroinit                   0x080033d5   Thumb Code    14  handlers.o(i.__scatterload_zeroinit)
    main                                     0x080033e5   Thumb Code    60  main.o(i.main)
    AHBPrescTable                            0x0800342c   Data          16  system_stm32f1xx.o(.constdata)
    APBPrescTable                            0x0800343c   Data           8  system_stm32f1xx.o(.constdata)
    Region$$Table$$Base                      0x08003444   Number         0  anon$$obj.o(Region$$Table)
    Region$$Table$$Limit                     0x08003464   Number         0  anon$$obj.o(Region$$Table)
    USBD_CDC_CfgHSDesc                       0x20000010   Data          67  usbd_cdc.o(.data)
    USBD_CDC_CfgFSDesc                       0x20000054   Data          67  usbd_cdc.o(.data)
    USBD_CDC_OtherSpeedCfgDesc               0x20000098   Data          67  usbd_cdc.o(.data)
    USBD_CDC                                 0x200000dc   Data          56  usbd_cdc.o(.data)
    SystemCoreClock                          0x20000118   Data           4  system_stm32f1xx.o(.data)
    USBD_Interface_fops_FS                   0x20000120   Data          16  usbd_cdc_if.o(.data)
    FS_Desc                                  0x20000134   Data          28  usbd_desc.o(.data)
    USBD_LangIDDesc                          0x20000150   Data           4  usbd_desc.o(.data)
    USBD_FS_DeviceDesc                       0x20000154   Data          18  usbd_desc.o(.data)
    Computer::header                         0x20000166   Data           4  computer.o(.data)
    Wireless::transmitting                   0x2000016c   Data           1  wireless.o(.data)
    Wireless::counter                        0x2000016d   Data           1  wireless.o(.data)
    Wireless::order                          0x20000170   Data           4  wireless.o(.data)
    Wireless::response                       0x20000174   Data           4  wireless.o(.data)
    UserRxBufferFS                           0x20000178   Data         256  usbd_cdc_if.o(.bss)
    UserTxBufferFS                           0x20000278   Data         256  usbd_cdc_if.o(.bss)
    huart1                                   0x20000378   Data          64  usart.o(.bss)
    huart3                                   0x200003b8   Data          64  usart.o(.bss)
    hUsbDeviceFS                             0x200003f8   Data         548  usb_device.o(.bss)
    hpcd_USB_FS                              0x2000083c   Data        1056  usbd_conf.o(.bss)
    USBD_StrDesc                             0x20000c5c   Data         512  usbd_desc.o(.bss)
    Computer::data                           0x20000e5c   Data          35  computer.o(.bss)
    Computer::writeOrderRequest              0x20000e7f   Data          12  computer.o(.bss)
    Computer::response                       0x20000e8b   Data         384  computer.o(.bss)
    Computer::order                          0x2000100b   Data         216  computer.o(.bss)
    Wireless::responseData                   0x200010f8   Data          35  wireless.o(.bss)
    __initial_sp                             0x20001520   Data           0  startup_stm32f103xb.o(STACK)



==============================================================================

Memory Map of the image

  Image Entry point : 0x080000ed

  Load Region LR_IROM1 (Base: 0x08000000, Size: 0x000035dc, Max: 0x00020000, ABSOLUTE, COMPRESSED[0x00003528])

    Execution Region ER_IROM1 (Base: 0x08000000, Size: 0x00003464, Max: 0x00020000, ABSOLUTE)

    Base Addr    Size         Type   Attr      Idx    E Section Name        Object

    0x08000000   0x000000ec   Data   RO         3233    RESET               startup_stm32f103xb.o
    0x080000ec   0x00000000   Code   RO         3238  * .ARM.Collect$$$$00000000  mc_w.l(entry.o)
    0x080000ec   0x00000004   Code   RO         3249    .ARM.Collect$$$$00000001  mc_w.l(entry2.o)
    0x080000f0   0x00000004   Code   RO         3252    .ARM.Collect$$$$00000004  mc_w.l(entry5.o)
    0x080000f4   0x00000000   Code   RO         3254    .ARM.Collect$$$$00000008  mc_w.l(entry7b.o)
    0x080000f4   0x00000000   Code   RO         3256    .ARM.Collect$$$$0000000A  mc_w.l(entry8b.o)
    0x080000f4   0x00000008   Code   RO         3257    .ARM.Collect$$$$0000000B  mc_w.l(entry9a.o)
    0x080000fc   0x00000000   Code   RO         3259    .ARM.Collect$$$$0000000D  mc_w.l(entry10a.o)
    0x080000fc   0x00000000   Code   RO         3261    .ARM.Collect$$$$0000000F  mc_w.l(entry11a.o)
    0x080000fc   0x00000004   Code   RO         3250    .ARM.Collect$$$$00002712  mc_w.l(entry2.o)
    0x08000100   0x00000024   Code   RO         3234    .text               startup_stm32f103xb.o
    0x08000124   0x00000024   Code   RO         3243    .text               mc_w.l(memcpya.o)
    0x08000148   0x00000024   Code   RO         3263    .text               mc_w.l(init.o)
    0x0800016c   0x00000056   Code   RO         3273    .text               mc_w.l(__dczerorl2.o)
    0x080001c2   0x00000002   Code   RO         2416    i.BusFault_Handler  stm32f1xx_it.o
    0x080001c4   0x0000003c   Code   RO         2529    i.CDC_Transmit_FS   usbd_cdc_if.o
    0x08000200   0x00000002   Code   RO         2417    i.DebugMon_Handler  stm32f1xx_it.o
    0x08000202   0x00000002   Code   RO         3101    i.Error_Handler     main.o
    0x08000204   0x00000016   Code   RO         1509    i.HAL_Delay         stm32f1xx_hal.o
    0x0800021a   0x00000002   PAD
    0x0800021c   0x000001bc   Code   RO         1951    i.HAL_GPIO_Init     stm32f1xx_hal_gpio.o
    0x080003d8   0x00000008   Code   RO         1954    i.HAL_GPIO_TogglePin  stm32f1xx_hal_gpio.o
    0x080003e0   0x0000000a   Code   RO         1955    i.HAL_GPIO_WritePin  stm32f1xx_hal_gpio.o
    0x080003ea   0x00000002   PAD
    0x080003ec   0x0000000c   Code   RO         1513    i.HAL_GetTick       stm32f1xx_hal.o
    0x080003f8   0x00000010   Code   RO         1514    i.HAL_IncTick       stm32f1xx_hal.o
    0x08000408   0x00000024   Code   RO         1515    i.HAL_Init          stm32f1xx_hal.o
    0x0800042c   0x00000022   Code   RO         1516    i.HAL_InitTick      stm32f1xx_hal.o
    0x0800044e   0x00000002   PAD
    0x08000450   0x00000080   Code   RO         2929    i.HAL_MspInit       stm32f1xx_hal_msp.o
    0x080004d0   0x00000016   Code   RO         2257    i.HAL_NVIC_EnableIRQ  stm32f1xx_hal_cortex.o
    0x080004e6   0x00000002   PAD
    0x080004e8   0x00000040   Code   RO         2263    i.HAL_NVIC_SetPriority  stm32f1xx_hal_cortex.o
    0x08000528   0x00000024   Code   RO         2264    i.HAL_NVIC_SetPriorityGrouping  stm32f1xx_hal_cortex.o
    0x0800054c   0x00000034   Code   RO          578    i.HAL_PCDEx_PMAConfig  stm32f1xx_hal_pcd_ex.o
    0x08000580   0x00000002   Code   RO         2684    i.HAL_PCDEx_SetConnectionState  usbd_conf.o
    0x08000582   0x0000000e   Code   RO         2686    i.HAL_PCD_DataInStageCallback  usbd_conf.o
    0x08000590   0x00000010   Code   RO         2687    i.HAL_PCD_DataOutStageCallback  usbd_conf.o
    0x080005a0   0x00000040   Code   RO          716    i.HAL_PCD_EP_Close  stm32f1xx_hal_pcd.o
    0x080005e0   0x00000048   Code   RO          717    i.HAL_PCD_EP_ClrStall  stm32f1xx_hal_pcd.o
    0x08000628   0x00000010   Code   RO          719    i.HAL_PCD_EP_GetRxCount  stm32f1xx_hal_pcd.o
    0x08000638   0x00000044   Code   RO          720    i.HAL_PCD_EP_Open   stm32f1xx_hal_pcd.o
    0x0800067c   0x00000040   Code   RO          721    i.HAL_PCD_EP_Receive  stm32f1xx_hal_pcd.o
    0x080006bc   0x00000056   Code   RO          722    i.HAL_PCD_EP_SetStall  stm32f1xx_hal_pcd.o
    0x08000712   0x0000003e   Code   RO          723    i.HAL_PCD_EP_Transmit  stm32f1xx_hal_pcd.o
    0x08000750   0x0000010a   Code   RO          725    i.HAL_PCD_IRQHandler  stm32f1xx_hal_pcd.o
    0x0800085a   0x00000002   PAD
    0x0800085c   0x000000c0   Code   RO          728    i.HAL_PCD_Init      stm32f1xx_hal_pcd.o
    0x0800091c   0x0000004c   Code   RO         2692    i.HAL_PCD_MspInit   usbd_conf.o
    0x08000968   0x0000001a   Code   RO         2693    i.HAL_PCD_ResetCallback  usbd_conf.o
    0x08000982   0x00000008   Code   RO         2694    i.HAL_PCD_ResumeCallback  usbd_conf.o
    0x0800098a   0x00000008   Code   RO         2695    i.HAL_PCD_SOFCallback  usbd_conf.o
    0x08000992   0x00000028   Code   RO          734    i.HAL_PCD_SetAddress  stm32f1xx_hal_pcd.o
    0x080009ba   0x0000000e   Code   RO         2696    i.HAL_PCD_SetupStageCallback  usbd_conf.o
    0x080009c8   0x00000032   Code   RO          736    i.HAL_PCD_Start     stm32f1xx_hal_pcd.o
    0x080009fa   0x00000002   PAD
    0x080009fc   0x00000024   Code   RO         2697    i.HAL_PCD_SuspendCallback  usbd_conf.o
    0x08000a20   0x0000012c   Code   RO         1283    i.HAL_RCCEx_PeriphCLKConfig  stm32f1xx_hal_rcc_ex.o
    0x08000b4c   0x00000188   Code   RO         2140    i.HAL_RCC_ClockConfig  stm32f1xx_hal_rcc.o
    0x08000cd4   0x0000000c   Code   RO         2145    i.HAL_RCC_GetHCLKFreq  stm32f1xx_hal_rcc.o
    0x08000ce0   0x00000030   Code   RO         2147    i.HAL_RCC_GetPCLK1Freq  stm32f1xx_hal_rcc.o
    0x08000d10   0x00000030   Code   RO         2148    i.HAL_RCC_GetPCLK2Freq  stm32f1xx_hal_rcc.o
    0x08000d40   0x00000088   Code   RO         2149    i.HAL_RCC_GetSysClockFreq  stm32f1xx_hal_rcc.o
    0x08000dc8   0x0000057e   Code   RO         2152    i.HAL_RCC_OscConfig  stm32f1xx_hal_rcc.o
    0x08001346   0x00000018   Code   RO         2266    i.HAL_SYSTICK_CLKSourceConfig  stm32f1xx_hal_cortex.o
    0x0800135e   0x00000002   Code   RO         2267    i.HAL_SYSTICK_Callback  stm32f1xx_hal_cortex.o
    0x08001360   0x00000028   Code   RO         2268    i.HAL_SYSTICK_Config  stm32f1xx_hal_cortex.o
    0x08001388   0x00000008   Code   RO         2269    i.HAL_SYSTICK_IRQHandler  stm32f1xx_hal_cortex.o
    0x08001390   0x00000002   Code   RO         1667    i.HAL_UART_ErrorCallback  stm32f1xx_hal_uart.o
    0x08001392   0x00000002   PAD
    0x08001394   0x000000da   Code   RO         1670    i.HAL_UART_IRQHandler  stm32f1xx_hal_uart.o
    0x0800146e   0x0000005e   Code   RO         1671    i.HAL_UART_Init     stm32f1xx_hal_uart.o
    0x080014cc   0x000000b4   Code   RO         2598    i.HAL_UART_MspInit  usart.o
    0x08001580   0x0000006a   Code   RO         1676    i.HAL_UART_Receive_IT  stm32f1xx_hal_uart.o
    0x080015ea   0x00000002   PAD
    0x080015ec   0x0000000c   Code   RO         3102    i.HAL_UART_RxCpltCallback  main.o
    0x080015f8   0x00000056   Code   RO         1681    i.HAL_UART_Transmit_IT  stm32f1xx_hal_uart.o
    0x0800164e   0x00000002   PAD
    0x08001650   0x0000000c   Code   RO         3103    i.HAL_UART_TxCpltCallback  main.o
    0x0800165c   0x00000002   Code   RO         2418    i.HardFault_Handler  stm32f1xx_it.o
    0x0800165e   0x00000002   PAD
    0x08001660   0x000000ac   Code   RO         2388    i.MX_GPIO_Init      gpio.o
    0x0800170c   0x0000003c   Code   RO         2599    i.MX_USART1_UART_Init  usart.o
    0x08001748   0x0000003c   Code   RO         2600    i.MX_USART3_UART_Init  usart.o
    0x08001784   0x00000038   Code   RO         2649    i.MX_USB_DEVICE_Init  usb_device.o
    0x080017bc   0x00000002   Code   RO         2419    i.MemManage_Handler  stm32f1xx_it.o
    0x080017be   0x00000002   Code   RO         2420    i.NMI_Handler       stm32f1xx_it.o
    0x080017c0   0x00000002   Code   RO         2421    i.PendSV_Handler    stm32f1xx_it.o
    0x080017c2   0x00000002   Code   RO         2422    i.SVC_Handler       stm32f1xx_it.o
    0x080017c4   0x0000000e   Code   RO         2423    i.SysTick_Handler   stm32f1xx_it.o
    0x080017d2   0x00000002   PAD
    0x080017d4   0x00000048   Code   RO          539    i.SystemInit        system_stm32f1xx.o
    0x0800181c   0x0000000c   Code   RO         2424    i.USART1_IRQHandler  stm32f1xx_it.o
    0x08001828   0x0000000c   Code   RO         2425    i.USART3_IRQHandler  stm32f1xx_it.o
    0x08001834   0x00000028   Code   RO          182    i.USBD_CDC_ReceivePacket  usbd_cdc.o
    0x0800185c   0x00000010   Code   RO          183    i.USBD_CDC_RegisterInterface  usbd_cdc.o
    0x0800186c   0x0000000c   Code   RO          184    i.USBD_CDC_SetRxBuffer  usbd_cdc.o
    0x08001878   0x00000010   Code   RO          185    i.USBD_CDC_SetTxBuffer  usbd_cdc.o
    0x08001888   0x00000030   Code   RO          186    i.USBD_CDC_TransmitPacket  usbd_cdc.o
    0x080018b8   0x0000000e   Code   RO          380    i.USBD_ClrClassConfig  usbd_core.o
    0x080018c6   0x00000010   Code   RO            4    i.USBD_CtlContinueRx  usbd_ioreq.o
    0x080018d6   0x00000010   Code   RO            5    i.USBD_CtlContinueSendData  usbd_ioreq.o
    0x080018e6   0x00000016   Code   RO          307    i.USBD_CtlError     usbd_ctlreq.o
    0x080018fc   0x0000001e   Code   RO            6    i.USBD_CtlPrepareRx  usbd_ioreq.o
    0x0800191a   0x00000016   Code   RO            7    i.USBD_CtlReceiveStatus  usbd_ioreq.o
    0x08001930   0x0000001a   Code   RO            8    i.USBD_CtlSendData  usbd_ioreq.o
    0x0800194a   0x00000016   Code   RO            9    i.USBD_CtlSendStatus  usbd_ioreq.o
    0x08001960   0x00000046   Code   RO          308    i.USBD_GetString    usbd_ctlreq.o
    0x080019a6   0x0000002a   Code   RO          382    i.USBD_Init         usbd_core.o
    0x080019d0   0x00000020   Code   RO         2698    i.USBD_LL_ClearStallEP  usbd_conf.o
    0x080019f0   0x00000020   Code   RO         2699    i.USBD_LL_CloseEP   usbd_conf.o
    0x08001a10   0x000000aa   Code   RO          383    i.USBD_LL_DataInStage  usbd_core.o
    0x08001aba   0x0000006a   Code   RO          384    i.USBD_LL_DataOutStage  usbd_core.o
    0x08001b24   0x00000008   Code   RO         2703    i.USBD_LL_GetRxDataSize  usbd_conf.o
    0x08001b2c   0x0000007c   Code   RO         2704    i.USBD_LL_Init      usbd_conf.o
    0x08001ba8   0x0000001c   Code   RO         2705    i.USBD_LL_IsStallEP  usbd_conf.o
    0x08001bc4   0x00000026   Code   RO         2706    i.USBD_LL_OpenEP    usbd_conf.o
    0x08001bea   0x00000020   Code   RO         2707    i.USBD_LL_PrepareReceive  usbd_conf.o
    0x08001c0a   0x0000003e   Code   RO          389    i.USBD_LL_Reset     usbd_core.o
    0x08001c48   0x0000000c   Code   RO          390    i.USBD_LL_Resume    usbd_core.o
    0x08001c54   0x00000018   Code   RO          391    i.USBD_LL_SOF       usbd_core.o
    0x08001c6c   0x00000006   Code   RO          392    i.USBD_LL_SetSpeed  usbd_core.o
    0x08001c72   0x00000020   Code   RO         2708    i.USBD_LL_SetUSBAddress  usbd_conf.o
    0x08001c92   0x0000005a   Code   RO          393    i.USBD_LL_SetupStage  usbd_core.o
    0x08001cec   0x00000020   Code   RO         2709    i.USBD_LL_StallEP   usbd_conf.o
    0x08001d0c   0x00000020   Code   RO         2710    i.USBD_LL_Start     usbd_conf.o
    0x08001d2c   0x00000012   Code   RO          394    i.USBD_LL_Suspend   usbd_core.o
    0x08001d3e   0x00000020   Code   RO         2712    i.USBD_LL_Transmit  usbd_conf.o
    0x08001d5e   0x00000028   Code   RO          309    i.USBD_ParseSetupRequest  usbd_ctlreq.o
    0x08001d86   0x00000010   Code   RO          395    i.USBD_RegisterClass  usbd_core.o
    0x08001d96   0x00000016   Code   RO          397    i.USBD_SetClassConfig  usbd_core.o
    0x08001dac   0x0000000a   Code   RO          398    i.USBD_Start        usbd_core.o
    0x08001db6   0x000000f2   Code   RO          310    i.USBD_StdDevReq    usbd_ctlreq.o
    0x08001ea8   0x000000dc   Code   RO          311    i.USBD_StdEPReq     usbd_ctlreq.o
    0x08001f84   0x00000034   Code   RO          312    i.USBD_StdItfReq    usbd_ctlreq.o
    0x08001fb8   0x00000002   Code   RO         2713    i.USBD_static_free  usbd_conf.o
    0x08001fba   0x00000002   PAD
    0x08001fbc   0x00000008   Code   RO         2714    i.USBD_static_malloc  usbd_conf.o
    0x08001fc4   0x0000025c   Code   RO          955    i.USB_ActivateEndpoint  stm32f1xx_ll_usb.o
    0x08002220   0x00000004   Code   RO          958    i.USB_CoreInit      stm32f1xx_ll_usb.o
    0x08002224   0x00000124   Code   RO          960    i.USB_DeactivateEndpoint  stm32f1xx_ll_usb.o
    0x08002348   0x00000004   Code   RO          961    i.USB_DevConnect    stm32f1xx_ll_usb.o
    0x0800234c   0x00000004   Code   RO          962    i.USB_DevDisconnect  stm32f1xx_ll_usb.o
    0x08002350   0x00000012   Code   RO          963    i.USB_DevInit       stm32f1xx_ll_usb.o
    0x08002362   0x0000000e   Code   RO          964    i.USB_DisableGlobalInt  stm32f1xx_ll_usb.o
    0x08002370   0x00000004   Code   RO          965    i.USB_EP0_OutStart  stm32f1xx_ll_usb.o
    0x08002374   0x0000006a   Code   RO          966    i.USB_EPClearStall  stm32f1xx_ll_usb.o
    0x080023de   0x0000004a   Code   RO          967    i.USB_EPSetStall    stm32f1xx_ll_usb.o
    0x08002428   0x000001aa   Code   RO          968    i.USB_EPStartXfer   stm32f1xx_ll_usb.o
    0x080025d2   0x0000000e   Code   RO          969    i.USB_EnableGlobalInt  stm32f1xx_ll_usb.o
    0x080025e0   0x0000000c   Code   RO         2426    i.USB_HP_CAN1_TX_IRQHandler  stm32f1xx_it.o
    0x080025ec   0x0000000c   Code   RO         2427    i.USB_LP_CAN1_RX0_IRQHandler  stm32f1xx_it.o
    0x080025f8   0x00000006   Code   RO          976    i.USB_ReadInterrupts  stm32f1xx_ll_usb.o
    0x080025fe   0x00000002   PAD
    0x08002600   0x0000001e   Code   RO          977    i.USB_ReadPMA       stm32f1xx_ll_usb.o
    0x0800261e   0x00000004   Code   RO          979    i.USB_SetCurrentMode  stm32f1xx_ll_usb.o
    0x08002622   0x0000000c   Code   RO          980    i.USB_SetDevAddress  stm32f1xx_ll_usb.o
    0x0800262e   0x00000026   Code   RO          982    i.USB_WritePMA      stm32f1xx_ll_usb.o
    0x08002654   0x00000002   Code   RO         2428    i.UsageFault_Handler  stm32f1xx_it.o
    0x08002656   0x00000002   PAD
    0x08002658   0x00000024   Code   RO         2530    i._Z11CDC_Init_FSv  usbd_cdc_if.o
    0x0800267c   0x00000004   Code   RO         2531    i._Z13CDC_DeInit_FSv  usbd_cdc_if.o
    0x08002680   0x00000088   Code   RO          187    i._Z13USBD_CDC_InitP19_USBD_HandleTypeDefh  usbd_cdc.o
    0x08002708   0x00000004   Code   RO         2532    i._Z14CDC_Control_FShPht  usbd_cdc_if.o
    0x0800270c   0x00000038   Code   RO         2533    i._Z14CDC_Receive_FSPhPj  usbd_cdc_if.o
    0x08002744   0x00000170   Code   RO         1685    i._Z14UART_SetConfigP18UART_HandleTypeDef  stm32f1xx_hal_uart.o
    0x080028b4   0x00000070   Code   RO          188    i._Z14USBD_CDC_SetupP19_USBD_HandleTypeDefP13usb_setup_req  usbd_cdc.o
    0x08002924   0x00000074   Code   RO          313    i._Z14USBD_SetConfigP19_USBD_HandleTypeDefP13usb_setup_req  usbd_ctlreq.o
    0x08002998   0x000000a8   Code   RO         1686    i._Z15UART_Receive_ITP18UART_HandleTypeDef  stm32f1xx_hal_uart.o
    0x08002a40   0x00000014   Code   RO          189    i._Z15USBD_CDC_DataInP19_USBD_HandleTypeDefh  usbd_cdc.o
    0x08002a54   0x0000003c   Code   RO          190    i._Z15USBD_CDC_DeInitP19_USBD_HandleTypeDefh  usbd_cdc.o
    0x08002a90   0x00000020   Code   RO         2270    i._Z16NVIC_SetPriority9IRQn_Typej  stm32f1xx_hal_cortex.o
    0x08002ab0   0x00000066   Code   RO         1687    i._Z16UART_Transmit_ITP18UART_HandleTypeDef  stm32f1xx_hal_uart.o
    0x08002b16   0x0000002e   Code   RO          191    i._Z16USBD_CDC_DataOutP19_USBD_HandleTypeDefh  usbd_cdc.o
    0x08002b44   0x00000362   Code   RO          739    i._Z18PCD_EP_ISR_HandlerP17PCD_HandleTypeDef  stm32f1xx_hal_pcd.o
    0x08002ea6   0x00000078   Code   RO         3104    i._Z18SystemClock_Configv  main.o
    0x08002f1e   0x000000e0   Code   RO          314    i._Z18USBD_GetDescriptorP19_USBD_HandleTypeDefP13usb_setup_req  usbd_ctlreq.o
    0x08002ffe   0x00000024   Code   RO          192    i._Z20USBD_CDC_EP0_RxReadyP19_USBD_HandleTypeDef  usbd_cdc.o
    0x08003022   0x00000002   PAD
    0x08003024   0x0000000c   Code   RO          193    i._Z21USBD_CDC_GetFSCfgDescPt  usbd_cdc.o
    0x08003030   0x0000000c   Code   RO          194    i._Z21USBD_CDC_GetHSCfgDescPt  usbd_cdc.o
    0x0800303c   0x0000000c   Code   RO         2954    i._Z24USBD_FS_DeviceDescriptor17USBD_SpeedTypeDefPt  usbd_desc.o
    0x08003048   0x00000020   Code   RO         2955    i._Z27USBD_FS_ConfigStrDescriptor17USBD_SpeedTypeDefPt  usbd_desc.o
    0x08003068   0x0000000c   Code   RO         2956    i._Z27USBD_FS_LangIDStrDescriptor17USBD_SpeedTypeDefPt  usbd_desc.o
    0x08003074   0x00000024   Code   RO         2957    i._Z27USBD_FS_SerialStrDescriptor17USBD_SpeedTypeDefPt  usbd_desc.o
    0x08003098   0x0000002c   Code   RO         2958    i._Z28USBD_FS_ProductStrDescriptor17USBD_SpeedTypeDefPt  usbd_desc.o
    0x080030c4   0x0000000c   Code   RO          195    i._Z29USBD_CDC_GetOtherSpeedCfgDescPt  usbd_cdc.o
    0x080030d0   0x00000024   Code   RO         2959    i._Z30USBD_FS_InterfaceStrDescriptor17USBD_SpeedTypeDefPt  usbd_desc.o
    0x080030f4   0x00000028   Code   RO         2960    i._Z33USBD_FS_ManufacturerStrDescriptor17USBD_SpeedTypeDefPt  usbd_desc.o
    0x0800311c   0x0000000c   Code   RO          196    i._Z37USBD_CDC_GetDeviceQualifierDescriptorPt  usbd_cdc.o
    0x08003128   0x00000060   Code   RO         3029    i._ZN8Computer10writeOrderEh  computer.o
    0x08003188   0x0000001c   Code   RO         3032    i._ZN8Computer13responceClearEh  computer.o
    0x080031a4   0x0000002c   Code   RO         3033    i._ZN8Computer4initEv  computer.o
    0x080031d0   0x00000078   Code   RO         3034    i._ZN8Computer6listenEPhPj  computer.o
    0x08003248   0x00000028   Code   RO         3035    i._ZN8Computer9clearDataEv  computer.o
    0x08003270   0x00000038   Code   RO         3036    i._ZN8Computer9freeWheelEh  computer.o
    0x080032a8   0x00000024   Code   RO         3167    i._ZN8Wireless13updateBuffersEv  wireless.o
    0x080032cc   0x00000050   Code   RO         3168    i._ZN8Wireless3getEv  wireless.o
    0x0800331c   0x00000010   Code   RO         3169    i._ZN8Wireless4initEP18UART_HandleTypeDefS1_  wireless.o
    0x0800332c   0x00000060   Code   RO         3170    i._ZN8Wireless4sendEh  wireless.o
    0x0800338c   0x00000014   Code   RO         3171    i._ZN8Wireless7receiveEP18UART_HandleTypeDef  wireless.o
    0x080033a0   0x00000024   Code   RO         3172    i._ZN8Wireless8transmitEP18UART_HandleTypeDef  wireless.o
    0x080033c4   0x0000000e   Code   RO         3267    i.__scatterload_copy  mc_w.l(handlers.o)
    0x080033d2   0x00000002   Code   RO         3268    i.__scatterload_null  mc_w.l(handlers.o)
    0x080033d4   0x0000000e   Code   RO         3269    i.__scatterload_zeroinit  mc_w.l(handlers.o)
    0x080033e2   0x00000002   PAD
    0x080033e4   0x00000048   Code   RO         3105    i.main              main.o
    0x0800342c   0x00000010   Data   RO          542    .constdata          system_stm32f1xx.o
    0x0800343c   0x00000008   Data   RO          543    .constdata          system_stm32f1xx.o
    0x08003444   0x00000020   Data   RO         3265    Region$$Table       anon$$obj.o


    Execution Region RW_IRAM1 (Base: 0x20000000, Size: 0x00001520, Max: 0x00005000, ABSOLUTE, COMPRESSED[0x000000c4])

    Base Addr    Size         Type   Attr      Idx    E Section Name        Object

    0x20000000   0x000000db   Data   RW          212    .data               usbd_cdc.o
    0x200000db   0x00000001   PAD
    0x200000dc   0x00000038   Data   RW          213    .data               usbd_cdc.o
    0x20000114   0x00000001   Data   RW          323    .data               usbd_ctlreq.o
    0x20000115   0x00000003   PAD
    0x20000118   0x00000004   Data   RW          544    .data               system_stm32f1xx.o
    0x2000011c   0x00000004   Data   RW         1540    .data               stm32f1xx_hal.o
    0x20000120   0x00000010   Data   RW         2540    .data               usbd_cdc_if.o
    0x20000130   0x00000001   Data   RW         2541    .data               usbd_cdc_if.o
    0x20000131   0x00000003   PAD
    0x20000134   0x0000001c   Data   RW         2969    .data               usbd_desc.o
    0x20000150   0x00000016   Data   RW         2970    .data               usbd_desc.o
    0x20000166   0x00000004   Data   RW         3046    .data               computer.o
    0x2000016a   0x00000002   Data   RW         3111    .data               main.o
    0x2000016c   0x0000000c   Data   RW         3180    .data               wireless.o
    0x20000178   0x00000200   Zero   RW         2539    .bss                usbd_cdc_if.o
    0x20000378   0x00000080   Zero   RW         2605    .bss                usart.o
    0x200003f8   0x00000224   Zero   RW         2651    .bss                usb_device.o
    0x2000061c   0x00000640   Zero   RW         2748    .bss                usbd_conf.o
    0x20000c5c   0x00000200   Zero   RW         2968    .bss                usbd_desc.o
    0x20000e5c   0x00000287   Zero   RW         3045    .bss                computer.o
    0x200010e3   0x00000038   Zero   RW         3179    .bss                wireless.o
    0x2000111b   0x00000005   PAD
    0x20001120   0x00000400   Zero   RW         3231    STACK               startup_stm32f103xb.o


==============================================================================

Image component sizes


      Code (inc. data)   RO Data    RW Data    ZI Data      Debug   Object Name

       384         42          0          4        647       5140   computer.o
       172         18          0          0          0        931   gpio.o
       218         20          0          2          0       3696   main.o
        36          8        236          0       1024        756   startup_stm32f103xb.o
       120         16          0          4          0       3530   stm32f1xx_hal.o
       228         14          0          0          0      27273   stm32f1xx_hal_cortex.o
       462         36          0          0          0       3601   stm32f1xx_hal_gpio.o
       128         10          0          0          0        838   stm32f1xx_hal_msp.o
      1846          0          0          0          0      10117   stm32f1xx_hal_pcd.o
        52          0          0          0          0       1170   stm32f1xx_hal_pcd_ex.o
      2042         96          0          0          0       5752   stm32f1xx_hal_rcc.o
       300         12          0          0          0       1320   stm32f1xx_hal_rcc_ex.o
      1144          4          0          0          0       6320   stm32f1xx_hal_uart.o
        78         24          0          0          0       5371   stm32f1xx_it.o
      1654          0          0          0          0      12363   stm32f1xx_ll_usb.o
        72         16         24          4          0       1131   system_stm32f1xx.o
       300         50          0          0        128       2187   usart.o
        56         18          0          0        548        672   usb_device.o
       590         22          0        275          0      12446   usbd_cdc.o
       160         36          0         17        512       5835   usbd_cdc_if.o
       632         30          0          0       1600      12893   usbd_conf.o
       592          0          0          0          0       8988   usbd_core.o
       986         30          0          1          0       7656   usbd_ctlreq.o
       212        116          0         50        512       4903   usbd_desc.o
       132          0          0          0          0     443400   usbd_ioreq.o
       284         56          0         12         56       4288   wireless.o

    ----------------------------------------------------------------------
     12910        674        292        376       5032     592577   Object Totals
         0          0         32          0          0          0   (incl. Generated)
        30          0          0          7          5          0   (incl. Padding)

    ----------------------------------------------------------------------

      Code (inc. data)   RO Data    RW Data    ZI Data      Debug   Library Member Name

        86          0          0          0          0          0   __dczerorl2.o
         0          0          0          0          0          0   entry.o
         0          0          0          0          0          0   entry10a.o
         0          0          0          0          0          0   entry11a.o
         8          4          0          0          0          0   entry2.o
         4          0          0          0          0          0   entry5.o
         0          0          0          0          0          0   entry7b.o
         0          0          0          0          0          0   entry8b.o
         8          4          0          0          0          0   entry9a.o
        30          0          0          0          0          0   handlers.o
        36          8          0          0          0         68   init.o
        36          0          0          0          0         68   memcpya.o

    ----------------------------------------------------------------------
       210         16          0          0          0        136   Library Totals
         2          0          0          0          0          0   (incl. Padding)

    ----------------------------------------------------------------------

      Code (inc. data)   RO Data    RW Data    ZI Data      Debug   Library Name

       208         16          0          0          0        136   mc_w.l

    ----------------------------------------------------------------------
       210         16          0          0          0        136   Library Totals

    ----------------------------------------------------------------------

==============================================================================


      Code (inc. data)   RO Data    RW Data    ZI Data      Debug   

     13120        690        292        376       5032     584157   Grand Totals
     13120        690        292        196       5032     584157   ELF Image Totals (compressed)
     13120        690        292        196          0          0   ROM Totals

==============================================================================

    Total RO  Size (Code + RO Data)                13412 (  13.10kB)
    Total RW  Size (RW Data + ZI Data)              5408 (   5.28kB)
    Total ROM Size (Code + RO Data + RW Data)      13608 (  13.29kB)

==============================================================================

